warning: mathlib: repository '/Users/quantmann/FoundationRelativity/.lake/packages/mathlib' has local changes
⚠ [3077/3078] Replayed Papers.P5_GeneralRelativity.GR.Schwarzschild
warning: Papers/P5_GeneralRelativity/GR/Schwarzschild.lean:118:4: try 'simp' instead of 'simpa'

Note: This linter can be disabled with `set_option linter.unnecessarySimpa false`
warning: Papers/P5_GeneralRelativity/GR/Schwarzschild.lean:487:3: try 'simp' instead of 'simpa'

Note: This linter can be disabled with `set_option linter.unnecessarySimpa false`
warning: Papers/P5_GeneralRelativity/GR/Schwarzschild.lean:496:2: try 'simp' instead of 'simpa'

Note: This linter can be disabled with `set_option linter.unnecessarySimpa false`
warning: Papers/P5_GeneralRelativity/GR/Schwarzschild.lean:501:3: try 'simp' instead of 'simpa'

Note: This linter can be disabled with `set_option linter.unnecessarySimpa false`
warning: Papers/P5_GeneralRelativity/GR/Schwarzschild.lean:515:2: try 'simp' instead of 'simpa'

Note: This linter can be disabled with `set_option linter.unnecessarySimpa false`
warning: Papers/P5_GeneralRelativity/GR/Schwarzschild.lean:914:8: try 'simp' instead of 'simpa'

Note: This linter can be disabled with `set_option linter.unnecessarySimpa false`
warning: Papers/P5_GeneralRelativity/GR/Schwarzschild.lean:1076:19: This simp argument is unused:
  inv_pow

Hint: Omit it from the simp argument list.
  simp [pow_two,̵ ̵i̵n̵v̵_̵p̵o̵w̵]

Note: This linter can be disabled with `set_option linter.unusedSimpArgs false`
warning: Papers/P5_GeneralRelativity/GR/Schwarzschild.lean:1156:4: try 'simp' instead of 'simpa'

Note: This linter can be disabled with `set_option linter.unnecessarySimpa false`
warning: Papers/P5_GeneralRelativity/GR/Schwarzschild.lean:1228:6: try 'simp' instead of 'simpa'

Note: This linter can be disabled with `set_option linter.unnecessarySimpa false`
warning: Papers/P5_GeneralRelativity/GR/Schwarzschild.lean:1229:4: try 'simp' instead of 'simpa'

Note: This linter can be disabled with `set_option linter.unnecessarySimpa false`
warning: Papers/P5_GeneralRelativity/GR/Schwarzschild.lean:1248:6: try 'simp' instead of 'simpa'

Note: This linter can be disabled with `set_option linter.unnecessarySimpa false`
warning: Papers/P5_GeneralRelativity/GR/Schwarzschild.lean:1250:4: try 'simp' instead of 'simpa'

Note: This linter can be disabled with `set_option linter.unnecessarySimpa false`
warning: Papers/P5_GeneralRelativity/GR/Schwarzschild.lean:1266:6: try 'simp' instead of 'simpa'

Note: This linter can be disabled with `set_option linter.unnecessarySimpa false`
warning: Papers/P5_GeneralRelativity/GR/Schwarzschild.lean:1267:4: try 'simp' instead of 'simpa'

Note: This linter can be disabled with `set_option linter.unnecessarySimpa false`
warning: Papers/P5_GeneralRelativity/GR/Schwarzschild.lean:1285:6: try 'simp' instead of 'simpa'

Note: This linter can be disabled with `set_option linter.unnecessarySimpa false`
warning: Papers/P5_GeneralRelativity/GR/Schwarzschild.lean:1287:4: try 'simp' instead of 'simpa'

Note: This linter can be disabled with `set_option linter.unnecessarySimpa false`
warning: Papers/P5_GeneralRelativity/GR/Schwarzschild.lean:1368:13: `Finset.not_mem_singleton` has been deprecated: Use `Finset.notMem_singleton` instead
warning: Papers/P5_GeneralRelativity/GR/Schwarzschild.lean:1367:23: This simp argument is unused:
  Finset.sum_insert

Hint: Omit it from the simp argument list.
  simp only [univ_Idx, F̵i̵n̵s̵e̵t̵.̵s̵u̵m̵_̵i̵n̵s̵e̵r̵t̵,̵ ̵Finset.mem_insert, Finset.mem_singleton, Finset.not_mem_singleton]

Note: This linter can be disabled with `set_option linter.unusedSimpArgs false`
warning: Papers/P5_GeneralRelativity/GR/Schwarzschild.lean:1367:42: This simp argument is unused:
  Finset.mem_insert

Hint: Omit it from the simp argument list.
  simp only [univ_Idx, Finset.sum_insert, F̵i̵n̵s̵e̵t̵.̵m̵e̵m̵_̵i̵n̵s̵e̵r̵t̵,̵ ̵Finset.mem_singleton, Finset.not_mem_singleton]

Note: This linter can be disabled with `set_option linter.unusedSimpArgs false`
warning: Papers/P5_GeneralRelativity/GR/Schwarzschild.lean:1367:61: This simp argument is unused:
  Finset.mem_singleton

Hint: Omit it from the simp argument list.
  simp only [univ_Idx, Finset.sum_insert, Finset.mem_insert, F̵i̵n̵s̵e̵t̵.̵m̵e̵m̵_̵s̵i̵n̵g̵l̵e̵t̵o̵n̵,̵Finset.not_mem_singleton]

Note: This linter can be disabled with `set_option linter.unusedSimpArgs false`
warning: Papers/P5_GeneralRelativity/GR/Schwarzschild.lean:1368:13: This simp argument is unused:
  Finset.not_mem_singleton

Hint: Omit it from the simp argument list.
  simp only [univ_Idx, Finset.sum_insert, Finset.mem_insert, Finset.mem_singleton,̵
  ̵ ̵ ̵ ̵ ̵ ̵ ̵ ̵ ̵ ̵ ̵ ̵ ̵ ̵F̵i̵n̵s̵e̵t̵.̵n̵o̵t̵_̵m̵e̵m̵_̵s̵i̵n̵g̵l̵e̵t̵o̵n̵]

Note: This linter can be disabled with `set_option linter.unusedSimpArgs false`
warning: Papers/P5_GeneralRelativity/GR/Schwarzschild.lean:1369:8: This simp argument is unused:
  add_assoc

Hint: Omit it from the simp argument list.
  simp [̵a̵d̵d̵_̵a̵s̵s̵o̵c̵,̵ ̵a̵d̵d̵_̵c̵o̵m̵m̵,̵[̲a̲d̲d̲_̲c̲o̲m̲m̲,̲ add_left_comm]

Note: This linter can be disabled with `set_option linter.unusedSimpArgs false`
warning: Papers/P5_GeneralRelativity/GR/Schwarzschild.lean:1558:41: try 'simp' instead of 'simpa'

Note: This linter can be disabled with `set_option linter.unnecessarySimpa false`
warning: Papers/P5_GeneralRelativity/GR/Schwarzschild.lean:1561:41: try 'simp' instead of 'simpa'

Note: This linter can be disabled with `set_option linter.unnecessarySimpa false`
warning: Papers/P5_GeneralRelativity/GR/Schwarzschild.lean:1564:41: try 'simp' instead of 'simpa'

Note: This linter can be disabled with `set_option linter.unnecessarySimpa false`
warning: Papers/P5_GeneralRelativity/GR/Schwarzschild.lean:1624:4: try 'simp' instead of 'simpa'

Note: This linter can be disabled with `set_option linter.unnecessarySimpa false`
warning: Papers/P5_GeneralRelativity/GR/Schwarzschild.lean:1629:4: try 'simp' instead of 'simpa'

Note: This linter can be disabled with `set_option linter.unnecessarySimpa false`
warning: Papers/P5_GeneralRelativity/GR/Schwarzschild.lean:1641:6: try 'simp' instead of 'simpa'

Note: This linter can be disabled with `set_option linter.unnecessarySimpa false`
warning: Papers/P5_GeneralRelativity/GR/Schwarzschild.lean:1647:10: This simp argument is unused:
  sq

Hint: Omit it from the simp argument list.
  simp [s̵q̵,̵ ̵pow_two]

Note: This linter can be disabled with `set_option linter.unusedSimpArgs false`
warning: Papers/P5_GeneralRelativity/GR/Schwarzschild.lean:1647:14: This simp argument is unused:
  pow_two

Hint: Omit it from the simp argument list.
  simp [sq,̵ ̵p̵o̵w̵_̵t̵w̵o̵]

Note: This linter can be disabled with `set_option linter.unusedSimpArgs false`
warning: Papers/P5_GeneralRelativity/GR/Schwarzschild.lean:1653:26: This simp argument is unused:
  sq

Hint: Omit it from the simp argument list.
  simp [Real.deriv_sin, s̵q̵,̵ ̵pow_two]

Note: This linter can be disabled with `set_option linter.unusedSimpArgs false`
warning: Papers/P5_GeneralRelativity/GR/Schwarzschild.lean:1653:30: This simp argument is unused:
  pow_two

Hint: Omit it from the simp argument list.
  simp [Real.deriv_sin, sq,̵ ̵p̵o̵w̵_̵t̵w̵o̵]

Note: This linter can be disabled with `set_option linter.unusedSimpArgs false`
warning: Papers/P5_GeneralRelativity/GR/Schwarzschild.lean:1678:13: This simp argument is unused:
  Γtot_t_tr

Hint: Omit it from the simp argument list.
  simp only [̵Γ̵t̵o̵t̵_̵t̵_̵t̵r̵,̵ ̵Γ̵t̵o̵t̵_̵r̵_̵r̵r̵,̵[̲Γ̲t̲o̲t̲_̲r̲_̲r̲r̲,̲ Γtot_θ_rθ, Γtot_φ_rφ, Γtot]

Note: This linter can be disabled with `set_option linter.unusedSimpArgs false`
warning: Papers/P5_GeneralRelativity/GR/Schwarzschild.lean:1678:24: This simp argument is unused:
  Γtot_r_rr

Hint: Omit it from the simp argument list.
  simp only [Γtot_t_tr, Γtot_r̵_̵r̵r̵,̵ ̵Γ̵t̵o̵t̵_̵θ_rθ, Γtot_φ_rφ, Γtot]

Note: This linter can be disabled with `set_option linter.unusedSimpArgs false`
warning: Papers/P5_GeneralRelativity/GR/Schwarzschild.lean:1678:35: This simp argument is unused:
  Γtot_θ_rθ

Hint: Omit it from the simp argument list.
  simp only [Γtot_t_tr, Γtot_r_rr, Γtot_θ̵_̵r̵θ̵,̵ ̵Γ̵t̵o̵t̵_̵φ_rφ, Γtot]

Note: This linter can be disabled with `set_option linter.unusedSimpArgs false`
warning: Papers/P5_GeneralRelativity/GR/Schwarzschild.lean:1678:46: This simp argument is unused:
  Γtot_φ_rφ

Hint: Omit it from the simp argument list.
  simp only [Γtot_t_tr, Γtot_r_rr, Γtot_θ_rθ, Γtot_̵φ̵_̵r̵φ̵,̵ ̵Γ̵t̵o̵t̵]

Note: This linter can be disabled with `set_option linter.unusedSimpArgs false`
warning: Papers/P5_GeneralRelativity/GR/Schwarzschild.lean:1807:13: This simp argument is unused:
  Γtot_r_tt

Hint: Omit it from the simp argument list.
  simp only [̵Γ̵t̵o̵t̵_̵r̵_̵t̵t̵,̵ ̵Γ̵t̵o̵t̵_̵t̵_̵t̵r̵,̵[̲Γ̲t̲o̲t̲_̲t̲_̲t̲r̲,̲ Γtot_r_rr, Γtot_θ_rθ, Γtot_φ_rφ, Γtot_θ_θr, Γtot_φ_φr, Γtot_t_rt, Γtot_θ_rθ,
  ̲  ̲ ̲ ̲Γtot_φ_rφ, Γtot_φ_φr, Γtot_θ_θθ_zero, Γtot_t_θt_zero, Γtot_r_θr_zero, Γtot]

Note: This linter can be disabled with `set_option linter.unusedSimpArgs false`
warning: Papers/P5_GeneralRelativity/GR/Schwarzschild.lean:1807:24: This simp argument is unused:
  Γtot_t_tr

Hint: Omit it from the simp argument list.
  simp only [Γtot_r_tt, Γ̵t̵o̵t̵_̵t̵_̵t̵r̵,̵ ̵Γtot_r_rr, Γtot_θ_rθ, Γtot_φ_rφ, Γtot_θ_θr, Γtot_φ_φr, Γtot_t_rt, Γtot_θ_rθ,
  ̲  ̲ ̲ ̲Γtot_φ_rφ, Γtot_φ_φr, Γtot_θ_θθ_zero, Γtot_t_θt_zero, Γtot_r_θr_zero, Γtot]

Note: This linter can be disabled with `set_option linter.unusedSimpArgs false`
warning: Papers/P5_GeneralRelativity/GR/Schwarzschild.lean:1807:35: This simp argument is unused:
  Γtot_r_rr

Hint: Omit it from the simp argument list.
  simp only [Γtot_r_tt, Γtot_t_tr, Γ̵t̵o̵t̵_̵r̵_̵r̵r̵,̵ ̵Γtot_θ_rθ, Γtot_φ_rφ, Γtot_θ_θr, Γtot_φ_φr, Γtot_t_rt, Γtot_θ_rθ,
  ̲  ̲ ̲ ̲Γtot_φ_rφ, Γtot_φ_φr, Γtot_θ_θθ_zero, Γtot_t_θt_zero, Γtot_r_θr_zero, Γtot]

Note: This linter can be disabled with `set_option linter.unusedSimpArgs false`
warning: Papers/P5_GeneralRelativity/GR/Schwarzschild.lean:1807:46: This simp argument is unused:
  Γtot_θ_rθ

Hint: Omit it from the simp argument list.
  simp only [Γtot_r_tt, Γtot_t_tr, Γtot_r_rr, Γ̵t̵o̵t̵_̵θ̵_̵r̵θ̵,̵ ̵Γtot_φ_rφ, Γtot_θ_θr, Γtot_φ_φr, Γtot_t_rt, Γtot_θ_rθ,
  ̲  ̲ ̲ ̲Γtot_φ_rφ, Γtot_φ_φr, Γtot_θ_θθ_zero, Γtot_t_θt_zero, Γtot_r_θr_zero, Γtot]

Note: This linter can be disabled with `set_option linter.unusedSimpArgs false`
warning: Papers/P5_GeneralRelativity/GR/Schwarzschild.lean:1807:57: This simp argument is unused:
  Γtot_φ_rφ

Hint: Omit it from the simp argument list.
  simp only [Γtot_r_tt, Γtot_t_tr, Γtot_r_rr, Γtot_θ_rθ, Γ̵t̵o̵t̵_̵φ̵_̵r̵φ̵,̵Γtot_θ_θr, Γtot_φ_φr, Γtot_t_rt, Γtot_θ_rθ,
  ̲  ̲ ̲ ̲Γtot_φ_rφ, Γtot_φ_φr, Γtot_θ_θθ_zero, Γtot_t_θt_zero, Γtot_r_θr_zero, Γtot]

Note: This linter can be disabled with `set_option linter.unusedSimpArgs false`
warning: Papers/P5_GeneralRelativity/GR/Schwarzschild.lean:1808:12: This simp argument is unused:
  Γtot_θ_θr

Hint: Omit it from the simp argument list.
  simp only [Γtot_r_tt, Γtot_t_tr, Γtot_r_rr, Γtot_θ_rθ, Γtot_φ_rφ, Γ̵t̵o̵t̵_̵θ̵_̵θ̵r̵,̵ ̵Γtot_φ_φr, Γtot_t_rt, Γtot_θ_rθ,
  ̲  ̲ ̲ ̲Γtot_φ_rφ, Γtot_φ_φr, Γtot_θ_θθ_zero, Γtot_t_θt_zero, Γtot_r_θr_zero, Γtot]

Note: This linter can be disabled with `set_option linter.unusedSimpArgs false`
warning: Papers/P5_GeneralRelativity/GR/Schwarzschild.lean:1808:23: This simp argument is unused:
  Γtot_φ_φr

Hint: Omit it from the simp argument list.
  simp only [Γtot_r_tt, Γtot_t_tr, Γtot_r_rr, Γtot_θ_rθ, Γtot_φ_rφ, Γtot_θ_θr, Γ̵t̵o̵t̵_̵φ̵_̵φ̵r̵,̵ ̵Γtot_t_rt, Γtot_θ_rθ,
  ̲  ̲ ̲ ̲Γtot_φ_rφ, Γtot_φ_φr, Γtot_θ_θθ_zero, Γtot_t_θt_zero, Γtot_r_θr_zero, Γtot]

Note: This linter can be disabled with `set_option linter.unusedSimpArgs false`
warning: Papers/P5_GeneralRelativity/GR/Schwarzschild.lean:1808:34: This simp argument is unused:
  Γtot_t_rt

Hint: Omit it from the simp argument list.
  simp only [Γtot_r_tt, Γtot_t_tr, Γtot_r_rr, Γtot_θ_rθ, Γtot_φ_rφ, Γtot_θ_θr, Γtot_φ_φr, Γ̵t̵o̵t̵_̵t̵_̵r̵t̵,̵ ̵Γtot_θ_rθ,
  ̲  ̲ ̲ ̲Γtot_φ_rφ, Γtot_φ_φr, Γtot_θ_θθ_zero, Γtot_t_θt_zero, Γtot_r_θr_zero, Γtot]

Note: This linter can be disabled with `set_option linter.unusedSimpArgs false`
warning: Papers/P5_GeneralRelativity/GR/Schwarzschild.lean:1808:45: This simp argument is unused:
  Γtot_θ_rθ

Hint: Omit it from the simp argument list.
  simp only [Γtot_r_tt, Γtot_t_tr, Γtot_r_rr, Γtot_θ_rθ, Γtot_φ_rφ, Γtot_θ_θr, Γtot_φ_φr, Γtot_t_rt,
  ̲  ̲ ̲ ̲Γ̵t̵o̵t̵_̵θ̵_̵r̵θ̵,̵ ̵Γtot_φ_rφ, Γtot_φ_φr, Γtot_θ_θθ_zero, Γtot_t_θt_zero, Γtot_r_θr_zero, Γtot]

Note: This linter can be disabled with `set_option linter.unusedSimpArgs false`
warning: Papers/P5_GeneralRelativity/GR/Schwarzschild.lean:1808:56: This simp argument is unused:
  Γtot_φ_rφ

Hint: Omit it from the simp argument list.
  simp only [Γtot_r_tt, Γtot_t_tr, Γtot_r_rr, Γtot_θ_rθ, Γtot_φ_rφ, Γtot_θ_θr, Γtot_φ_φr, Γtot_t_rt,
  ̲  ̲ ̲ ̲Γtot_θ_rθ, Γ̵t̵o̵t̵_̵φ̵_̵r̵φ̵,̵ ̵Γtot_φ_φr, Γtot_θ_θθ_zero, Γtot_t_θt_zero, Γtot_r_θr_zero, Γtot]

Note: This linter can be disabled with `set_option linter.unusedSimpArgs false`
warning: Papers/P5_GeneralRelativity/GR/Schwarzschild.lean:1808:67: This simp argument is unused:
  Γtot_φ_φr

Hint: Omit it from the simp argument list.
  simp only [Γtot_r_tt, Γtot_t_tr, Γtot_r_rr, Γtot_θ_rθ, Γtot_φ_rφ, Γtot_θ_θr, Γtot_φ_φr, Γtot_t_rt,
  ̲  ̲ ̲ ̲Γtot_θ_rθ, Γtot_φ_rφ, Γ̵t̵o̵t̵_̵φ̵_̵φ̵r̵,̵Γtot_θ_θθ_zero, Γtot_t_θt_zero, Γtot_r_θr_zero, Γtot]

Note: This linter can be disabled with `set_option linter.unusedSimpArgs false`
warning: Papers/P5_GeneralRelativity/GR/Schwarzschild.lean:1809:12: This simp argument is unused:
  Γtot_θ_θθ_zero

Hint: Omit it from the simp argument list.
  simp only [Γtot_r_tt, Γtot_t_tr, Γtot_r_rr, Γtot_θ_rθ, Γtot_φ_rφ, Γtot_θ_θr, Γtot_φ_φr, Γtot_t_rt,
  ̲  ̲ ̲ ̲Γtot_θ_rθ, Γtot_φ_rφ, Γtot_φ_φr, Γ̵t̵o̵t̵_̵θ̵_̵θ̵θ̵_̵z̵e̵r̵o̵,̵ ̵Γtot_t_θt_zero, Γtot_r_θr_zero, Γtot]

Note: This linter can be disabled with `set_option linter.unusedSimpArgs false`
warning: Papers/P5_GeneralRelativity/GR/Schwarzschild.lean:1809:28: This simp argument is unused:
  Γtot_t_θt_zero

Hint: Omit it from the simp argument list.
  simp only [Γtot_r_tt, Γtot_t_tr, Γtot_r_rr, Γtot_θ_rθ, Γtot_φ_rφ, Γtot_θ_θr, Γtot_φ_φr, Γtot_t_rt,
  ̲  ̲ ̲ ̲Γtot_θ_rθ, Γtot_φ_rφ, Γtot_φ_φr, Γtot_θ_θθ_zero, Γ̵t̵o̵t̵_̵t̵_̵θ̵t̵_̵z̵e̵r̵o̵,̵ ̵Γtot_r_θr_zero, Γtot]

Note: This linter can be disabled with `set_option linter.unusedSimpArgs false`
warning: Papers/P5_GeneralRelativity/GR/Schwarzschild.lean:1809:44: This simp argument is unused:
  Γtot_r_θr_zero

Hint: Omit it from the simp argument list.
  simp only [Γtot_r_tt, Γtot_t_tr, Γtot_r_rr, Γtot_θ_rθ, Γtot_φ_rφ, Γtot_θ_θr, Γtot_φ_φr, Γtot_t_rt,
  ̲  ̲ ̲ ̲Γtot_θ_rθ, Γtot_φ_rφ, Γtot_φ_φr, Γtot_θ_θθ_zero, Γtot_t_θt_zero, Γ̵t̵o̵t̵_̵r̵_̵θ̵r̵_̵z̵e̵r̵o̵,̵ ̵Γtot]

Note: This linter can be disabled with `set_option linter.unusedSimpArgs false`
warning: Papers/P5_GeneralRelativity/GR/Schwarzschild.lean:1827:14: try 'simp' instead of 'simpa'

Note: This linter can be disabled with `set_option linter.unnecessarySimpa false`
warning: Papers/P5_GeneralRelativity/GR/Schwarzschild.lean:1833:13: This simp argument is unused:
  Γtot_r_rr

Hint: Omit it from the simp argument list.
  simp only [̵Γ̵t̵o̵t̵_̵r̵_̵r̵r̵,̵ ̵Γ̵t̵o̵t̵_̵t̵_̵t̵r̵,̵[̲Γ̲t̲o̲t̲_̲t̲_̲t̲r̲,̲ Γtot_θ_rθ, Γtot_φ_rφ, Γtot_t_rt, Γtot_θ_θr, Γtot_φ_φr, Γtot_θ_θθ_zero,
  ̲  ̲ ̲ ̲Γtot_t_θt_zero, Γtot_r_θr_zero, Γtot]

Note: This linter can be disabled with `set_option linter.unusedSimpArgs false`
warning: Papers/P5_GeneralRelativity/GR/Schwarzschild.lean:1833:24: This simp argument is unused:
  Γtot_t_tr

Hint: Omit it from the simp argument list.
  simp only [Γtot_r_rr, Γ̵t̵o̵t̵_̵t̵_̵t̵r̵,̵ ̵Γtot_θ_rθ, Γtot_φ_rφ, Γtot_t_rt, Γtot_θ_θr, Γtot_φ_φr, Γtot_θ_θθ_zero,
  ̲  ̲ ̲ ̲Γtot_t_θt_zero, Γtot_r_θr_zero, Γtot]

Note: This linter can be disabled with `set_option linter.unusedSimpArgs false`
warning: Papers/P5_GeneralRelativity/GR/Schwarzschild.lean:1833:35: This simp argument is unused:
  Γtot_θ_rθ

Hint: Omit it from the simp argument list.
  simp only [Γtot_r_rr, Γtot_t_tr, Γ̵t̵o̵t̵_̵θ̵_̵r̵θ̵,̵ ̵Γtot_φ_rφ, Γtot_t_rt, Γtot_θ_θr, Γtot_φ_φr, Γtot_θ_θθ_zero,
  ̲  ̲ ̲ ̲Γtot_t_θt_zero, Γtot_r_θr_zero, Γtot]

Note: This linter can be disabled with `set_option linter.unusedSimpArgs false`
warning: Papers/P5_GeneralRelativity/GR/Schwarzschild.lean:1833:46: This simp argument is unused:
  Γtot_φ_rφ

Hint: Omit it from the simp argument list.
  simp only [Γtot_r_rr, Γtot_t_tr, Γtot_θ_rθ, Γ̵t̵o̵t̵_̵φ̵_̵r̵φ̵,̵ ̵Γtot_t_rt, Γtot_θ_θr, Γtot_φ_φr, Γtot_θ_θθ_zero,
  ̲  ̲ ̲ ̲Γtot_t_θt_zero, Γtot_r_θr_zero, Γtot]

Note: This linter can be disabled with `set_option linter.unusedSimpArgs false`
warning: Papers/P5_GeneralRelativity/GR/Schwarzschild.lean:1833:57: This simp argument is unused:
  Γtot_t_rt

Hint: Omit it from the simp argument list.
  simp only [Γtot_r_rr, Γtot_t_tr, Γtot_θ_rθ, Γtot_φ_rφ, Γ̵t̵o̵t̵_̵t̵_̵r̵t̵,̵ ̵Γtot_θ_θr, Γtot_φ_φr, Γtot_θ_θθ_zero,
  ̲  ̲ ̲ ̲Γtot_t_θt_zero, Γtot_r_θr_zero, Γtot]

Note: This linter can be disabled with `set_option linter.unusedSimpArgs false`
warning: Papers/P5_GeneralRelativity/GR/Schwarzschild.lean:1833:68: This simp argument is unused:
  Γtot_θ_θr

Hint: Omit it from the simp argument list.
  simp only [Γtot_r_rr, Γtot_t_tr, Γtot_θ_rθ, Γtot_φ_rφ, Γtot_t_rt, Γ̵t̵o̵t̵_̵θ̵_̵θ̵r̵,̵ ̵Γtot_φ_φr, Γtot_θ_θθ_zero,
  ̲  ̲ ̲ ̲Γtot_t_θt_zero, Γtot_r_θr_zero, Γtot]

Note: This linter can be disabled with `set_option linter.unusedSimpArgs false`
warning: Papers/P5_GeneralRelativity/GR/Schwarzschild.lean:1833:79: This simp argument is unused:
  Γtot_φ_φr

Hint: Omit it from the simp argument list.
  simp only [Γtot_r_rr, Γtot_t_tr, Γtot_θ_rθ, Γtot_φ_rφ, Γtot_t_rt, Γtot_θ_θr, Γ̵t̵o̵t̵_̵φ̵_̵φ̵r̵,̵Γtot_θ_θθ_zero,
      Γtot_t_θt_zero, Γtot_r_θr_zero, Γtot]

Note: This linter can be disabled with `set_option linter.unusedSimpArgs false`
warning: Papers/P5_GeneralRelativity/GR/Schwarzschild.lean:1834:12: This simp argument is unused:
  Γtot_θ_θθ_zero

Hint: Omit it from the simp argument list.
  simp only [Γtot_r_rr, Γtot_t_tr, Γtot_θ_rθ, Γtot_φ_rφ, Γtot_t_rt, Γtot_θ_θr, Γtot_φ_φr,
       ̵ ̵ ̵ ̵ ̵ ̵ ̵ ̵Γtot_θ̵_̵θ̵θ̵_̵z̵e̵r̵o̵,̵ ̵Γ̵to̵t̵_t̵_̵θt_zero, Γtot_r_θr_zero, Γtot]

Note: This linter can be disabled with `set_option linter.unusedSimpArgs false`
warning: Papers/P5_GeneralRelativity/GR/Schwarzschild.lean:1834:28: This simp argument is unused:
  Γtot_t_θt_zero

Hint: Omit it from the simp argument list.
  simp only [Γtot_r_rr, Γtot_t_tr, Γtot_θ_rθ, Γtot_φ_rφ, Γtot_t_rt, Γtot_θ_θr, Γtot_φ_φr,
      Γtot_θ_θθ_zero, Γ̵t̵o̵t̵_̵t̵_̵θ̵t̵_̵z̵e̵r̵o̵,̵ ̵Γtot_r_θr_zero, Γtot]

Note: This linter can be disabled with `set_option linter.unusedSimpArgs false`
warning: Papers/P5_GeneralRelativity/GR/Schwarzschild.lean:1834:44: This simp argument is unused:
  Γtot_r_θr_zero

Hint: Omit it from the simp argument list.
  simp only [Γtot_r_rr, Γtot_t_tr, Γtot_θ_rθ, Γtot_φ_rφ, Γtot_t_rt, Γtot_θ_θr, Γtot_φ_φr,
      Γtot_θ_θθ_zero, Γtot_t_θt_zero, Γ̵t̵o̵t̵_̵r̵_̵θ̵r̵_̵z̵e̵r̵o̵,̵ ̵Γtot]

Note: This linter can be disabled with `set_option linter.unusedSimpArgs false`
warning: Papers/P5_GeneralRelativity/GR/Schwarzschild.lean:1835:45: This simp argument is unused:
  traceGamma_r_expand

Hint: Omit it from the simp argument list.
  simp only [Γ_r_rr, Γ_t_tr, Γ_θ_rθ, Γ_φ_rφ,̵ ̵t̵r̵a̵c̵e̵G̵a̵m̵m̵a̵_̵r̵_̵e̵x̵p̵a̵n̵d̵]

Note: This linter can be disabled with `set_option linter.unusedSimpArgs false`
warning: Papers/P5_GeneralRelativity/GR/Schwarzschild.lean:1851:15: This simp argument is unused:
  Γtot_φ_φθ

Hint: Omit it from the simp argument list.
  simp only [Γtot_̵φ̵_̵φ̵θ̵,̵ ̵Γ̵t̵o̵t̵]

Note: This linter can be disabled with `set_option linter.unusedSimpArgs false`
warning: Papers/P5_GeneralRelativity/GR/Schwarzschild.lean:1859:5: try 'simp' instead of 'simpa'

Note: This linter can be disabled with `set_option linter.unnecessarySimpa false`
warning: Papers/P5_GeneralRelativity/GR/Schwarzschild.lean:1886:6: try 'simp' instead of 'simpa'

Note: This linter can be disabled with `set_option linter.unnecessarySimpa false`
warning: Papers/P5_GeneralRelativity/GR/Schwarzschild.lean:1899:17: This simp argument is unused:
  Γtot_r_θθ

Hint: Omit it from the simp argument list.
  simp only [̵Γ̵t̵o̵t̵_̵r̵_̵θ̵θ̵,̵ ̵Γ̵t̵o̵t̵_̵θ̵_̵θ̵θ̵_̵z̵e̵r̵o̵,̵[̲Γ̲t̲o̲t̲_̲θ̲_̲θ̲θ̲_̲z̲e̲r̲o̲,̲ Γtot_t_θt_zero, Γtot]

Note: This linter can be disabled with `set_option linter.unusedSimpArgs false`
warning: Papers/P5_GeneralRelativity/GR/Schwarzschild.lean:1899:28: This simp argument is unused:
  Γtot_θ_θθ_zero

Hint: Omit it from the simp argument list.
  simp only [Γtot_r_θθ, Γ̵t̵o̵t̵_̵θ̵_̵θ̵θ̵_̵z̵e̵r̵o̵,̵ ̵Γtot_t_θt_zero, Γtot]

Note: This linter can be disabled with `set_option linter.unusedSimpArgs false`
warning: Papers/P5_GeneralRelativity/GR/Schwarzschild.lean:1899:44: This simp argument is unused:
  Γtot_t_θt_zero

Hint: Omit it from the simp argument list.
  simp only [Γtot_r_θθ, Γtot_θ_θθ_zero, Γtot_̵t̵_̵θ̵t̵_̵z̵e̵r̵o̵,̵ ̵Γ̵t̵o̵t̵]

Note: This linter can be disabled with `set_option linter.unusedSimpArgs false`
warning: Papers/P5_GeneralRelativity/GR/Schwarzschild.lean:1907:15: This simp argument is unused:
  Γtot_r_θθ

Hint: Omit it from the simp argument list.
  simp only [̵Γ̵t̵o̵t̵_̵r̵_̵θ̵θ̵,̵ ̵Γ̵t̵o̵t̵_̵θ̵_̵r̵θ̵,̵[̲Γ̲t̲o̲t̲_̲θ̲_̲r̲θ̲,̲ Γtot_φ_θφ, Γtot_θ_θr, Γtot_φ_φθ, Γtot_t_tr, Γtot_r_rr, Γtot_φ_rφ,
  ̲  ̲ ̲ ̲ ̲ ̲Γtot_φ_φr, Γtot_θ_θθ_zero, Γtot_t_θt_zero, Γtot_r_θr_zero, Γtot]

Note: This linter can be disabled with `set_option linter.unusedSimpArgs false`
warning: Papers/P5_GeneralRelativity/GR/Schwarzschild.lean:1907:26: This simp argument is unused:
  Γtot_θ_rθ

Hint: Omit it from the simp argument list.
  simp only [Γtot_r_θθ, Γ̵t̵o̵t̵_̵θ̵_̵r̵θ̵,̵ ̵Γtot_φ_θφ, Γtot_θ_θr, Γtot_φ_φθ, Γtot_t_tr, Γtot_r_rr, Γtot_φ_rφ,
  ̲  ̲ ̲ ̲ ̲ ̲Γtot_φ_φr, Γtot_θ_θθ_zero, Γtot_t_θt_zero, Γtot_r_θr_zero, Γtot]

Note: This linter can be disabled with `set_option linter.unusedSimpArgs false`
warning: Papers/P5_GeneralRelativity/GR/Schwarzschild.lean:1907:37: This simp argument is unused:
  Γtot_φ_θφ

Hint: Omit it from the simp argument list.
  simp only [Γtot_r_θθ, Γtot_θ_rθ, Γ̵t̵o̵t̵_̵φ̵_̵θ̵φ̵,̵ ̵Γtot_θ_θr, Γtot_φ_φθ, Γtot_t_tr, Γtot_r_rr, Γtot_φ_rφ,
  ̲  ̲ ̲ ̲ ̲ ̲Γtot_φ_φr, Γtot_θ_θθ_zero, Γtot_t_θt_zero, Γtot_r_θr_zero, Γtot]

Note: This linter can be disabled with `set_option linter.unusedSimpArgs false`
warning: Papers/P5_GeneralRelativity/GR/Schwarzschild.lean:1907:48: This simp argument is unused:
  Γtot_θ_θr

Hint: Omit it from the simp argument list.
  simp only [Γtot_r_θθ, Γtot_θ_rθ, Γtot_φ_θφ, Γ̵t̵o̵t̵_̵θ̵_̵θ̵r̵,̵ ̵Γtot_φ_φθ, Γtot_t_tr, Γtot_r_rr, Γtot_φ_rφ,
  ̲  ̲ ̲ ̲ ̲ ̲Γtot_φ_φr, Γtot_θ_θθ_zero, Γtot_t_θt_zero, Γtot_r_θr_zero, Γtot]

Note: This linter can be disabled with `set_option linter.unusedSimpArgs false`
warning: Papers/P5_GeneralRelativity/GR/Schwarzschild.lean:1907:59: This simp argument is unused:
  Γtot_φ_φθ

Hint: Omit it from the simp argument list.
  simp only [Γtot_r_θθ, Γtot_θ_rθ, Γtot_φ_θφ, Γtot_θ_θr, Γ̵t̵o̵t̵_̵φ̵_̵φ̵θ̵,̵Γtot_t_tr, Γtot_r_rr, Γtot_φ_rφ,
  ̲  ̲ ̲ ̲ ̲ ̲Γtot_φ_φr, Γtot_θ_θθ_zero, Γtot_t_θt_zero, Γtot_r_θr_zero, Γtot]

Note: This linter can be disabled with `set_option linter.unusedSimpArgs false`
warning: Papers/P5_GeneralRelativity/GR/Schwarzschild.lean:1908:14: This simp argument is unused:
  Γtot_t_tr

Hint: Omit it from the simp argument list.
  simp only [Γtot_r_θθ, Γtot_θ_rθ, Γtot_φ_θφ, Γtot_θ_θr, Γtot_φ_φθ, Γ̵t̵o̵t̵_̵t̵_̵t̵r̵,̵ ̵Γtot_r_rr, Γtot_φ_rφ,
  ̲  ̲ ̲ ̲ ̲ ̲Γtot_φ_φr, Γtot_θ_θθ_zero, Γtot_t_θt_zero, Γtot_r_θr_zero, Γtot]

Note: This linter can be disabled with `set_option linter.unusedSimpArgs false`
warning: Papers/P5_GeneralRelativity/GR/Schwarzschild.lean:1908:25: This simp argument is unused:
  Γtot_r_rr

Hint: Omit it from the simp argument list.
  simp only [Γtot_r_θθ, Γtot_θ_rθ, Γtot_φ_θφ, Γtot_θ_θr, Γtot_φ_φθ, Γtot_t_tr, Γ̵t̵o̵t̵_̵r̵_̵r̵r̵,̵ ̵Γtot_φ_rφ,
  ̲  ̲ ̲ ̲ ̲ ̲Γtot_φ_φr, Γtot_θ_θθ_zero, Γtot_t_θt_zero, Γtot_r_θr_zero, Γtot]

Note: This linter can be disabled with `set_option linter.unusedSimpArgs false`
warning: Papers/P5_GeneralRelativity/GR/Schwarzschild.lean:1908:36: This simp argument is unused:
  Γtot_φ_rφ

Hint: Omit it from the simp argument list.
  simp only [Γtot_r_θθ, Γtot_θ_rθ, Γtot_φ_θφ, Γtot_θ_θr, Γtot_φ_φθ, Γtot_t_tr, Γtot_r_rr,
  ̲  ̲ ̲ ̲ ̲ ̲Γ̵t̵o̵t̵_̵φ̵_̵r̵φ̵,̵ ̵Γtot_φ_φr, Γtot_θ_θθ_zero, Γtot_t_θt_zero, Γtot_r_θr_zero, Γtot]

Note: This linter can be disabled with `set_option linter.unusedSimpArgs false`
warning: Papers/P5_GeneralRelativity/GR/Schwarzschild.lean:1908:47: This simp argument is unused:
  Γtot_φ_φr

Hint: Omit it from the simp argument list.
  simp only [Γtot_r_θθ, Γtot_θ_rθ, Γtot_φ_θφ, Γtot_θ_θr, Γtot_φ_φθ, Γtot_t_tr, Γtot_r_rr,
  ̲  ̲ ̲ ̲ ̲ ̲Γtot_φ_rφ, Γ̵t̵o̵t̵_̵φ̵_̵φ̵r̵,̵Γtot_θ_θθ_zero, Γtot_t_θt_zero, Γtot_r_θr_zero, Γtot]

Note: This linter can be disabled with `set_option linter.unusedSimpArgs false`
warning: Papers/P5_GeneralRelativity/GR/Schwarzschild.lean:1909:14: This simp argument is unused:
  Γtot_θ_θθ_zero

Hint: Omit it from the simp argument list.
  simp only [Γtot_r_θθ, Γtot_θ_rθ, Γtot_φ_θφ, Γtot_θ_θr, Γtot_φ_φθ, Γtot_t_tr, Γtot_r_rr,
  ̲  ̲ ̲ ̲ ̲ ̲Γtot_φ_rφ, Γtot_φ_φr, Γ̵t̵o̵t̵_̵θ̵_̵θ̵θ̵_̵z̵e̵r̵o̵,̵ ̵Γtot_t_θt_zero, Γtot_r_θr_zero, Γtot]

Note: This linter can be disabled with `set_option linter.unusedSimpArgs false`
warning: Papers/P5_GeneralRelativity/GR/Schwarzschild.lean:1909:30: This simp argument is unused:
  Γtot_t_θt_zero

Hint: Omit it from the simp argument list.
  simp only [Γtot_r_θθ, Γtot_θ_rθ, Γtot_φ_θφ, Γtot_θ_θr, Γtot_φ_φθ, Γtot_t_tr, Γtot_r_rr,
  ̲  ̲ ̲ ̲ ̲ ̲Γtot_φ_rφ, Γtot_φ_φr, Γtot_θ_θθ_zero, Γ̵t̵o̵t̵_̵t̵_̵θ̵t̵_̵z̵e̵r̵o̵,̵ ̵Γtot_r_θr_zero, Γtot]

Note: This linter can be disabled with `set_option linter.unusedSimpArgs false`
warning: Papers/P5_GeneralRelativity/GR/Schwarzschild.lean:1909:46: This simp argument is unused:
  Γtot_r_θr_zero

Hint: Omit it from the simp argument list.
  simp only [Γtot_r_θθ, Γtot_θ_rθ, Γtot_φ_θφ, Γtot_θ_θr, Γtot_φ_φθ, Γtot_t_tr, Γtot_r_rr,
  ̲  ̲ ̲ ̲ ̲ ̲Γtot_φ_rφ, Γtot_φ_φr, Γtot_θ_θθ_zero, Γtot_t_θt_zero, Γ̵t̵o̵t̵_̵r̵_̵θ̵r̵_̵z̵e̵r̵o̵,̵ ̵Γtot]

Note: This linter can be disabled with `set_option linter.unusedSimpArgs false`
warning: Papers/P5_GeneralRelativity/GR/Schwarzschild.lean:1910:15: This simp argument is unused:
  deriv_traceGamma_theta

Hint: Omit it from the simp argument list.
  simp only [d̵e̵r̵i̵v̵_̵t̵r̵a̵c̵e̵G̵a̵m̵m̵a̵_̵t̵h̵e̵t̵a̵,̵ ̵Γ_r_θθ, Γ_θ_rθ, Γ_φ_θφ, Γ_t_tr, Γ_r_rr, Γ_φ_rφ, traceGamma_r_expand]

Note: This linter can be disabled with `set_option linter.unusedSimpArgs false`
warning: Papers/P5_GeneralRelativity/GR/Schwarzschild.lean:1910:87: This simp argument is unused:
  traceGamma_r_expand

Hint: Omit it from the simp argument list.
  simp only [deriv_traceGamma_theta, Γ_r_θθ, Γ_θ_rθ, Γ_φ_θφ, Γ_t_tr, Γ_r_rr, Γ_φ_rφ,̵ ̵t̵r̵a̵c̵e̵G̵a̵m̵m̵a̵_̵r̵_̵e̵x̵p̵a̵n̵d̵]

Note: This linter can be disabled with `set_option linter.unusedSimpArgs false`
warning: Papers/P5_GeneralRelativity/GR/Schwarzschild.lean:1913:15: This simp argument is unused:
  Γtot_r_θθ

Hint: Omit it from the simp argument list.
  simp only [Γ̵t̵o̵t̵_̵r̵_̵θ̵θ̵,̵ ̵deriv_const]

Note: This linter can be disabled with `set_option linter.unusedSimpArgs false`
warning: Papers/P5_GeneralRelativity/GR/Schwarzschild.lean:1933:15: This simp argument is unused:
  Γtot_r_φφ

Hint: Omit it from the simp argument list.
  simp only [Γtot_r̵_̵φφ̵,̵ ̵Γ̵t̵o̵t̵_φ̵_̵rφ, Γtot_φ_θφ, Γtot_φ_φr, Γtot_φ_φθ, Γtot]

Note: This linter can be disabled with `set_option linter.unusedSimpArgs false`
warning: Papers/P5_GeneralRelativity/GR/Schwarzschild.lean:1933:26: This simp argument is unused:
  Γtot_φ_rφ

Hint: Omit it from the simp argument list.
  simp only [Γtot_r_φφ, Γtot_φ_r̵φ̵,̵ ̵Γ̵t̵o̵t̵_̵φ̵_̵θφ, Γtot_φ_φr, Γtot_φ_φθ, Γtot]

Note: This linter can be disabled with `set_option linter.unusedSimpArgs false`
warning: Papers/P5_GeneralRelativity/GR/Schwarzschild.lean:1933:37: This simp argument is unused:
  Γtot_φ_θφ

Hint: Omit it from the simp argument list.
  simp only [Γtot_r_φφ, Γtot_φ_rφ, Γtot_φ_θ̵φ,̵ ̵Γ̵t̵o̵t̵_̵φ̵_̵φ̵r, Γtot_φ_φθ, Γtot]

Note: This linter can be disabled with `set_option linter.unusedSimpArgs false`
warning: Papers/P5_GeneralRelativity/GR/Schwarzschild.lean:1933:48: This simp argument is unused:
  Γtot_φ_φr

Hint: Omit it from the simp argument list.
  simp only [Γtot_r_φφ, Γtot_φ_rφ, Γtot_φ_θφ, Γtot_φ_φr̵,̵ ̵Γ̵t̵o̵t̵_̵φ̵_̵φ̵θ, Γtot]

Note: This linter can be disabled with `set_option linter.unusedSimpArgs false`
warning: Papers/P5_GeneralRelativity/GR/Schwarzschild.lean:1933:59: This simp argument is unused:
  Γtot_φ_φθ

Hint: Omit it from the simp argument list.
  simp only [Γtot_r_φφ, Γtot_φ_rφ, Γtot_φ_θφ, Γtot_φ_φr, Γtot_̵φ̵_̵φ̵θ̵,̵ ̵Γ̵t̵o̵t̵]

Note: This linter can be disabled with `set_option linter.unusedSimpArgs false`
warning: Papers/P5_GeneralRelativity/GR/Schwarzschild.lean:1934:39: This simp argument is unused:
  traceGamma_r_expand

Hint: Omit it from the simp argument list.
  simp only [Γ_r_φφ, Γ_φ_rφ, Γ_φ_θφ,̵ ̵t̵r̵a̵c̵e̵G̵a̵m̵m̵a̵_̵r̵_̵e̵x̵p̵a̵n̵d̵]

Note: This linter can be disabled with `set_option linter.unusedSimpArgs false`
warning: Papers/P5_GeneralRelativity/GR/Schwarzschild.lean:1950:14: try 'simp' instead of 'simpa'

Note: This linter can be disabled with `set_option linter.unnecessarySimpa false`
warning: Papers/P5_GeneralRelativity/GR/Schwarzschild.lean:1957:4: try 'simp' instead of 'simpa'

Note: This linter can be disabled with `set_option linter.unnecessarySimpa false`
warning: Papers/P5_GeneralRelativity/GR/Schwarzschild.lean:2002:22: This simp argument is unused:
  neg_neg

Hint: Omit it from the simp argument list.
  simp only [neg_mul, n̵e̵g̵_̵n̵e̵g̵,̵ ̵mul_div_assoc]

Note: This linter can be disabled with `set_option linter.unusedSimpArgs false`
warning: Papers/P5_GeneralRelativity/GR/Schwarzschild.lean:2039:4: try 'simp' instead of 'simpa'

Note: This linter can be disabled with `set_option linter.unnecessarySimpa false`
warning: Papers/P5_GeneralRelativity/GR/Schwarzschild.lean:2046:2: try 'simp' instead of 'simpa'

Note: This linter can be disabled with `set_option linter.unnecessarySimpa false`
warning: Papers/P5_GeneralRelativity/GR/Schwarzschild.lean:2049:32: unused variable `hr0`

Note: This linter can be disabled with `set_option linter.unusedVariables false`
warning: Papers/P5_GeneralRelativity/GR/Schwarzschild.lean:2057:46: This simp argument is unused:
  mul_left_comm

Hint: Omit it from the simp argument list.
  simp [Γ_r_φφ, Γ_r_θθ, mul_comm, mul_l̵e̵f̵t̵_̵c̵o̵m̵m̵,̵ ̵m̵u̵l̵_̵assoc]

Note: This linter can be disabled with `set_option linter.unusedSimpArgs false`
warning: Papers/P5_GeneralRelativity/GR/Schwarzschild.lean:2057:61: This simp argument is unused:
  mul_assoc

Hint: Omit it from the simp argument list.
  simp [Γ_r_φφ, Γ_r_θθ, mul_comm, mul_left_comm,̵ ̵m̵u̵l̵_̵a̵s̵s̵o̵c̵]

Note: This linter can be disabled with `set_option linter.unusedSimpArgs false`
warning: Papers/P5_GeneralRelativity/GR/Schwarzschild.lean:2067:32: This simp argument is unused:
  hdiff

Hint: Omit it from the simp argument list.
  simp [deriv_const_mul_field',̵ ̵h̵d̵i̵f̵f̵]

Note: This linter can be disabled with `set_option linter.unusedSimpArgs false`
warning: Papers/P5_GeneralRelativity/GR/Schwarzschild.lean:2093:30: This simp argument is unused:
  neg_mul

Hint: Omit it from the simp argument list.
  simp only [this, mul_neg,̵ ̵n̵e̵g̵_̵m̵u̵l̵]

Note: This linter can be disabled with `set_option linter.unusedSimpArgs false`
warning: Papers/P5_GeneralRelativity/GR/Schwarzschild.lean:2204:8: This simp argument is unused:
  Γ_r_θθ

Hint: Omit it from the simp argument list.
  simp [Γ_r_θ̵θ̵,̵ ̵Γ̵_̵r̵_̵φφ, Γ_φ_rφ, Γ_φ_θφ, Γ_θ_φφ, Γ_t_tr, Γ_r_rr, Γ_θ_rθ, Γ_φ_rφ, f]

Note: This linter can be disabled with `set_option linter.unusedSimpArgs false`
warning: Papers/P5_GeneralRelativity/GR/Schwarzschild.lean:2211:31: unused variable `hr`

Note: This linter can be disabled with `set_option linter.unusedVariables false`
warning: Papers/P5_GeneralRelativity/GR/Schwarzschild.lean:2221:59: Used `tac1 <;> tac2` where `(tac1; tac2)` would suffice

Note: This linter can be disabled with `set_option linter.unnecessarySeqFocus false`
warning: Papers/P5_GeneralRelativity/GR/Schwarzschild.lean:2268:34: unused variable `r`

Note: This linter can be disabled with `set_option linter.unusedVariables false`
warning: Papers/P5_GeneralRelativity/GR/Schwarzschild.lean:2268:36: unused variable `θ`

Note: This linter can be disabled with `set_option linter.unusedVariables false`
warning: Papers/P5_GeneralRelativity/GR/Schwarzschild.lean:2268:47: unused variable `hr`

Note: This linter can be disabled with `set_option linter.unusedVariables false`
warning: Papers/P5_GeneralRelativity/GR/Schwarzschild.lean:2274:21: unused variable `coords`

Note: This linter can be disabled with `set_option linter.unusedVariables false`
warning: Papers/P5_GeneralRelativity/GR/Schwarzschild.lean:2303:5: unused variable `engine`

Note: This linter can be disabled with `set_option linter.unusedVariables false`
✖ [3078/3078] Building Papers.P5_GeneralRelativity.GR.Riemann (22s)
trace: .> LEAN_PATH=/Users/quantmann/FoundationRelativity/.lake/packages/Cli/.lake/build/lib/lean:/Users/quantmann/FoundationRelativity/.lake/packages/batteries/.lake/build/lib/lean:/Users/quantmann/FoundationRelativity/.lake/packages/Qq/.lake/build/lib/lean:/Users/quantmann/FoundationRelativity/.lake/packages/aesop/.lake/build/lib/lean:/Users/quantmann/FoundationRelativity/.lake/packages/proofwidgets/.lake/build/lib/lean:/Users/quantmann/FoundationRelativity/.lake/packages/importGraph/.lake/build/lib/lean:/Users/quantmann/FoundationRelativity/.lake/packages/LeanSearchClient/.lake/build/lib/lean:/Users/quantmann/FoundationRelativity/.lake/packages/plausible/.lake/build/lib/lean:/Users/quantmann/FoundationRelativity/.lake/packages/mathlib/.lake/build/lib/lean:/Users/quantmann/FoundationRelativity/.lake/build/lib/lean /Users/quantmann/.elan/toolchains/leanprover--lean4---v4.23.0-rc2/bin/lean /Users/quantmann/FoundationRelativity/Papers/P5_GeneralRelativity/GR/Riemann.lean -o /Users/quantmann/FoundationRelativity/.lake/build/lib/lean/Papers/P5_GeneralRelativity/GR/Riemann.olean -i /Users/quantmann/FoundationRelativity/.lake/build/lib/lean/Papers/P5_GeneralRelativity/GR/Riemann.ilean -c /Users/quantmann/FoundationRelativity/.lake/build/ir/Papers/P5_GeneralRelativity/GR/Riemann.c --setup /Users/quantmann/FoundationRelativity/.lake/build/ir/Papers/P5_GeneralRelativity/GR/Riemann.setup.json --json
warning: Papers/P5_GeneralRelativity/GR/Riemann.lean:75:35: unused variable `hM`

Note: This linter can be disabled with `set_option linter.unusedVariables false`
warning: Papers/P5_GeneralRelativity/GR/Riemann.lean:308:8: This simp argument is unused:
  dCoord_θ

Hint: Omit it from the simp argument list.
  simp ̵[̵d̵C̵o̵o̵r̵d̵_̵θ̵]̵

Note: This linter can be disabled with `set_option linter.unusedSimpArgs false`
warning: Papers/P5_GeneralRelativity/GR/Riemann.lean:312:8: This simp argument is unused:
  dCoord_φ

Hint: Omit it from the simp argument list.
  simp ̵[̵d̵C̵o̵o̵r̵d̵_̵φ̵]̵

Note: This linter can be disabled with `set_option linter.unusedSimpArgs false`
warning: Papers/P5_GeneralRelativity/GR/Riemann.lean:602:21: This simp argument is unused:
  Γ_t_tr

Hint: Omit it from the simp argument list.
  simp only [Γ_r_rr,̵ ̵Γ̵_̵t̵_̵t̵r̵]

Note: This linter can be disabled with `set_option linter.unusedSimpArgs false`
warning: Papers/P5_GeneralRelativity/GR/Riemann.lean:653:2: try 'simp' instead of 'simpa'

Note: This linter can be disabled with `set_option linter.unnecessarySimpa false`
warning: Papers/P5_GeneralRelativity/GR/Riemann.lean:733:4: try 'simp' instead of 'simpa'

Note: This linter can be disabled with `set_option linter.unnecessarySimpa false`
warning: Papers/P5_GeneralRelativity/GR/Riemann.lean:748:4: try 'simp' instead of 'simpa'

Note: This linter can be disabled with `set_option linter.unnecessarySimpa false`
warning: Papers/P5_GeneralRelativity/GR/Riemann.lean:1205:8: This simp argument is unused:
  deriv_mul

Hint: Omit it from the simp argument list.
  simp [deriv_m̵u̵l̵,̵ ̵d̵e̵r̵i̵v̵_̵const']

Note: This linter can be disabled with `set_option linter.unusedSimpArgs false`
warning: Papers/P5_GeneralRelativity/GR/Riemann.lean:1205:19: This simp argument is unused:
  deriv_const'

Hint: Omit it from the simp argument list.
  simp [deriv_mul,̵ ̵d̵e̵r̵i̵v̵_̵c̵o̵n̵s̵t̵'̵]

Note: This linter can be disabled with `set_option linter.unusedSimpArgs false`
warning: Papers/P5_GeneralRelativity/GR/Riemann.lean:1210:8: This simp argument is unused:
  deriv_mul

Hint: Omit it from the simp argument list.
  simp [deriv_m̵u̵l̵,̵ ̵d̵e̵r̵i̵v̵_̵const']

Note: This linter can be disabled with `set_option linter.unusedSimpArgs false`
warning: Papers/P5_GeneralRelativity/GR/Riemann.lean:1210:19: This simp argument is unused:
  deriv_const'

Hint: Omit it from the simp argument list.
  simp [deriv_mul,̵ ̵d̵e̵r̵i̵v̵_̵c̵o̵n̵s̵t̵'̵]

Note: This linter can be disabled with `set_option linter.unusedSimpArgs false`
warning: Papers/P5_GeneralRelativity/GR/Riemann.lean:1248:56: try 'simp' instead of 'simpa'

Note: This linter can be disabled with `set_option linter.unnecessarySimpa false`
warning: Papers/P5_GeneralRelativity/GR/Riemann.lean:1328:12: try 'simp' instead of 'simpa'

Note: This linter can be disabled with `set_option linter.unnecessarySimpa false`
warning: Papers/P5_GeneralRelativity/GR/Riemann.lean:1330:12: try 'simp' instead of 'simpa'

Note: This linter can be disabled with `set_option linter.unnecessarySimpa false`
warning: Papers/P5_GeneralRelativity/GR/Riemann.lean:1332:12: try 'simp' instead of 'simpa'

Note: This linter can be disabled with `set_option linter.unnecessarySimpa false`
warning: Papers/P5_GeneralRelativity/GR/Riemann.lean:1351:4: try 'simp' instead of 'simpa'

Note: This linter can be disabled with `set_option linter.unnecessarySimpa false`
warning: Papers/P5_GeneralRelativity/GR/Riemann.lean:1382:12: try 'simp' instead of 'simpa'

Note: This linter can be disabled with `set_option linter.unnecessarySimpa false`
warning: Papers/P5_GeneralRelativity/GR/Riemann.lean:1389:4: try 'simp' instead of 'simpa'

Note: This linter can be disabled with `set_option linter.unnecessarySimpa false`
warning: Papers/P5_GeneralRelativity/GR/Riemann.lean:1391:4: try 'simp' instead of 'simpa'

Note: This linter can be disabled with `set_option linter.unnecessarySimpa false`
warning: Papers/P5_GeneralRelativity/GR/Riemann.lean:1455:8: This simp argument is unused:
  dCoord_θ

Hint: Omit it from the simp argument list.
  simp [d̵C̵o̵o̵r̵d̵_̵θ̵,̵ ̵Γtot, deriv_Γ_r_φφ_θ]

Note: This linter can be disabled with `set_option linter.unusedSimpArgs false`
warning: Papers/P5_GeneralRelativity/GR/Riemann.lean:1494:2: try 'simp' instead of 'simpa'

Note: This linter can be disabled with `set_option linter.unnecessarySimpa false`
warning: Papers/P5_GeneralRelativity/GR/Riemann.lean:1500:16: This simp argument is unused:
  Finset.mul_sum

Hint: Omit it from the simp argument list.
  simp [sumIdx,̵ ̵F̵i̵n̵s̵e̵t̵.̵m̵u̵l̵_̵s̵u̵m̵]

Note: This linter can be disabled with `set_option linter.unusedSimpArgs false`
warning: Papers/P5_GeneralRelativity/GR/Riemann.lean:1508:48: This simp argument is unused:
  add_assoc

Hint: Omit it from the simp argument list.
  simp [sumIdx_expand, add_comm, add_left_comm,̵ ̵a̵d̵d̵_̵a̵s̵s̵o̵c̵]

Note: This linter can be disabled with `set_option linter.unusedSimpArgs false`
warning: Papers/P5_GeneralRelativity/GR/Riemann.lean:1514:16: This simp argument is unused:
  Finset.mul_sum

Hint: Omit it from the simp argument list.
  simp [sumIdx,̵ ̵F̵i̵n̵s̵e̵t̵.̵m̵u̵l̵_̵s̵u̵m̵]

Note: This linter can be disabled with `set_option linter.unusedSimpArgs false`
warning: Papers/P5_GeneralRelativity/GR/Riemann.lean:1647:2: try 'simp' instead of 'simpa'

Note: This linter can be disabled with `set_option linter.unnecessarySimpa false`
warning: Papers/P5_GeneralRelativity/GR/Riemann.lean:1666:2: try 'simp' instead of 'simpa'

Note: This linter can be disabled with `set_option linter.unnecessarySimpa false`
warning: Papers/P5_GeneralRelativity/GR/Riemann.lean:1714:14: try 'simp' instead of 'simpa'

Note: This linter can be disabled with `set_option linter.unnecessarySimpa false`
error: Papers/P5_GeneralRelativity/GR/Riemann.lean:1794:17: Type mismatch
  sumIdx_collect_comm_block_flat G A B C D
has type
  ((((sumIdx fun ρ => A ρ * G ρ) - sumIdx fun ρ => B ρ * G ρ) + sumIdx fun ρ => G ρ * C ρ) -
      sumIdx fun ρ => G ρ * D ρ) =
    sumIdx fun ρ => G ρ * (A ρ - B ρ + (C ρ - D ρ))
but is expected to have type
  ((sumIdx fun ρ => A ρ * G ρ) - sumIdx fun ρ => B ρ * G ρ) +
      ((sumIdx fun ρ => G ρ * C ρ) - sumIdx fun ρ => G ρ * D ρ) =
    sumIdx fun ρ => G ρ * (A ρ - B ρ + (C ρ - D ρ))
warning: Papers/P5_GeneralRelativity/GR/Riemann.lean:1858:12: try 'simp' instead of 'simpa'

Note: This linter can be disabled with `set_option linter.unnecessarySimpa false`
warning: Papers/P5_GeneralRelativity/GR/Riemann.lean:2228:12: 'simp only [add_neg_eq_sub, sub_eq_add_neg]' tactic does nothing

Note: This linter can be disabled with `set_option linter.unusedTactic false`
warning: Papers/P5_GeneralRelativity/GR/Riemann.lean:2231:12: 'rw [← sumIdx_map_sub]' tactic does nothing

Note: This linter can be disabled with `set_option linter.unusedTactic false`
warning: Papers/P5_GeneralRelativity/GR/Riemann.lean:2234:12: 'ring_nf' tactic does nothing

Note: This linter can be disabled with `set_option linter.unusedTactic false`
warning: Papers/P5_GeneralRelativity/GR/Riemann.lean:2245:12: 'apply sumIdx_congr' tactic does nothing

Note: This linter can be disabled with `set_option linter.unusedTactic false`
warning: Papers/P5_GeneralRelativity/GR/Riemann.lean:2249:12: 'intro lam' tactic does nothing

Note: This linter can be disabled with `set_option linter.unusedTactic false`
warning: Papers/P5_GeneralRelativity/GR/Riemann.lean:2251:12: 'ring' tactic does nothing

Note: This linter can be disabled with `set_option linter.unusedTactic false`
warning: Papers/P5_GeneralRelativity/GR/Riemann.lean:2231:12: this tactic is never executed

Note: This linter can be disabled with `set_option linter.unreachableTactic false`
warning: Papers/P5_GeneralRelativity/GR/Riemann.lean:2234:12: this tactic is never executed

Note: This linter can be disabled with `set_option linter.unreachableTactic false`
warning: Papers/P5_GeneralRelativity/GR/Riemann.lean:2249:12: this tactic is never executed

Note: This linter can be disabled with `set_option linter.unreachableTactic false`
warning: Papers/P5_GeneralRelativity/GR/Riemann.lean:2251:12: this tactic is never executed

Note: This linter can be disabled with `set_option linter.unreachableTactic false`
warning: Papers/P5_GeneralRelativity/GR/Riemann.lean:2287:39: This simp argument is unused:
  add_left_comm

Hint: Omit it from the simp argument list.
  simp only [sub_eq_add_neg, add_comm, a̵d̵d̵_̵l̵e̵f̵t̵_̵c̵o̵m̵m̵,̵ ̵add_assoc]

Note: This linter can be disabled with `set_option linter.unusedSimpArgs false`
warning: Papers/P5_GeneralRelativity/GR/Riemann.lean:2302:16: This simp argument is unused:
  Finset.sum_sub_distrib

Hint: Omit it from the simp argument list.
  simp [sumIdx, F̵i̵n̵s̵e̵t̵.̵s̵u̵m̵_̵s̵u̵b̵_̵d̵i̵s̵t̵r̵i̵b̵,̵sub_eq_add_neg, add_comm, add_left_comm, add_assoc, mul_comm, mul_left_comm,
  ̲  ̲ ̲ ̲mul_assoc]

Note: This linter can be disabled with `set_option linter.unusedSimpArgs false`
warning: Papers/P5_GeneralRelativity/GR/Riemann.lean:2304:8: This simp argument is unused:
  mul_comm

Hint: Omit it from the simp argument list.
  simp [sumIdx, Finset.sum_sub_distrib,
  ̵  ̵ ̵ ̵ ̵ ̵ ̵ ̵sub_eq_add_neg, add_comm, add_left_comm, add_assoc,
       ̵ ̵ ̵ ̵mul_c̵o̵m̵m̵,̵ ̵m̵u̵l_̵l̵eft_comm, mul_assoc]

Note: This linter can be disabled with `set_option linter.unusedSimpArgs false`
warning: Papers/P5_GeneralRelativity/GR/Riemann.lean:2304:18: This simp argument is unused:
  mul_left_comm

Hint: Omit it from the simp argument list.
  simp [sumIdx, Finset.sum_sub_distrib, sub_eq_add_neg, add_comm, add_left_comm, add_assoc,
      mul_comm, m̵u̵l̵_̵l̵e̵f̵t̵_̵c̵o̵m̵m̵,̵ ̵mul_assoc]

Note: This linter can be disabled with `set_option linter.unusedSimpArgs false`
warning: Papers/P5_GeneralRelativity/GR/Riemann.lean:2304:33: This simp argument is unused:
  mul_assoc

Hint: Omit it from the simp argument list.
  simp [sumIdx, Finset.sum_sub_distrib,
  ̵  ̵ ̵ ̵ ̵ ̵ ̵ ̵sub_eq_add_neg, add_comm, add_left_comm, add_assoc,
       ̵ ̵ ̵ ̵mul_comm, mul_left_comm,̵ ̵m̵u̵l̵_̵a̵s̵s̵o̵c̵]

Note: This linter can be disabled with `set_option linter.unusedSimpArgs false`
warning: Papers/P5_GeneralRelativity/GR/Riemann.lean:2352:44: This simp argument is unused:
  mul_left_comm

Hint: Omit it from the simp argument list.
  simp [sumIdx_expand, g, Γtot, mul_comm, mul_l̵e̵f̵t̵_̵c̵o̵m̵m̵,̵ ̵m̵u̵l̵_̵assoc]

Note: This linter can be disabled with `set_option linter.unusedSimpArgs false`
warning: Papers/P5_GeneralRelativity/GR/Riemann.lean:2361:44: This simp argument is unused:
  mul_left_comm

Hint: Omit it from the simp argument list.
  simp [sumIdx_expand, g, Γtot, mul_comm, mul_l̵e̵f̵t̵_̵c̵o̵m̵m̵,̵ ̵m̵u̵l̵_̵assoc]

Note: This linter can be disabled with `set_option linter.unusedSimpArgs false`
warning: Papers/P5_GeneralRelativity/GR/Riemann.lean:2370:28: This simp argument is unused:
  mul_comm

Hint: Omit it from the simp argument list.
  simp [sumIdx_expand, g, m̵u̵l̵_̵c̵o̵m̵m̵,̵ ̵mul_left_comm, mul_assoc]

Note: This linter can be disabled with `set_option linter.unusedSimpArgs false`
warning: Papers/P5_GeneralRelativity/GR/Riemann.lean:2370:38: This simp argument is unused:
  mul_left_comm

Hint: Omit it from the simp argument list.
  simp [sumIdx_expand, g, mul_comm, mul_l̵e̵f̵t̵_̵c̵o̵m̵m̵,̵ ̵m̵u̵l̵_̵assoc]

Note: This linter can be disabled with `set_option linter.unusedSimpArgs false`
warning: Papers/P5_GeneralRelativity/GR/Riemann.lean:2370:53: This simp argument is unused:
  mul_assoc

Hint: Omit it from the simp argument list.
  simp [sumIdx_expand, g, mul_comm, mul_left_comm,̵ ̵m̵u̵l̵_̵a̵s̵s̵o̵c̵]

Note: This linter can be disabled with `set_option linter.unusedSimpArgs false`
warning: Papers/P5_GeneralRelativity/GR/Riemann.lean:2379:38: This simp argument is unused:
  mul_left_comm

Hint: Omit it from the simp argument list.
  simp [sumIdx_expand, g, mul_comm, mul_l̵e̵f̵t̵_̵c̵o̵m̵m̵,̵ ̵m̵u̵l̵_̵assoc]

Note: This linter can be disabled with `set_option linter.unusedSimpArgs false`
warning: Papers/P5_GeneralRelativity/GR/Riemann.lean:2379:53: This simp argument is unused:
  mul_assoc

Hint: Omit it from the simp argument list.
  simp [sumIdx_expand, g, mul_comm, mul_left_comm,̵ ̵m̵u̵l̵_̵a̵s̵s̵o̵c̵]

Note: This linter can be disabled with `set_option linter.unusedSimpArgs false`
warning: Papers/P5_GeneralRelativity/GR/Riemann.lean:2386:36: This simp argument is unused:
  mul_left_comm

Hint: Omit it from the simp argument list.
  simp [sumIdx_expand, g, mul_comm, mul_l̵e̵f̵t̵_̵c̵o̵m̵m̵,̵ ̵m̵u̵l̵_̵assoc]

Note: This linter can be disabled with `set_option linter.unusedSimpArgs false`
warning: Papers/P5_GeneralRelativity/GR/Riemann.lean:2386:51: This simp argument is unused:
  mul_assoc

Hint: Omit it from the simp argument list.
  simp [sumIdx_expand, g, mul_comm, mul_left_comm,̵ ̵m̵u̵l̵_̵a̵s̵s̵o̵c̵]

Note: This linter can be disabled with `set_option linter.unusedSimpArgs false`
warning: Papers/P5_GeneralRelativity/GR/Riemann.lean:2393:36: This simp argument is unused:
  mul_left_comm

Hint: Omit it from the simp argument list.
  simp [sumIdx_expand, g, mul_comm, mul_l̵e̵f̵t̵_̵c̵o̵m̵m̵,̵ ̵m̵u̵l̵_̵assoc]

Note: This linter can be disabled with `set_option linter.unusedSimpArgs false`
warning: Papers/P5_GeneralRelativity/GR/Riemann.lean:2393:51: This simp argument is unused:
  mul_assoc

Hint: Omit it from the simp argument list.
  simp [sumIdx_expand, g, mul_comm, mul_left_comm,̵ ̵m̵u̵l̵_̵a̵s̵s̵o̵c̵]

Note: This linter can be disabled with `set_option linter.unusedSimpArgs false`
warning: Papers/P5_GeneralRelativity/GR/Riemann.lean:2415:2: try 'simp' instead of 'simpa'

Note: This linter can be disabled with `set_option linter.unnecessarySimpa false`
warning: Papers/P5_GeneralRelativity/GR/Riemann.lean:2420:2: try 'simp' instead of 'simpa'

Note: This linter can be disabled with `set_option linter.unnecessarySimpa false`
warning: Papers/P5_GeneralRelativity/GR/Riemann.lean:2424:2: try 'simp' instead of 'simpa'

Note: This linter can be disabled with `set_option linter.unnecessarySimpa false`
warning: Papers/P5_GeneralRelativity/GR/Riemann.lean:2497:2: try 'simp' instead of 'simpa'

Note: This linter can be disabled with `set_option linter.unnecessarySimpa false`
warning: Papers/P5_GeneralRelativity/GR/Riemann.lean:2515:39: unused variable `k`

Note: This linter can be disabled with `set_option linter.unusedVariables false`
warning: Papers/P5_GeneralRelativity/GR/Riemann.lean:2545:22: This simp argument is unused:
  sumIdx

Hint: Omit it from the simp argument list.
  simp only [sumIdx2,̵ ̵s̵u̵m̵I̵d̵x̵]

Note: This linter can be disabled with `set_option linter.unusedSimpArgs false`
warning: Papers/P5_GeneralRelativity/GR/Riemann.lean:2556:47: This simp argument is unused:
  Γtot_t_tr

Hint: Omit it from the simp argument list.
  simp only [Γtot_t_t̵r,̵ ̵Γ̵to̵t̵_̵t̵_̵r̵t̵, Γtot_t_tt, Γtot_t_θθ, Γtot_t_φφ,
  ̲  ̲ ̲ ̲Γtot_t_rθ, Γtot_t_θr, Γtot_t_rφ, Γtot_t_φr, Γtot_t_θφ, Γtot_t_φθ, Γtot]

Note: This linter can be disabled with `set_option linter.unusedSimpArgs false`
warning: Papers/P5_GeneralRelativity/GR/Riemann.lean:2556:58: This simp argument is unused:
  Γtot_t_rt

Hint: Omit it from the simp argument list.
  simp only [Γtot_t_tr, Γtot_t_r̵t,̵ ̵Γ̵to̵t̵_̵t̵_̵t̵t̵, Γtot_t_θθ, Γtot_t_φφ,
  ̲  ̲ ̲ ̲Γtot_t_rθ, Γtot_t_θr, Γtot_t_rφ, Γtot_t_φr, Γtot_t_θφ, Γtot_t_φθ, Γtot]

Note: This linter can be disabled with `set_option linter.unusedSimpArgs false`
warning: Papers/P5_GeneralRelativity/GR/Riemann.lean:2556:69: This simp argument is unused:
  Γtot_t_tt

Hint: Omit it from the simp argument list.
  simp only [Γtot_t_tr, Γtot_t_rt, Γ̵t̵o̵t̵_̵t̵_̵t̵t̵,̵ ̵Γtot_t_θθ, Γtot_t_φφ,
  ̲  ̲ ̲ ̲Γtot_t_rθ, Γtot_t_θr, Γtot_t_rφ, Γtot_t_φr, Γtot_t_θφ, Γtot_t_φθ, Γtot]

Note: This linter can be disabled with `set_option linter.unusedSimpArgs false`
warning: Papers/P5_GeneralRelativity/GR/Riemann.lean:2556:80: This simp argument is unused:
  Γtot_t_θθ

Hint: Omit it from the simp argument list.
  simp only [Γtot_t_tr, Γtot_t_rt, Γtot_t_tt, Γtot_t_θ̵θ̵φ̲φ̲,
  ̲ Γ̵t̵o̵t̵_̵t̵_̵φ̵φ̵,̵  ̲ ̲Γtot_t_rθ, Γtot_t_θr, Γtot_t_rφ, Γtot_t_φr, Γtot_t_θφ, Γtot_t_φθ, Γtot]

Note: This linter can be disabled with `set_option linter.unusedSimpArgs false`
warning: Papers/P5_GeneralRelativity/GR/Riemann.lean:2556:91: This simp argument is unused:
  Γtot_t_φφ

Hint: Omit it from the simp argument list.
  simp only [Γtot_t_tr, Γtot_t_rt, Γtot_t_tt, Γtot_t_θθ,
  ̲ Γ̵t̵o̵t̵_̵t̵_̵φ̵φ̵,̵  ̲ ̲Γtot_t_rθ, Γtot_t_θr, Γtot_t_rφ, Γtot_t_φr, Γtot_t_θφ, Γtot_t_φθ, Γtot]

Note: This linter can be disabled with `set_option linter.unusedSimpArgs false`
warning: Papers/P5_GeneralRelativity/GR/Riemann.lean:2556:102: This simp argument is unused:
  Γtot_t_rθ

Hint: Omit it from the simp argument list.
  simp only [Γtot_t_tr, Γtot_t_rt, Γtot_t_tt, Γtot_t_θθ,
  ̲ Γ̵t̵o̵t̵_̵t̵_̵φ̵φ̵,̵  ̲ ̲Γtot_t_r̵θ̵φ̲φ̲, Γtot_t_θr, Γtot_t_rφ, Γtot_t_φr, Γtot_t_θφ, Γtot_t_φθ, Γtot]

Note: This linter can be disabled with `set_option linter.unusedSimpArgs false`
warning: Papers/P5_GeneralRelativity/GR/Riemann.lean:2556:113: This simp argument is unused:
  Γtot_t_θr

Hint: Omit it from the simp argument list.
  simp only [Γtot_t_tr, Γtot_t_rt, Γtot_t_tt, Γtot_t_θθ,
  ̲  ̲ ̲ ̲Γtot_t_φφ, Γtot_t_rθ̵θ̲, Γtot_t_θ̵r,̵ ̵Γ̵t̵o̵t̵_̵t̵_̵r̵φ, Γtot_t_φr, Γtot_t_θφ, Γtot_t_φθ, Γtot]

Note: This linter can be disabled with `set_option linter.unusedSimpArgs false`
warning: Papers/P5_GeneralRelativity/GR/Riemann.lean:2556:124: This simp argument is unused:
  Γtot_t_rφ

Hint: Omit it from the simp argument list.
  simp only [Γtot_t_tr, Γtot_t_rt, Γtot_t_tt, Γtot_t_θθ,
  ̲  ̲ ̲ ̲Γtot_t_φφ, Γtot_t_rθ, Γtot_t_θr, Γtot_t_r̵φ,̵ ̵Γ̵t̵o̵t̵_̵t̵_̵φ̵r, Γtot_t_θφ, Γtot_t_φθ, Γtot]

Note: This linter can be disabled with `set_option linter.unusedSimpArgs false`
warning: Papers/P5_GeneralRelativity/GR/Riemann.lean:2556:135: This simp argument is unused:
  Γtot_t_φr

Hint: Omit it from the simp argument list.
  simp only [Γtot_t_tr, Γtot_t_rt, Γtot_t_tt, Γtot_t_θθ,
  ̲  ̲ ̲ ̲Γtot_t_φφ, Γtot_t_rθ, Γtot_t_θr, Γtot_t_rφ, Γtot_t_φ̵r̵,̵ ̵Γ̵t̵o̵t̵_̵t̵_̵θφ, Γtot_t_φθ, Γtot]

Note: This linter can be disabled with `set_option linter.unusedSimpArgs false`
warning: Papers/P5_GeneralRelativity/GR/Riemann.lean:2556:146: This simp argument is unused:
  Γtot_t_θφ

Hint: Omit it from the simp argument list.
  simp only [Γtot_t_tr, Γtot_t_rt, Γtot_t_tt, Γtot_t_θθ,
  ̲  ̲ ̲ ̲Γtot_t_φφ, Γtot_t_rθ, Γtot_t_θr, Γtot_t_rφ, Γtot_t_φr, Γ̵t̵o̵t̵_̵t̵_̵θ̵φ̵,̵ ̵Γtot_t_φθ, Γtot]

Note: This linter can be disabled with `set_option linter.unusedSimpArgs false`
warning: Papers/P5_GeneralRelativity/GR/Riemann.lean:2556:157: This simp argument is unused:
  Γtot_t_φθ

Hint: Omit it from the simp argument list.
  simp only [Γtot_t_tr, Γtot_t_rt, Γtot_t_tt, Γtot_t_θθ,
  ̲  ̲ ̲ ̲Γtot_t_φφ, Γtot_t_rθ, Γtot_t_θr, Γtot_t_rφ, Γtot_t_φr, Γtot_t_θφ, Γtot_̵t̵_̵φ̵θ̵,̵ ̵Γ̵t̵o̵t̵]

Note: This linter can be disabled with `set_option linter.unusedSimpArgs false`
warning: Papers/P5_GeneralRelativity/GR/Riemann.lean:2557:47: This simp argument is unused:
  Γtot_r_tt

Hint: Omit it from the simp argument list.
  simp only [Γtot_r_t̵t̵,̵ ̵Γ̵t̵o̵t̵_̵r_̵rr̵, Γtot_r_θθ, Γtot_r_φφ, Γtot_r_tr,
  ̲  ̲ ̲ ̲Γtot_r_rt, Γtot_r_tθ, Γtot_r_θt, Γtot_r_tφ, Γtot_r_φt, Γtot_r_θφ, Γtot_r_φθ, Γtot]

Note: This linter can be disabled with `set_option linter.unusedSimpArgs false`
warning: Papers/P5_GeneralRelativity/GR/Riemann.lean:2557:58: This simp argument is unused:
  Γtot_r_rr

Hint: Omit it from the simp argument list.
  simp only [Γtot_r_tt, Γtot_r_r̵r̵,̵ ̵Γ̵t̵o̵t̵_̵r̵_̵θθ, Γtot_r_φφ, Γtot_r_tr,
  ̲  ̲ ̲ ̲Γtot_r_rt, Γtot_r_tθ, Γtot_r_θt, Γtot_r_tφ, Γtot_r_φt, Γtot_r_θφ, Γtot_r_φθ, Γtot]

Note: This linter can be disabled with `set_option linter.unusedSimpArgs false`
warning: Papers/P5_GeneralRelativity/GR/Riemann.lean:2557:69: This simp argument is unused:
  Γtot_r_θθ

Hint: Omit it from the simp argument list.
  simp only [Γtot_r_tt, Γtot_r_rr, Γ̵t̵o̵t̵_̵r̵_̵θ̵θ̵,̵ ̵Γtot_r_φφ, Γtot_r_tr,
  ̲  ̲ ̲ ̲Γtot_r_rt, Γtot_r_tθ, Γtot_r_θt, Γtot_r_tφ, Γtot_r_φt, Γtot_r_θφ, Γtot_r_φθ, Γtot]

Note: This linter can be disabled with `set_option linter.unusedSimpArgs false`
warning: Papers/P5_GeneralRelativity/GR/Riemann.lean:2557:80: This simp argument is unused:
  Γtot_r_φφ

Hint: Omit it from the simp argument list.
  simp only [Γtot_r_tt, Γtot_r_rr, Γtot_r_θθ, Γtot_r_φ̵φ̵t̲r̲,
  ̲ Γ̵t̵o̵t̵_̵r̵_̵t̵r̵,̵  ̲ ̲Γtot_r_rt, Γtot_r_tθ, Γtot_r_θt, Γtot_r_tφ, Γtot_r_φt, Γtot_r_θφ, Γtot_r_φθ, Γtot]

Note: This linter can be disabled with `set_option linter.unusedSimpArgs false`
warning: Papers/P5_GeneralRelativity/GR/Riemann.lean:2557:91: This simp argument is unused:
  Γtot_r_tr

Hint: Omit it from the simp argument list.
  simp only [Γtot_r_tt, Γtot_r_rr, Γtot_r_θθ, Γtot_r_φφ,
  ̲ Γ̵t̵o̵t̵_̵r̵_̵t̵r̵,̵  ̲ ̲Γtot_r_rt, Γtot_r_tθ, Γtot_r_θt, Γtot_r_tφ, Γtot_r_φt, Γtot_r_θφ, Γtot_r_φθ, Γtot]

Note: This linter can be disabled with `set_option linter.unusedSimpArgs false`
warning: Papers/P5_GeneralRelativity/GR/Riemann.lean:2557:102: This simp argument is unused:
  Γtot_r_rt

Hint: Omit it from the simp argument list.
  simp only [Γtot_r_tt, Γtot_r_rr, Γtot_r_θθ, Γtot_r_φφ,
  ̲ Γ̵t̵o̵t̵_̵r̵_̵t̵r̵,̵  ̲ ̲Γtot_r_t̲rt̵, Γtot_r_tθ, Γtot_r_θt, Γtot_r_tφ, Γtot_r_φt, Γtot_r_θφ, Γtot_r_φθ, Γtot]

Note: This linter can be disabled with `set_option linter.unusedSimpArgs false`
warning: Papers/P5_GeneralRelativity/GR/Riemann.lean:2557:113: This simp argument is unused:
  Γtot_r_tθ

Hint: Omit it from the simp argument list.
  simp only [Γtot_r_tt, Γtot_r_rr, Γtot_r_θθ, Γtot_r_φφ,
  ̲ Γ̵t̵o̵t̵_̵r̵_̵t̵r̵,̵  ̲ ̲Γtot_r_t̲rt̵, Γtot_r_r̲tθ̵, Γtot_r_θt, Γtot_r_tφ, Γtot_r_φt, Γtot_r_θφ, Γtot_r_φθ, Γtot]

Note: This linter can be disabled with `set_option linter.unusedSimpArgs false`
warning: Papers/P5_GeneralRelativity/GR/Riemann.lean:2557:124: This simp argument is unused:
  Γtot_r_θt

Hint: Omit it from the simp argument list.
  simp only [Γtot_r_tt, Γtot_r_rr, Γtot_r_θθ, Γtot_r_φφ,
  ̲ Γ̵t̵o̵t̵_̵r̵_̵t̵r̵,̵  ̲ ̲Γtot_r_t̲rt̵, Γtot_r_r̲tθ̵, Γtot_r_t̲θt̵, Γtot_r_tφ, Γtot_r_φt, Γtot_r_θφ, Γtot_r_φθ, Γtot]

Note: This linter can be disabled with `set_option linter.unusedSimpArgs false`
warning: Papers/P5_GeneralRelativity/GR/Riemann.lean:2557:135: This simp argument is unused:
  Γtot_r_tφ

Hint: Omit it from the simp argument list.
  simp only [Γtot_r_tt, Γtot_r_rr, Γtot_r_θθ, Γtot_r_φφ,
  ̲  ̲ ̲ ̲Γtot_r_tr, Γtot_r_rt, Γtot_r_tθ, Γtot_r_θt, Γtot_r_t̵φ,̵ ̵Γ̵to̵t̵_̵r̵_̵φ̵t̵, Γtot_r_θφ, Γtot_r_φθ, Γtot]

Note: This linter can be disabled with `set_option linter.unusedSimpArgs false`
warning: Papers/P5_GeneralRelativity/GR/Riemann.lean:2557:146: This simp argument is unused:
  Γtot_r_φt

Hint: Omit it from the simp argument list.
  simp only [Γtot_r_tt, Γtot_r_rr, Γtot_r_θθ, Γtot_r_φφ,
  ̲  ̲ ̲ ̲Γtot_r_tr, Γtot_r_rt, Γtot_r_tθ, Γtot_r_θt, Γtot_r_tφ, Γtot_r_φ̵t̵,̵ ̵Γ̵t̵o̵t̵_̵r̵_̵θφ, Γtot_r_φθ, Γtot]

Note: This linter can be disabled with `set_option linter.unusedSimpArgs false`
warning: Papers/P5_GeneralRelativity/GR/Riemann.lean:2557:157: This simp argument is unused:
  Γtot_r_θφ

Hint: Omit it from the simp argument list.
  simp only [Γtot_r_tt, Γtot_r_rr, Γtot_r_θθ, Γtot_r_φφ,
  ̲  ̲ ̲ ̲Γtot_r_tr, Γtot_r_rt, Γtot_r_tθ, Γtot_r_θt, Γtot_r_tφ, Γtot_r_φt̵t̲, Γtot_r_θ̵φ,̵ ̵Γ̵t̵o̵t̵_̵r̵_̵φ̵θ, Γtot]

Note: This linter can be disabled with `set_option linter.unusedSimpArgs false`
warning: Papers/P5_GeneralRelativity/GR/Riemann.lean:2557:168: This simp argument is unused:
  Γtot_r_φθ

Hint: Omit it from the simp argument list.
  simp only [Γtot_r_tt, Γtot_r_rr, Γtot_r_θθ, Γtot_r_φφ,
  ̲  ̲ ̲ ̲Γtot_r_tr, Γtot_r_rt, Γtot_r_tθ, Γtot_r_θt, Γtot_r_tφ, Γtot_r_φt̵t̲, Γtot_r_θ̵θ̲φ, Γtot_̵r̵_̵φ̵θ̵,̵ ̵Γ̵t̵o̵t̵]

Note: This linter can be disabled with `set_option linter.unusedSimpArgs false`
warning: Papers/P5_GeneralRelativity/GR/Riemann.lean:2558:47: This simp argument is unused:
  Γtot_θ_rθ

Hint: Omit it from the simp argument list.
  simp only [Γtot_θ_r̵θ,̵ ̵Γ̵t̵o̵t̵_̵θ̵_̵θ̵r, Γtot_θ_φφ, Γtot_θ_tt, Γtot_θ_rr,
  ̲  ̲ ̲ ̲Γtot_θ_tr, Γtot_θ_rt, Γtot_θ_tφ, Γtot_θ_φt, Γtot_θ_rφ, Γtot_θ_φr, Γtot_θ_θθ, Γtot_θ_tθ,
  ̲  ̲ ̲ ̲Γtot_θ_θt, Γtot_θ_θφ, Γtot_θ_φθ, Γtot]

Note: This linter can be disabled with `set_option linter.unusedSimpArgs false`
warning: Papers/P5_GeneralRelativity/GR/Riemann.lean:2558:58: This simp argument is unused:
  Γtot_θ_θr

Hint: Omit it from the simp argument list.
  simp only [Γtot_θ_rθ, Γtot_θ_θ̵r̵,̵ ̵Γ̵t̵o̵t̵_̵θ̵_̵φφ, Γtot_θ_tt, Γtot_θ_rr,
  ̲  ̲ ̲ ̲Γtot_θ_tr, Γtot_θ_rt, Γtot_θ_tφ, Γtot_θ_φt, Γtot_θ_rφ, Γtot_θ_φr, Γtot_θ_θθ, Γtot_θ_tθ,
  ̲  ̲ ̲ ̲Γtot_θ_θt, Γtot_θ_θφ, Γtot_θ_φθ, Γtot]

Note: This linter can be disabled with `set_option linter.unusedSimpArgs false`
warning: Papers/P5_GeneralRelativity/GR/Riemann.lean:2558:69: This simp argument is unused:
  Γtot_θ_φφ

Hint: Omit it from the simp argument list.
  simp only [Γtot_θ_rθ, Γtot_θ_θr, Γ̵t̵o̵t̵_̵θ̵_̵φ̵φ̵,̵ ̵Γtot_θ_tt, Γtot_θ_rr,
  ̲  ̲ ̲ ̲Γtot_θ_tr, Γtot_θ_rt, Γtot_θ_tφ, Γtot_θ_φt, Γtot_θ_rφ, Γtot_θ_φr, Γtot_θ_θθ, Γtot_θ_tθ,
  ̲  ̲ ̲ ̲Γtot_θ_θt, Γtot_θ_θφ, Γtot_θ_φθ, Γtot]

Note: This linter can be disabled with `set_option linter.unusedSimpArgs false`
warning: Papers/P5_GeneralRelativity/GR/Riemann.lean:2558:80: This simp argument is unused:
  Γtot_θ_tt

Hint: Omit it from the simp argument list.
  simp only [Γtot_θ_rθ, Γtot_θ_θr, Γtot_θ_φφ, Γtot_θ_t̵t̵r̲r̲,
  ̲ Γ̵t̵o̵t̵_̵θ̵_̵r̵r̵,̵  ̲ ̲Γtot_θ_tr, Γtot_θ_rt, Γtot_θ_tφ, Γtot_θ_φt, Γtot_θ_rφ, Γtot_θ_φr, Γtot_θ_θθ, Γtot_θ_tθ,
  ̲  ̲ ̲ ̲Γtot_θ_θt, Γtot_θ_θφ, Γtot_θ_φθ, Γtot]

Note: This linter can be disabled with `set_option linter.unusedSimpArgs false`
warning: Papers/P5_GeneralRelativity/GR/Riemann.lean:2558:91: This simp argument is unused:
  Γtot_θ_rr

Hint: Omit it from the simp argument list.
  simp only [Γtot_θ_rθ, Γtot_θ_θr, Γtot_θ_φφ, Γtot_θ_tt,
  ̲ Γ̵t̵o̵t̵_̵θ̵_̵r̵r̵,̵  ̲ ̲Γtot_θ_tr, Γtot_θ_rt, Γtot_θ_tφ, Γtot_θ_φt, Γtot_θ_rφ, Γtot_θ_φr, Γtot_θ_θθ, Γtot_θ_tθ,
  ̲  ̲ ̲ ̲Γtot_θ_θt, Γtot_θ_θφ, Γtot_θ_φθ, Γtot]

Note: This linter can be disabled with `set_option linter.unusedSimpArgs false`
warning: Papers/P5_GeneralRelativity/GR/Riemann.lean:2558:102: This simp argument is unused:
  Γtot_θ_tr

Hint: Omit it from the simp argument list.
  simp only [Γtot_θ_rθ, Γtot_θ_θr, Γtot_θ_φφ, Γtot_θ_tt,
  ̲ Γ̵t̵o̵t̵_̵θ̵_̵r̵r̵,̵  ̲ ̲Γtot_θ_t̵rr̲, Γtot_θ_rt, Γtot_θ_tφ, Γtot_θ_φt, Γtot_θ_rφ, Γtot_θ_φr, Γtot_θ_θθ, Γtot_θ_tθ,
  ̲  ̲ ̲ ̲Γtot_θ_θt, Γtot_θ_θφ, Γtot_θ_φθ, Γtot]

Note: This linter can be disabled with `set_option linter.unusedSimpArgs false`
warning: Papers/P5_GeneralRelativity/GR/Riemann.lean:2558:113: This simp argument is unused:
  Γtot_θ_rt

Hint: Omit it from the simp argument list.
  simp only [Γtot_θ_rθ, Γtot_θ_θr, Γtot_θ_φφ, Γtot_θ_tt,
  ̲ Γ̵t̵o̵t̵_̵θ̵_̵r̵r̵,̵  ̲ ̲Γtot_θ_t̵rr̲, Γtot_θ_t̲rt̵, Γtot_θ_tφ, Γtot_θ_φt, Γtot_θ_rφ, Γtot_θ_φr, Γtot_θ_θθ, Γtot_θ_tθ,
  ̲  ̲ ̲ ̲Γtot_θ_θt, Γtot_θ_θφ, Γtot_θ_φθ, Γtot]

Note: This linter can be disabled with `set_option linter.unusedSimpArgs false`
warning: Papers/P5_GeneralRelativity/GR/Riemann.lean:2558:124: This simp argument is unused:
  Γtot_θ_tφ

Hint: Omit it from the simp argument list.
  simp only [Γtot_θ_rθ, Γtot_θ_θr, Γtot_θ_φφ, Γtot_θ_tt,
  ̲ Γ̵t̵o̵t̵_̵θ̵_̵r̵r̵,̵  ̲ ̲Γtot_θ_t̵rr̲, Γtot_θ_t̲rt̵, Γtot_θ_r̲tφ̵, Γtot_θ_φt, Γtot_θ_rφ, Γtot_θ_φr, Γtot_θ_θθ, Γtot_θ_tθ,
  ̲  ̲ ̲ ̲Γtot_θ_θt, Γtot_θ_θφ, Γtot_θ_φθ, Γtot]

Note: This linter can be disabled with `set_option linter.unusedSimpArgs false`
warning: Papers/P5_GeneralRelativity/GR/Riemann.lean:2558:135: This simp argument is unused:
  Γtot_θ_φt

Hint: Omit it from the simp argument list.
  simp only [Γtot_θ_rθ, Γtot_θ_θr, Γtot_θ_φφ, Γtot_θ_tt,
  ̲  ̲ ̲ ̲Γtot_θ_rr, Γtot_θ_tr, Γtot_θ_rt, Γtot_θ_tφ, Γtot_θ_φ̵t̵,̵ ̵Γ̵t̵o̵t̵_̵θ̵_̵rφ, Γtot_θ_φr, Γtot_θ_θθ, Γtot_θ_tθ,
  ̲  ̲ ̲ ̲Γtot_θ_θt, Γtot_θ_θφ, Γtot_θ_φθ, Γtot]

Note: This linter can be disabled with `set_option linter.unusedSimpArgs false`
warning: Papers/P5_GeneralRelativity/GR/Riemann.lean:2558:146: This simp argument is unused:
  Γtot_θ_rφ

Hint: Omit it from the simp argument list.
  simp only [Γtot_θ_rθ, Γtot_θ_θr, Γtot_θ_φφ, Γtot_θ_tt,
  ̲  ̲ ̲ ̲Γtot_θ_rr, Γtot_θ_tr, Γtot_θ_rt, Γtot_θ_tφ, Γtot_θ_φt̵t̲, Γtot_θ_r̵φ,̵ ̵Γ̵t̵o̵t̵_̵θ̵_̵φ̵r, Γtot_θ_θθ, Γtot_θ_tθ,
  ̲  ̲ ̲ ̲Γtot_θ_θt, Γtot_θ_θφ, Γtot_θ_φθ, Γtot]

Note: This linter can be disabled with `set_option linter.unusedSimpArgs false`
warning: Papers/P5_GeneralRelativity/GR/Riemann.lean:2558:157: This simp argument is unused:
  Γtot_θ_φr

Hint: Omit it from the simp argument list.
  simp only [Γtot_θ_rθ, Γtot_θ_θr, Γtot_θ_φφ, Γtot_θ_tt,
  ̲  ̲ ̲ ̲Γtot_θ_rr, Γtot_θ_tr, Γtot_θ_rt, Γtot_θ_tφ, Γtot_θ_φt, Γtot_θ_rφ, Γ̵t̵o̵t̵_̵θ̵_̵φ̵r̵,̵ ̵Γtot_θ_θθ, Γtot_θ_tθ,
  ̲  ̲ ̲ ̲Γtot_θ_θt, Γtot_θ_θφ, Γtot_θ_φθ, Γtot]

Note: This linter can be disabled with `set_option linter.unusedSimpArgs false`
warning: Papers/P5_GeneralRelativity/GR/Riemann.lean:2558:168: This simp argument is unused:
  Γtot_θ_θθ

Hint: Omit it from the simp argument list.
  simp only [Γtot_θ_rθ, Γtot_θ_θr, Γtot_θ_φφ, Γtot_θ_tt,
  ̲  ̲ ̲ ̲Γtot_θ_rr, Γtot_θ_tr, Γtot_θ_rt, Γtot_θ_tφ, Γtot_θ_φt, Γtot_θ_rφ, Γtot_θ_φr, Γtot_θ_t̲θθ̵,
  ̲ Γ̵t̵o̵t̵_̵θ̵_̵t̵θ̵,̵  ̲ ̲Γtot_θ_θt, Γtot_θ_θφ, Γtot_θ_φθ, Γtot]

Note: This linter can be disabled with `set_option linter.unusedSimpArgs false`
warning: Papers/P5_GeneralRelativity/GR/Riemann.lean:2558:179: This simp argument is unused:
  Γtot_θ_tθ

Hint: Omit it from the simp argument list.
  simp only [Γtot_θ_rθ, Γtot_θ_θr, Γtot_θ_φφ, Γtot_θ_tt,
  ̲  ̲ ̲ ̲Γtot_θ_rr, Γtot_θ_tr, Γtot_θ_rt, Γtot_θ_tφ, Γtot_θ_φt, Γtot_θ_rφ, Γtot_θ_φr, Γtot_θ_θθ,
  ̲ Γ̵t̵o̵t̵_̵θ̵_̵t̵θ̵,̵  ̲ ̲Γtot_θ_θt, Γtot_θ_θφ, Γtot_θ_φθ, Γtot]

Note: This linter can be disabled with `set_option linter.unusedSimpArgs false`
warning: Papers/P5_GeneralRelativity/GR/Riemann.lean:2558:190: This simp argument is unused:
  Γtot_θ_θt

Hint: Omit it from the simp argument list.
  simp only [Γtot_θ_rθ, Γtot_θ_θr, Γtot_θ_φφ, Γtot_θ_tt,
  ̲  ̲ ̲ ̲Γtot_θ_rr, Γtot_θ_tr, Γtot_θ_rt, Γtot_θ_tφ, Γtot_θ_φt, Γtot_θ_rφ, Γtot_θ_φr, Γtot_θ_θθ,
  ̲ Γ̵t̵o̵t̵_̵θ̵_̵t̵θ̵,̵  ̲ ̲Γtot_θ_θ̵tθ̲, Γtot_θ_θφ, Γtot_θ_φθ, Γtot]

Note: This linter can be disabled with `set_option linter.unusedSimpArgs false`
warning: Papers/P5_GeneralRelativity/GR/Riemann.lean:2558:201: This simp argument is unused:
  Γtot_θ_θφ

Hint: Omit it from the simp argument list.
  simp only [Γtot_θ_rθ, Γtot_θ_θr, Γtot_θ_φφ, Γtot_θ_tt,
  ̲  ̲ ̲ ̲Γtot_θ_rr, Γtot_θ_tr, Γtot_θ_rt, Γtot_θ_tφ, Γtot_θ_φt, Γtot_θ_rφ, Γtot_θ_φr, Γtot_θ_θθ,
  ̲  ̲ ̲ ̲Γtot_θ_tθ, Γtot_θ_θt, Γ̵t̵o̵t̵_̵θ̵_̵θ̵φ̵,̵ ̵Γtot_θ_φθ, Γtot]

Note: This linter can be disabled with `set_option linter.unusedSimpArgs false`
warning: Papers/P5_GeneralRelativity/GR/Riemann.lean:2558:212: This simp argument is unused:
  Γtot_θ_φθ

Hint: Omit it from the simp argument list.
  simp only [Γtot_θ_rθ, Γtot_θ_θr, Γtot_θ_φφ, Γtot_θ_tt,
  ̲  ̲ ̲ ̲Γtot_θ_rr, Γtot_θ_tr, Γtot_θ_rt, Γtot_θ_tφ, Γtot_θ_φt, Γtot_θ_rφ, Γtot_θ_φr, Γtot_θ_θθ,
  ̲ Γ̵t̵o̵t̵_̵θ̵_̵t̵θ̵,̵  ̲ ̲Γtot_θ_θ̵tθ̲, Γtot_θ_θφ̵t̲, Γtot_θ_θ̲φθ̵, Γtot]

Note: This linter can be disabled with `set_option linter.unusedSimpArgs false`
warning: Papers/P5_GeneralRelativity/GR/Riemann.lean:2559:47: This simp argument is unused:
  Γtot_φ_rφ

Hint: Omit it from the simp argument list.
  simp only [Γtot_φ_r̵φ,̵ ̵Γ̵t̵o̵t̵_̵φ̵_̵φ̵r, Γtot_φ_θφ, Γtot_φ_φθ, Γtot_φ_tt,
  ̲  ̲ ̲ ̲Γtot_φ_rr, Γtot_φ_tr, Γtot_φ_rt, Γtot_φ_tθ, Γtot_φ_θt, Γtot_φ_rθ, Γtot_φ_θr, Γtot_φ_θθ,
  ̲  ̲ ̲ ̲Γtot_φ_tφ, Γtot_φ_φt, Γtot_φ_φφ, Γtot]

Note: This linter can be disabled with `set_option linter.unusedSimpArgs false`
warning: Papers/P5_GeneralRelativity/GR/Riemann.lean:2559:58: This simp argument is unused:
  Γtot_φ_φr

Hint: Omit it from the simp argument list.
  simp only [Γtot_φ_rφ, Γtot_φ_φ̵r̵,̵ ̵Γ̵t̵o̵t̵_̵φ̵_̵θφ, Γtot_φ_φθ, Γtot_φ_tt,
  ̲  ̲ ̲ ̲Γtot_φ_rr, Γtot_φ_tr, Γtot_φ_rt, Γtot_φ_tθ, Γtot_φ_θt, Γtot_φ_rθ, Γtot_φ_θr, Γtot_φ_θθ,
  ̲  ̲ ̲ ̲Γtot_φ_tφ, Γtot_φ_φt, Γtot_φ_φφ, Γtot]

Note: This linter can be disabled with `set_option linter.unusedSimpArgs false`
warning: Papers/P5_GeneralRelativity/GR/Riemann.lean:2559:69: This simp argument is unused:
  Γtot_φ_θφ

Hint: Omit it from the simp argument list.
  simp only [Γtot_φ_rφ, Γtot_φ_φr, Γtot_φ_φ̲θ,̲ ̲Γ̲t̲o̲t̲_̲φ_̲t̲t̲,
  ̲ Γ̵t̵o̵t̵_̵φ̵_̵φ̵θ̵,̵ Γ̵t̵o̵t̵_̵φ̵_̵t̵t̵,̵  ̲Γtot_φ_rr, Γtot_φ_tr, Γtot_φ_rt, Γtot_φ_tθ, Γtot_φ_θt, Γtot_φ_rθ, Γtot_φ_θr, Γtot_φ_θθ,
  ̲  ̲ ̲ ̲Γtot_φ_tφ, Γtot_φ_φt, Γtot_φ_φφ, Γtot]

Note: This linter can be disabled with `set_option linter.unusedSimpArgs false`
warning: Papers/P5_GeneralRelativity/GR/Riemann.lean:2559:80: This simp argument is unused:
  Γtot_φ_φθ

Hint: Omit it from the simp argument list.
  simp only [Γtot_φ_rφ, Γtot_φ_φr, Γtot_φ_θφ, Γtot_φ_φ̵θ̵t̲t̲,
  ̲ Γ̵t̵o̵t̵_̵φ̵_̵t̵t̵,̵  ̲ ̲Γtot_φ_rr, Γtot_φ_tr, Γtot_φ_rt, Γtot_φ_tθ, Γtot_φ_θt, Γtot_φ_rθ, Γtot_φ_θr, Γtot_φ_θθ,
  ̲  ̲ ̲ ̲Γtot_φ_tφ, Γtot_φ_φt, Γtot_φ_φφ, Γtot]

Note: This linter can be disabled with `set_option linter.unusedSimpArgs false`
warning: Papers/P5_GeneralRelativity/GR/Riemann.lean:2559:91: This simp argument is unused:
  Γtot_φ_tt

Hint: Omit it from the simp argument list.
  simp only [Γtot_φ_rφ, Γtot_φ_φr, Γtot_φ_θφ, Γtot_φ_φθ,
  ̲ Γ̵t̵o̵t̵_̵φ̵_̵t̵t̵,̵  ̲ ̲Γtot_φ_rr, Γtot_φ_tr, Γtot_φ_rt, Γtot_φ_tθ, Γtot_φ_θt, Γtot_φ_rθ, Γtot_φ_θr, Γtot_φ_θθ,
  ̲  ̲ ̲ ̲Γtot_φ_tφ, Γtot_φ_φt, Γtot_φ_φφ, Γtot]

Note: This linter can be disabled with `set_option linter.unusedSimpArgs false`
warning: Papers/P5_GeneralRelativity/GR/Riemann.lean:2559:102: This simp argument is unused:
  Γtot_φ_rr

Hint: Omit it from the simp argument list.
  simp only [Γtot_φ_rφ, Γtot_φ_φr, Γtot_φ_θφ, Γtot_φ_φθ,
  ̲ Γ̵t̵o̵t̵_̵φ̵_̵t̵t̵,̵  ̲ ̲Γtot_φ_r̵r̵t̲t̲, Γtot_φ_tr, Γtot_φ_rt, Γtot_φ_tθ, Γtot_φ_θt, Γtot_φ_rθ, Γtot_φ_θr, Γtot_φ_θθ,
  ̲  ̲ ̲ ̲Γtot_φ_tφ, Γtot_φ_φt, Γtot_φ_φφ, Γtot]

Note: This linter can be disabled with `set_option linter.unusedSimpArgs false`
warning: Papers/P5_GeneralRelativity/GR/Riemann.lean:2559:113: This simp argument is unused:
  Γtot_φ_tr

Hint: Omit it from the simp argument list.
  simp only [Γtot_φ_rφ, Γtot_φ_φr, Γtot_φ_θφ, Γtot_φ_φθ,
  ̲  ̲ ̲ ̲Γtot_φ_tt, Γtot_φ_rr, Γtot_φ_t̵r,̵ ̵Γ̵to̵t̵_̵φ̵_̵r̵t̵, Γtot_φ_tθ, Γtot_φ_θt, Γtot_φ_rθ, Γtot_φ_θr, Γtot_φ_θθ,
  ̲  ̲ ̲ ̲Γtot_φ_tφ, Γtot_φ_φt, Γtot_φ_φφ, Γtot]

Note: This linter can be disabled with `set_option linter.unusedSimpArgs false`
warning: Papers/P5_GeneralRelativity/GR/Riemann.lean:2559:124: This simp argument is unused:
  Γtot_φ_rt

Hint: Omit it from the simp argument list.
  simp only [Γtot_φ_rφ, Γtot_φ_φr, Γtot_φ_θφ, Γtot_φ_φθ,
  ̲  ̲ ̲ ̲Γtot_φ_tt, Γtot_φ_rr, Γtot_φ_t̵t̲r, Γtot_φ_r̵t,̵ ̵Γ̵t̵o̵t̵_̵φ̵_̵t̵θ, Γtot_φ_θt, Γtot_φ_rθ, Γtot_φ_θr, Γtot_φ_θθ,
  ̲  ̲ ̲ ̲Γtot_φ_tφ, Γtot_φ_φt, Γtot_φ_φφ, Γtot]

Note: This linter can be disabled with `set_option linter.unusedSimpArgs false`
warning: Papers/P5_GeneralRelativity/GR/Riemann.lean:2559:135: This simp argument is unused:
  Γtot_φ_tθ

Hint: Omit it from the simp argument list.
  simp only [Γtot_φ_rφ, Γtot_φ_φr, Γtot_φ_θφ, Γtot_φ_φθ,
  ̲  ̲ ̲ ̲Γtot_φ_tt, Γtot_φ_rr, Γtot_φ_tr, Γtot_φ_rt, Γtot_φ_t̵θ,̵ ̵Γ̵to̵t̵_̵φ̵_̵θ̵t̵, Γtot_φ_rθ, Γtot_φ_θr, Γtot_φ_θθ,
  ̲  ̲ ̲ ̲Γtot_φ_tφ, Γtot_φ_φt, Γtot_φ_φφ, Γtot]

Note: This linter can be disabled with `set_option linter.unusedSimpArgs false`
warning: Papers/P5_GeneralRelativity/GR/Riemann.lean:2559:146: This simp argument is unused:
  Γtot_φ_θt

Hint: Omit it from the simp argument list.
  simp only [Γtot_φ_rφ, Γtot_φ_φr, Γtot_φ_θφ, Γtot_φ_φθ,
  ̲  ̲ ̲ ̲Γtot_φ_tt, Γtot_φ_rr, Γtot_φ_tr, Γtot_φ_rt, Γtot_φ_tθ, Γtot_φ_θ̵t̵,̵ ̵Γ̵t̵o̵t̵_̵φ̵_̵rθ, Γtot_φ_θr, Γtot_φ_θθ,
  ̲  ̲ ̲ ̲Γtot_φ_tφ, Γtot_φ_φt, Γtot_φ_φφ, Γtot]

Note: This linter can be disabled with `set_option linter.unusedSimpArgs false`
warning: Papers/P5_GeneralRelativity/GR/Riemann.lean:2559:157: This simp argument is unused:
  Γtot_φ_rθ

Hint: Omit it from the simp argument list.
  simp only [Γtot_φ_rφ, Γtot_φ_φr, Γtot_φ_θφ, Γtot_φ_φθ,
  ̲  ̲ ̲ ̲Γtot_φ_tt, Γtot_φ_rr, Γtot_φ_tr, Γtot_φ_rt, Γtot_φ_tθ, Γtot_φ_θt̵t̲, Γtot_φ_r̵θ,̵ ̵Γ̵t̵o̵t̵_̵φ̵_̵θ̵r, Γtot_φ_θθ,
  ̲  ̲ ̲ ̲Γtot_φ_tφ, Γtot_φ_φt, Γtot_φ_φφ, Γtot]

Note: This linter can be disabled with `set_option linter.unusedSimpArgs false`
warning: Papers/P5_GeneralRelativity/GR/Riemann.lean:2559:168: This simp argument is unused:
  Γtot_φ_θr

Hint: Omit it from the simp argument list.
  simp only [Γtot_φ_rφ, Γtot_φ_φr, Γtot_φ_θφ, Γtot_φ_φθ,
  ̲  ̲ ̲ ̲Γtot_φ_tt, Γtot_φ_rr, Γtot_φ_tr, Γtot_φ_rt, Γtot_φ_tθ, Γtot_φ_θt, Γtot_φ_rθ, Γ̵t̵o̵t̵_̵φ̵_̵θ̵r̵,̵ ̵Γtot_φ_θθ,
  ̲  ̲ ̲ ̲Γtot_φ_tφ, Γtot_φ_φt, Γtot_φ_φφ, Γtot]

Note: This linter can be disabled with `set_option linter.unusedSimpArgs false`
warning: Papers/P5_GeneralRelativity/GR/Riemann.lean:2559:179: This simp argument is unused:
  Γtot_φ_θθ

Hint: Omit it from the simp argument list.
  simp only [Γtot_φ_rφ, Γtot_φ_φr, Γtot_φ_θφ, Γtot_φ_φθ,
  ̲  ̲ ̲ ̲Γtot_φ_tt, Γtot_φ_rr, Γtot_φ_tr, Γtot_φ_rt, Γtot_φ_tθ, Γtot_φ_θt, Γtot_φ_rθ, Γtot_φ_θr,
  ̲ Γ̵t̵o̵t̵_̵φ̵_̵θ̵θ̵,̵  ̲ ̲Γtot_φ_tφ, Γtot_φ_φt, Γtot_φ_φφ, Γtot]

Note: This linter can be disabled with `set_option linter.unusedSimpArgs false`
warning: Papers/P5_GeneralRelativity/GR/Riemann.lean:2559:190: This simp argument is unused:
  Γtot_φ_tφ

Hint: Omit it from the simp argument list.
  simp only [Γtot_φ_rφ, Γtot_φ_φr, Γtot_φ_θφ, Γtot_φ_φθ,
  ̲  ̲ ̲ ̲Γtot_φ_tt, Γtot_φ_rr, Γtot_φ_tr, Γtot_φ_rt, Γtot_φ_tθ, Γtot_φ_θt, Γtot_φ_rθ, Γtot_φ_θr,
  ̲ Γ̵t̵o̵t̵_̵φ̵_̵θ̵θ̵,̵  ̲ ̲Γtot_φ_t̵φ̵θ̲θ̲, Γtot_φ_φt, Γtot_φ_φφ, Γtot]

Note: This linter can be disabled with `set_option linter.unusedSimpArgs false`
warning: Papers/P5_GeneralRelativity/GR/Riemann.lean:2559:201: This simp argument is unused:
  Γtot_φ_φt

Hint: Omit it from the simp argument list.
  simp only [Γtot_φ_rφ, Γtot_φ_φr, Γtot_φ_θφ, Γtot_φ_φθ,
  ̲  ̲ ̲ ̲Γtot_φ_tt, Γtot_φ_rr, Γtot_φ_tr, Γtot_φ_rt, Γtot_φ_tθ, Γtot_φ_θt, Γtot_φ_rθ, Γtot_φ_θr,
  ̲  ̲ ̲ ̲Γtot_φ_θθ, Γtot_φ_tφ, Γtot_φ_φt̵,̵ ̵Γ̵t̵o̵t̵_̵φ_̵φ̵φ̵, Γtot]

Note: This linter can be disabled with `set_option linter.unusedSimpArgs false`
warning: Papers/P5_GeneralRelativity/GR/Riemann.lean:2559:212: This simp argument is unused:
  Γtot_φ_φφ

Hint: Omit it from the simp argument list.
  simp only [Γtot_φ_rφ, Γtot_φ_φr, Γtot_φ_θφ, Γtot_φ_φθ,
  ̲  ̲ ̲ ̲Γtot_φ_tt, Γtot_φ_rr, Γtot_φ_tr, Γtot_φ_rt, Γtot_φ_tθ, Γtot_φ_θt, Γtot_φ_rθ, Γtot_φ_θr,
  ̲  ̲ ̲ ̲Γtot_φ_θθ, Γtot_φ_tφ, Γtot_φ_φt, Γtot_̵φ̵_̵φ̵φ̵,̵ ̵Γ̵t̵o̵t̵]

Note: This linter can be disabled with `set_option linter.unusedSimpArgs false`
warning: Papers/P5_GeneralRelativity/GR/Riemann.lean:2710:41: This simp argument is unused:
  deriv_const

Hint: Omit it from the simp argument list.
  simp only [sumIdx_expand, g, dCoord_t,̵ ̵d̵e̵r̵i̵v̵_̵c̵o̵n̵s̵t̵]

Note: This linter can be disabled with `set_option linter.unusedSimpArgs false`
warning: Papers/P5_GeneralRelativity/GR/Riemann.lean:2725:13: This simp argument is unused:
  Γtot_θ_rθ

Hint: Omit it from the simp argument list.
  simp only [̵Γ̵t̵o̵t̵_̵θ̵_̵r̵θ̵,̵ ̵Γ̵_̵θ̵_̵r̵θ̵,̵[̲Γ̲_̲θ̲_̲r̲θ̲,̲ Γtot_r_θθ, Γ_r_θθ, Γtot_θ_θr, f]

Note: This linter can be disabled with `set_option linter.unusedSimpArgs false`
warning: Papers/P5_GeneralRelativity/GR/Riemann.lean:2738:41: This simp argument is unused:
  deriv_const

Hint: Omit it from the simp argument list.
  simp only [sumIdx_expand, g, dCoord_φ,̵ ̵d̵e̵r̵i̵v̵_̵c̵o̵n̵s̵t̵]

Note: This linter can be disabled with `set_option linter.unusedSimpArgs false`
warning: Papers/P5_GeneralRelativity/GR/Riemann.lean:2739:13: This simp argument is unused:
  Γtot_φ_rφ

Hint: Omit it from the simp argument list.
  simp only [̵Γ̵t̵o̵t̵_̵φ̵_̵r̵φ̵,̵ ̵Γ̵_̵φ̵_̵r̵φ̵,̵[̲Γ̲_̲φ̲_̲r̲φ̲,̲ Γtot_r_φφ, Γ_r_φφ, Γtot_φ_φr, f]

Note: This linter can be disabled with `set_option linter.unusedSimpArgs false`
warning: Papers/P5_GeneralRelativity/GR/Riemann.lean:2752:41: This simp argument is unused:
  deriv_const

Hint: Omit it from the simp argument list.
  simp only [sumIdx_expand, g, dCoord_φ,̵ ̵d̵e̵r̵i̵v̵_̵c̵o̵n̵s̵t̵]

Note: This linter can be disabled with `set_option linter.unusedSimpArgs false`
warning: Papers/P5_GeneralRelativity/GR/Riemann.lean:2753:13: This simp argument is unused:
  Γtot_φ_θφ

Hint: Omit it from the simp argument list.
  simp only [̵Γ̵t̵o̵t̵_̵φ̵_̵θ̵φ̵,̵ ̵Γ̵_̵φ̵_̵θ̵φ̵,̵[̲Γ̲_̲φ̲_̲θ̲φ̲,̲ Γtot_θ_φφ, Γ_θ_φφ, Γtot_φ_φθ, f]

Note: This linter can be disabled with `set_option linter.unusedSimpArgs false`
warning: Papers/P5_GeneralRelativity/GR/Riemann.lean:2753:62: This simp argument is unused:
  f

Hint: Omit it from the simp argument list.
  simp only [Γtot_φ_θφ, Γ_φ_θφ, Γtot_θ_φφ, Γ_θ_φφ, Γtot_φ_φθ,̵ ̵f̵]

Note: This linter can be disabled with `set_option linter.unusedSimpArgs false`
warning: Papers/P5_GeneralRelativity/GR/Riemann.lean:2810:34: This simp argument is unused:
  g

Hint: Omit it from the simp argument list.
  simp only [sumIdx_expand,̵ ̵g̵]

Note: This linter can be disabled with `set_option linter.unusedSimpArgs false`
warning: Papers/P5_GeneralRelativity/GR/Riemann.lean:3290:14: This simp argument is unused:
  mul_comm

Hint: Omit it from the simp argument list.
  simp [̵m̵u̵l̵_̵c̵o̵m̵m̵,̵ ̵m̵u̵l̵_̵l̵e̵f̵t̵_̵c̵o̵m̵m̵,̵[̲m̲u̲l̲_̲l̲e̲f̲t̲_̲c̲o̲m̲m̲,̲ mul_assoc]

Note: This linter can be disabled with `set_option linter.unusedSimpArgs false`
warning: Papers/P5_GeneralRelativity/GR/Riemann.lean:3290:39: This simp argument is unused:
  mul_assoc

Hint: Omit it from the simp argument list.
  simp [mul_comm, mul_left_comm,̵ ̵m̵u̵l̵_̵a̵s̵s̵o̵c̵]

Note: This linter can be disabled with `set_option linter.unusedSimpArgs false`
warning: Papers/P5_GeneralRelativity/GR/Riemann.lean:3536:14: This simp argument is unused:
  mul_comm

Hint: Omit it from the simp argument list.
  simp [̵m̵u̵l̵_̵c̵o̵m̵m̵,̵ ̵m̵u̵l̵_̵l̵e̵f̵t̵_̵c̵o̵m̵m̵,̵[̲m̲u̲l̲_̲l̲e̲f̲t̲_̲c̲o̲m̲m̲,̲ mul_assoc]

Note: This linter can be disabled with `set_option linter.unusedSimpArgs false`
warning: Papers/P5_GeneralRelativity/GR/Riemann.lean:3536:39: This simp argument is unused:
  mul_assoc

Hint: Omit it from the simp argument list.
  simp [mul_comm, mul_left_comm,̵ ̵m̵u̵l̵_̵a̵s̵s̵o̵c̵]

Note: This linter can be disabled with `set_option linter.unusedSimpArgs false`
warning: Papers/P5_GeneralRelativity/GR/Riemann.lean:3696:10: This simp argument is unused:
  dCoord_t

Hint: Omit it from the simp argument list.
  simp ̵[̵d̵C̵o̵o̵r̵d̵_̵t̵]̵

Note: This linter can be disabled with `set_option linter.unusedSimpArgs false`
warning: Papers/P5_GeneralRelativity/GR/Riemann.lean:3700:10: This simp argument is unused:
  dCoord_φ

Hint: Omit it from the simp argument list.
  simp ̵[̵d̵C̵o̵o̵r̵d̵_̵φ̵]̵

Note: This linter can be disabled with `set_option linter.unusedSimpArgs false`
warning: Papers/P5_GeneralRelativity/GR/Riemann.lean:3887:50: This simp argument is unused:
  deriv_mul

Hint: Omit it from the simp argument list.
  simp only [deriv_const, deriv_const_mul, deriv_mul_const, deriv_pow_two_at, d̵e̵r̵i̵v̵_̵s̵i̵n̵_̵s̵q̵_̵a̵t̵,̵ ̵d̵e̵r̵i̵v̵_̵m̵u̵l̵]̵d̲e̲r̲i̲v̲_̲s̲i̲n̲_̲s̲q̲_̲a̲t̲]̲

Note: This linter can be disabled with `set_option linter.unusedSimpArgs false`
warning: Papers/P5_GeneralRelativity/GR/Riemann.lean:3890:10: 'ring' tactic does nothing

Note: This linter can be disabled with `set_option linter.unusedTactic false`
warning: Papers/P5_GeneralRelativity/GR/Riemann.lean:3890:10: this tactic is never executed

Note: This linter can be disabled with `set_option linter.unreachableTactic false`
warning: Papers/P5_GeneralRelativity/GR/Riemann.lean:3908:15: This simp argument is unused:
  dCoord_r

Hint: Omit it from the simp argument list.
  simp [g, dCoord_r̵,̵ ̵d̵C̵o̵o̵r̵d̵_̵θ, dCoord_t, dCoord_φ, deriv_const]

Note: This linter can be disabled with `set_option linter.unusedSimpArgs false`
warning: Papers/P5_GeneralRelativity/GR/Riemann.lean:3908:25: This simp argument is unused:
  dCoord_θ

Hint: Omit it from the simp argument list.
  simp [g, dCoord_r, dCoord_θ̵,̵ ̵d̵C̵o̵o̵r̵d̵_̵t, dCoord_φ, deriv_const]

Note: This linter can be disabled with `set_option linter.unusedSimpArgs false`
warning: Papers/P5_GeneralRelativity/GR/Riemann.lean:3908:35: This simp argument is unused:
  dCoord_t

Hint: Omit it from the simp argument list.
  simp [g, dCoord_r, dCoord_θ, dCoord_t̵,̵ ̵d̵C̵o̵o̵r̵d̵_̵φ, deriv_const]

Note: This linter can be disabled with `set_option linter.unusedSimpArgs false`
warning: Papers/P5_GeneralRelativity/GR/Riemann.lean:3908:45: This simp argument is unused:
  dCoord_φ

Hint: Omit it from the simp argument list.
  simp [g, dCoord_r, dCoord_θ, dCoord_t, dC̵o̵o̵r̵d̵_̵φ̵,̵ ̵d̵eriv_const]

Note: This linter can be disabled with `set_option linter.unusedSimpArgs false`
warning: Papers/P5_GeneralRelativity/GR/Riemann.lean:4203:6: try 'simp' instead of 'simpa'

Note: This linter can be disabled with `set_option linter.unnecessarySimpa false`
warning: Papers/P5_GeneralRelativity/GR/Riemann.lean:4203:6: try 'simp' instead of 'simpa'

Note: This linter can be disabled with `set_option linter.unnecessarySimpa false`
warning: Papers/P5_GeneralRelativity/GR/Riemann.lean:4203:6: try 'simp' instead of 'simpa'

Note: This linter can be disabled with `set_option linter.unnecessarySimpa false`
warning: Papers/P5_GeneralRelativity/GR/Riemann.lean:4203:6: try 'simp' instead of 'simpa'

Note: This linter can be disabled with `set_option linter.unnecessarySimpa false`
warning: Papers/P5_GeneralRelativity/GR/Riemann.lean:4203:6: try 'simp' instead of 'simpa'

Note: This linter can be disabled with `set_option linter.unnecessarySimpa false`
warning: Papers/P5_GeneralRelativity/GR/Riemann.lean:4203:6: try 'simp' instead of 'simpa'

Note: This linter can be disabled with `set_option linter.unnecessarySimpa false`
warning: Papers/P5_GeneralRelativity/GR/Riemann.lean:4203:6: try 'simp' instead of 'simpa'

Note: This linter can be disabled with `set_option linter.unnecessarySimpa false`
warning: Papers/P5_GeneralRelativity/GR/Riemann.lean:4203:6: try 'simp' instead of 'simpa'

Note: This linter can be disabled with `set_option linter.unnecessarySimpa false`
warning: Papers/P5_GeneralRelativity/GR/Riemann.lean:4203:6: try 'simp' instead of 'simpa'

Note: This linter can be disabled with `set_option linter.unnecessarySimpa false`
warning: Papers/P5_GeneralRelativity/GR/Riemann.lean:4203:6: try 'simp' instead of 'simpa'

Note: This linter can be disabled with `set_option linter.unnecessarySimpa false`
warning: Papers/P5_GeneralRelativity/GR/Riemann.lean:4203:6: try 'simp' instead of 'simpa'

Note: This linter can be disabled with `set_option linter.unnecessarySimpa false`
warning: Papers/P5_GeneralRelativity/GR/Riemann.lean:4203:6: try 'simp' instead of 'simpa'

Note: This linter can be disabled with `set_option linter.unnecessarySimpa false`
warning: Papers/P5_GeneralRelativity/GR/Riemann.lean:4203:6: try 'simp' instead of 'simpa'

Note: This linter can be disabled with `set_option linter.unnecessarySimpa false`
warning: Papers/P5_GeneralRelativity/GR/Riemann.lean:4203:6: try 'simp' instead of 'simpa'

Note: This linter can be disabled with `set_option linter.unnecessarySimpa false`
warning: Papers/P5_GeneralRelativity/GR/Riemann.lean:4203:6: try 'simp' instead of 'simpa'

Note: This linter can be disabled with `set_option linter.unnecessarySimpa false`
warning: Papers/P5_GeneralRelativity/GR/Riemann.lean:4203:6: try 'simp' instead of 'simpa'

Note: This linter can be disabled with `set_option linter.unnecessarySimpa false`
warning: Papers/P5_GeneralRelativity/GR/Riemann.lean:4201:25: This simp argument is unused:
  dCoord_θ

Hint: Omit it from the simp argument list.
  simp [d̵C̵o̵o̵r̵d̵_̵θ̵,̵ ̵g, deriv_const_mul, deriv_sin_sq_at]

Note: This linter can be disabled with `set_option linter.unusedSimpArgs false`
warning: Papers/P5_GeneralRelativity/GR/Riemann.lean:4201:38: This simp argument is unused:
  deriv_const_mul

Hint: Omit it from the simp argument list.
  simp [dCoord_θ, g, d̵e̵r̵i̵v̵_̵c̵o̵n̵s̵t̵_̵m̵u̵l̵,̵ ̵deriv_sin_sq_at]

Note: This linter can be disabled with `set_option linter.unusedSimpArgs false`
warning: Papers/P5_GeneralRelativity/GR/Riemann.lean:4201:55: This simp argument is unused:
  deriv_sin_sq_at

Hint: Omit it from the simp argument list.
  simp [dCoord_θ, g, deriv_const_mul,̵ ̵d̵e̵r̵i̵v̵_̵s̵i̵n̵_̵s̵q̵_̵a̵t̵]

Note: This linter can be disabled with `set_option linter.unusedSimpArgs false`
warning: Papers/P5_GeneralRelativity/GR/Riemann.lean:4207:6: 'simp [DifferentiableAt_r, dCoord_θ, g, deriv_const]' tactic does nothing

Note: This linter can be disabled with `set_option linter.unusedTactic false`
warning: Papers/P5_GeneralRelativity/GR/Riemann.lean:4207:6: this tactic is never executed

Note: This linter can be disabled with `set_option linter.unreachableTactic false`
warning: Papers/P5_GeneralRelativity/GR/Riemann.lean:4222:6: try 'simp' instead of 'simpa'

Note: This linter can be disabled with `set_option linter.unnecessarySimpa false`
warning: Papers/P5_GeneralRelativity/GR/Riemann.lean:4222:6: try 'simp' instead of 'simpa'

Note: This linter can be disabled with `set_option linter.unnecessarySimpa false`
warning: Papers/P5_GeneralRelativity/GR/Riemann.lean:4222:6: try 'simp' instead of 'simpa'

Note: This linter can be disabled with `set_option linter.unnecessarySimpa false`
warning: Papers/P5_GeneralRelativity/GR/Riemann.lean:4222:6: try 'simp' instead of 'simpa'

Note: This linter can be disabled with `set_option linter.unnecessarySimpa false`
warning: Papers/P5_GeneralRelativity/GR/Riemann.lean:4222:6: try 'simp' instead of 'simpa'

Note: This linter can be disabled with `set_option linter.unnecessarySimpa false`
warning: Papers/P5_GeneralRelativity/GR/Riemann.lean:4222:6: try 'simp' instead of 'simpa'

Note: This linter can be disabled with `set_option linter.unnecessarySimpa false`
warning: Papers/P5_GeneralRelativity/GR/Riemann.lean:4222:6: try 'simp' instead of 'simpa'

Note: This linter can be disabled with `set_option linter.unnecessarySimpa false`
warning: Papers/P5_GeneralRelativity/GR/Riemann.lean:4222:6: try 'simp' instead of 'simpa'

Note: This linter can be disabled with `set_option linter.unnecessarySimpa false`
warning: Papers/P5_GeneralRelativity/GR/Riemann.lean:4222:6: try 'simp' instead of 'simpa'

Note: This linter can be disabled with `set_option linter.unnecessarySimpa false`
warning: Papers/P5_GeneralRelativity/GR/Riemann.lean:4222:6: try 'simp' instead of 'simpa'

Note: This linter can be disabled with `set_option linter.unnecessarySimpa false`
warning: Papers/P5_GeneralRelativity/GR/Riemann.lean:4222:6: try 'simp' instead of 'simpa'

Note: This linter can be disabled with `set_option linter.unnecessarySimpa false`
warning: Papers/P5_GeneralRelativity/GR/Riemann.lean:4222:6: try 'simp' instead of 'simpa'

Note: This linter can be disabled with `set_option linter.unnecessarySimpa false`
warning: Papers/P5_GeneralRelativity/GR/Riemann.lean:4222:6: try 'simp' instead of 'simpa'

Note: This linter can be disabled with `set_option linter.unnecessarySimpa false`
warning: Papers/P5_GeneralRelativity/GR/Riemann.lean:4222:6: try 'simp' instead of 'simpa'

Note: This linter can be disabled with `set_option linter.unnecessarySimpa false`
warning: Papers/P5_GeneralRelativity/GR/Riemann.lean:4222:6: try 'simp' instead of 'simpa'

Note: This linter can be disabled with `set_option linter.unnecessarySimpa false`
warning: Papers/P5_GeneralRelativity/GR/Riemann.lean:4222:6: try 'simp' instead of 'simpa'

Note: This linter can be disabled with `set_option linter.unnecessarySimpa false`
warning: Papers/P5_GeneralRelativity/GR/Riemann.lean:4220:25: This simp argument is unused:
  dCoord_r

Hint: Omit it from the simp argument list.
  simp [d̵C̵o̵o̵r̵d̵_̵r̵,̵ ̵g, deriv_mul_const, deriv_pow_two_at]

Note: This linter can be disabled with `set_option linter.unusedSimpArgs false`
warning: Papers/P5_GeneralRelativity/GR/Riemann.lean:4220:38: This simp argument is unused:
  deriv_mul_const

Hint: Omit it from the simp argument list.
  simp [dCoord_r, g, deriv_m̵u̵l̵_̵c̵o̵n̵s̵t̵,̵ ̵d̵e̵r̵i̵v̵_̵pow_two_at]

Note: This linter can be disabled with `set_option linter.unusedSimpArgs false`
warning: Papers/P5_GeneralRelativity/GR/Riemann.lean:4220:55: This simp argument is unused:
  deriv_pow_two_at

Hint: Omit it from the simp argument list.
  simp [dCoord_r, g, deriv_mul_const,̵ ̵d̵e̵r̵i̵v̵_̵p̵o̵w̵_̵t̵w̵o̵_̵a̵t̵]

Note: This linter can be disabled with `set_option linter.unusedSimpArgs false`
warning: Papers/P5_GeneralRelativity/GR/Riemann.lean:4225:6: 'simp [DifferentiableAt_θ, dCoord_r, g, deriv_const, deriv_pow_two_at]' tactic does nothing

Note: This linter can be disabled with `set_option linter.unusedTactic false`
warning: Papers/P5_GeneralRelativity/GR/Riemann.lean:4225:6: this tactic is never executed

Note: This linter can be disabled with `set_option linter.unreachableTactic false`
warning: Papers/P5_GeneralRelativity/GR/Riemann.lean:4297:8: 'exact differentiableAt_g_φφ_θ M r θ' tactic does nothing

Note: This linter can be disabled with `set_option linter.unusedTactic false`
warning: Papers/P5_GeneralRelativity/GR/Riemann.lean:4298:8: 'all_goals simp [DifferentiableAt_θ, g]' tactic does nothing

Note: This linter can be disabled with `set_option linter.unusedTactic false`
warning: Papers/P5_GeneralRelativity/GR/Riemann.lean:4297:8: this tactic is never executed

Note: This linter can be disabled with `set_option linter.unreachableTactic false`
warning: Papers/P5_GeneralRelativity/GR/Riemann.lean:4298:8: this tactic is never executed

Note: This linter can be disabled with `set_option linter.unreachableTactic false`
warning: Papers/P5_GeneralRelativity/GR/Riemann.lean:4317:8: 'exact differentiableAt_g_φφ_θ M r θ' tactic does nothing

Note: This linter can be disabled with `set_option linter.unusedTactic false`
warning: Papers/P5_GeneralRelativity/GR/Riemann.lean:4318:8: 'all_goals simp [DifferentiableAt_θ, g]' tactic does nothing

Note: This linter can be disabled with `set_option linter.unusedTactic false`
warning: Papers/P5_GeneralRelativity/GR/Riemann.lean:4317:8: this tactic is never executed

Note: This linter can be disabled with `set_option linter.unreachableTactic false`
warning: Papers/P5_GeneralRelativity/GR/Riemann.lean:4318:8: this tactic is never executed

Note: This linter can be disabled with `set_option linter.unreachableTactic false`
warning: Papers/P5_GeneralRelativity/GR/Riemann.lean:4346:20: This simp argument is unused:
  mul_left_comm

Hint: Omit it from the simp argument list.
  simp [RiemannUp, sub_eq_add_neg, add_comm, add_left_comm, add_assoc, mul_comm, m̵u̵l̵_̵l̵e̵f̵t̵_̵c̵o̵m̵m̵,̵ ̵mul_assoc]

Note: This linter can be disabled with `set_option linter.unusedSimpArgs false`
warning: Papers/P5_GeneralRelativity/GR/Riemann.lean:4390:20: This simp argument is unused:
  mul_left_comm

Hint: Omit it from the simp argument list.
  simp [RiemannUp, sub_eq_add_neg, add_comm, add_left_comm, add_assoc, mul_comm, m̵u̵l̵_̵l̵e̵f̵t̵_̵c̵o̵m̵m̵,̵ ̵mul_assoc]

Note: This linter can be disabled with `set_option linter.unusedSimpArgs false`
warning: Papers/P5_GeneralRelativity/GR/Riemann.lean:4448:10: try 'simp' instead of 'simpa'

Note: This linter can be disabled with `set_option linter.unnecessarySimpa false`
warning: Papers/P5_GeneralRelativity/GR/Riemann.lean:4520:4: try 'simp' instead of 'simpa'

Note: This linter can be disabled with `set_option linter.unnecessarySimpa false`
warning: Papers/P5_GeneralRelativity/GR/Riemann.lean:4709:14: try 'simp' instead of 'simpa'

Note: This linter can be disabled with `set_option linter.unnecessarySimpa false`
info: Papers/P5_GeneralRelativity/GR/Riemann.lean:4720:12: Try this: ring_nf
warning: Papers/P5_GeneralRelativity/GR/Riemann.lean:4540:42: unused variable `hθ`

Note: This linter can be disabled with `set_option linter.unusedVariables false`
warning: Papers/P5_GeneralRelativity/GR/Riemann.lean:4769:22: This simp argument is unused:
  add_mul

Hint: Omit it from the simp argument list.
  simp only [mul_add, a̵d̵d̵_̵m̵u̵l̵,̵ ̵sub_eq_add_neg, Finset.sum_add_distrib, Finset.sum_sub_distrib]

Note: This linter can be disabled with `set_option linter.unusedSimpArgs false`
warning: Papers/P5_GeneralRelativity/GR/Riemann.lean:4770:13: This simp argument is unused:
  Finset.sum_add_distrib

Hint: Omit it from the simp argument list.
  simp only [mul_add, add_mul, sub_eq_add_neg, F̵i̵n̵s̵e̵t̵.̵s̵u̵m̵_̵a̵d̵d̵_̵d̵i̵s̵t̵r̵i̵b̵,̵ ̵Finset.sum_sub_distrib]

Note: This linter can be disabled with `set_option linter.unusedSimpArgs false`
warning: Papers/P5_GeneralRelativity/GR/Riemann.lean:4770:37: This simp argument is unused:
  Finset.sum_sub_distrib

Hint: Omit it from the simp argument list.
  simp only [mul_add, add_mul, sub_eq_add_neg, F̵i̵n̵s̵e̵t̵.̵s̵u̵m̵_̵a̵d̵d̵_̵d̵i̵s̵t̵r̵i̵b̵,̵ ̵F̵i̵n̵s̵e̵t̵.̵s̵u̵m̵_̵s̵u̵b̵_̵d̵i̵s̵t̵r̵i̵b̵]̵F̲i̲n̲s̲e̲t̲.̲s̲u̲m̲_̲a̲d̲d̲_̲d̲i̲s̲t̲r̲i̲b̲]̲

Note: This linter can be disabled with `set_option linter.unusedSimpArgs false`
warning: Papers/P5_GeneralRelativity/GR/Riemann.lean:4785:18: This simp argument is unused:
  sumIdx_mul_g_left

Hint: Omit it from the simp argument list.
  simp only [g,̵ ̵s̵u̵m̵I̵d̵x̵_̵m̵u̵l̵_̵g̵_̵l̵e̵f̵t̵]

Note: This linter can be disabled with `set_option linter.unusedSimpArgs false`
warning: Papers/P5_GeneralRelativity/GR/Riemann.lean:4798:18: This simp argument is unused:
  sumIdx_mul_g_left

Hint: Omit it from the simp argument list.
  simp only [g,̵ ̵s̵u̵m̵I̵d̵x̵_̵m̵u̵l̵_̵g̵_̵l̵e̵f̵t̵]

Note: This linter can be disabled with `set_option linter.unusedSimpArgs false`
warning: Papers/P5_GeneralRelativity/GR/Riemann.lean:4850:20: This simp argument is unused:
  mul_left_comm

Hint: Omit it from the simp argument list.
  simp [mul_comm, mul_l̵e̵f̵t̵_̵c̵o̵m̵m̵,̵ ̵m̵u̵l̵_̵assoc]

Note: This linter can be disabled with `set_option linter.unusedSimpArgs false`
warning: Papers/P5_GeneralRelativity/GR/Riemann.lean:4850:35: This simp argument is unused:
  mul_assoc

Hint: Omit it from the simp argument list.
  simp [mul_comm, mul_left_comm,̵ ̵m̵u̵l̵_̵a̵s̵s̵o̵c̵]

Note: This linter can be disabled with `set_option linter.unusedSimpArgs false`
warning: Papers/P5_GeneralRelativity/GR/Riemann.lean:4860:20: This simp argument is unused:
  mul_left_comm

Hint: Omit it from the simp argument list.
  simp [mul_comm, mul_l̵e̵f̵t̵_̵c̵o̵m̵m̵,̵ ̵m̵u̵l̵_̵assoc]

Note: This linter can be disabled with `set_option linter.unusedSimpArgs false`
warning: Papers/P5_GeneralRelativity/GR/Riemann.lean:4860:35: This simp argument is unused:
  mul_assoc

Hint: Omit it from the simp argument list.
  simp [mul_comm, mul_left_comm,̵ ̵m̵u̵l̵_̵a̵s̵s̵o̵c̵]

Note: This linter can be disabled with `set_option linter.unusedSimpArgs false`
warning: Papers/P5_GeneralRelativity/GR/Riemann.lean:5072:23: This simp argument is unused:
  this

Hint: Omit it from the simp argument list.
  simp only [A, C,̵ ̵t̵h̵i̵s̵]

Note: This linter can be disabled with `set_option linter.unusedSimpArgs false`
warning: Papers/P5_GeneralRelativity/GR/Riemann.lean:5080:23: This simp argument is unused:
  this

Hint: Omit it from the simp argument list.
  simp only [B, D,̵ ̵t̵h̵i̵s̵]

Note: This linter can be disabled with `set_option linter.unusedSimpArgs false`
warning: Papers/P5_GeneralRelativity/GR/Riemann.lean:5371:19: This simp argument is unused:
  Idx.noConfusion

Hint: Omit it from the simp argument list.
  simp ̵[̵I̵d̵x̵.̵n̵o̵C̵o̵n̵f̵u̵s̵i̵o̵n̵]̵

Note: This linter can be disabled with `set_option linter.unusedSimpArgs false`
warning: Papers/P5_GeneralRelativity/GR/Riemann.lean:5372:19: This simp argument is unused:
  Idx.noConfusion

Hint: Omit it from the simp argument list.
  simp ̵[̵I̵d̵x̵.̵n̵o̵C̵o̵n̵f̵u̵s̵i̵o̵n̵]̵

Note: This linter can be disabled with `set_option linter.unusedSimpArgs false`
warning: Papers/P5_GeneralRelativity/GR/Riemann.lean:5392:24: This simp argument is unused:
  Idx.noConfusion

Hint: Omit it from the simp argument list.
  simp ̵[̵I̵d̵x̵.̵n̵o̵C̵o̵n̵f̵u̵s̵i̵o̵n̵]̵

Note: This linter can be disabled with `set_option linter.unusedSimpArgs false`
warning: Papers/P5_GeneralRelativity/GR/Riemann.lean:5392:61: This simp argument is unused:
  Idx.noConfusion

Hint: Omit it from the simp argument list.
  simp ̵[̵I̵d̵x̵.̵n̵o̵C̵o̵n̵f̵u̵s̵i̵o̵n̵]̵

Note: This linter can be disabled with `set_option linter.unusedSimpArgs false`
warning: Papers/P5_GeneralRelativity/GR/Riemann.lean:5395:13: This simp argument is unused:
  reshape

Hint: Omit it from the simp argument list.
  simp only [̵r̵e̵s̵h̵a̵p̵e̵,̵ ̵s̵t̵e̵p̵₁̵,̵[̲s̲t̲e̲p̲₁̲,̲ step₂]

Note: This linter can be disabled with `set_option linter.unusedSimpArgs false`
warning: Papers/P5_GeneralRelativity/GR/Riemann.lean:5403:17: unused variable `h_ext`

Note: This linter can be disabled with `set_option linter.unusedVariables false`
warning: Papers/P5_GeneralRelativity/GR/Riemann.lean:5452:19: This simp argument is unused:
  Idx.noConfusion

Hint: Omit it from the simp argument list.
  simp ̵[̵I̵d̵x̵.̵n̵o̵C̵o̵n̵f̵u̵s̵i̵o̵n̵]̵

Note: This linter can be disabled with `set_option linter.unusedSimpArgs false`
warning: Papers/P5_GeneralRelativity/GR/Riemann.lean:5453:19: This simp argument is unused:
  Idx.noConfusion

Hint: Omit it from the simp argument list.
  simp ̵[̵I̵d̵x̵.̵n̵o̵C̵o̵n̵f̵u̵s̵i̵o̵n̵]̵

Note: This linter can be disabled with `set_option linter.unusedSimpArgs false`
warning: Papers/P5_GeneralRelativity/GR/Riemann.lean:5475:24: This simp argument is unused:
  Idx.noConfusion

Hint: Omit it from the simp argument list.
  simp ̵[̵I̵d̵x̵.̵n̵o̵C̵o̵n̵f̵u̵s̵i̵o̵n̵]̵

Note: This linter can be disabled with `set_option linter.unusedSimpArgs false`
warning: Papers/P5_GeneralRelativity/GR/Riemann.lean:5475:61: This simp argument is unused:
  Idx.noConfusion

Hint: Omit it from the simp argument list.
  simp ̵[̵I̵d̵x̵.̵n̵o̵C̵o̵n̵f̵u̵s̵i̵o̵n̵]̵

Note: This linter can be disabled with `set_option linter.unusedSimpArgs false`
warning: Papers/P5_GeneralRelativity/GR/Riemann.lean:5479:13: This simp argument is unused:
  reshape

Hint: Omit it from the simp argument list.
  simp only [̵r̵e̵s̵h̵a̵p̵e̵,̵ ̵s̵t̵e̵p̵₁̵,̵[̲s̲t̲e̲p̲₁̲,̲ step₂]

Note: This linter can be disabled with `set_option linter.unusedSimpArgs false`
error: Papers/P5_GeneralRelativity/GR/Riemann.lean:5545:6: Tactic `rewrite` failed: Did not find an occurrence of the pattern
  (((sumIdx fun ρ =>
          dCoord Idx.r (fun r θ => Γtot M r θ ρ Idx.θ a) r θ * g M ρ b r θ +
            Γtot M r θ ρ Idx.θ a * dCoord Idx.r (fun r θ => g M ρ b r θ) r θ) -
        sumIdx fun ρ =>
          dCoord Idx.θ (fun r θ => Γtot M r θ ρ Idx.r a) r θ * g M ρ b r θ +
            Γtot M r θ ρ Idx.θ b * dCoord Idx.r (fun r θ => g M a ρ r θ) r θ) +
      sumIdx fun ρ => g M ρ b r θ * sumIdx fun lam => Γtot M r θ ρ Idx.r lam * Γtot M r θ lam Idx.θ a) -
    sumIdx fun ρ => g M ρ b r θ * sumIdx fun lam => Γtot M r θ ρ Idx.θ lam * Γtot M r θ lam Idx.r a
in the target expression
  ((((dCoord Idx.r (fun r θ => dCoord Idx.θ (fun r θ => g M a b r θ) r θ) r θ -
              sumIdx fun e =>
                dCoord Idx.r (fun r θ => Γtot M r θ e Idx.θ a) r θ * g M e b r θ +
                  Γtot M r θ e Idx.θ a * dCoord Idx.r (fun r θ => g M e b r θ) r θ) -
            sumIdx fun e =>
              dCoord Idx.r (fun r θ => Γtot M r θ e Idx.θ b) r θ * g M a e r θ +
                Γtot M r θ e Idx.θ b * dCoord Idx.r (fun r θ => g M a e r θ) r θ) -
          sumIdx fun d =>
            Γtot M r θ d a Idx.r *
              ((dCoord Idx.θ (fun r θ => g M d b r θ) r θ - sumIdx fun e => Γtot M r θ e Idx.θ d * g M e b r θ) -
                sumIdx fun e => Γtot M r θ e Idx.θ b * g M d e r θ)) -
        sumIdx fun d =>
          Γtot M r θ d b Idx.r *
            ((dCoord Idx.θ (fun r θ => g M a d r θ) r θ - sumIdx fun e => Γtot M r θ e Idx.θ a * g M e d r θ) -
              sumIdx fun e => Γtot M r θ e Idx.θ d * g M a e r θ)) -
      ((((dCoord Idx.θ (fun r θ => dCoord Idx.r (fun r θ => g M a b r θ) r θ) r θ -
              sumIdx fun e =>
                dCoord Idx.θ (fun r θ => Γtot M r θ e Idx.r a) r θ * g M e b r θ +
                  Γtot M r θ e Idx.r a * dCoord Idx.θ (fun r θ => g M e b r θ) r θ) -
            sumIdx fun e =>
              dCoord Idx.θ (fun r θ => Γtot M r θ e Idx.r b) r θ * g M a e r θ +
                Γtot M r θ e Idx.r b * dCoord Idx.θ (fun r θ => g M a e r θ) r θ) -
          sumIdx fun d =>
            Γtot M r θ d a Idx.θ *
              ((dCoord Idx.r (fun r θ => g M d b r θ) r θ - sumIdx fun e => Γtot M r θ e Idx.r d * g M e b r θ) -
                sumIdx fun e => Γtot M r θ e Idx.r b * g M d e r θ)) -
        sumIdx fun d =>
          Γtot M r θ d b Idx.θ *
            ((dCoord Idx.r (fun r θ => g M a d r θ) r θ - sumIdx fun e => Γtot M r θ e Idx.r a * g M e d r θ) -
              sumIdx fun e => Γtot M r θ e Idx.r d * g M a e r θ)) =
    -Riemann M r θ b a Idx.r Idx.θ - Riemann M r θ a b Idx.r Idx.θ

M r θ : ℝ
h_ext : Exterior M r θ
h_θ : sin θ ≠ 0
a b : Idx
G : Idx → ℝ := fun ρ => g M ρ b r θ
A : Idx → ℝ := fun ρ => dCoord Idx.r (fun r θ => Γtot M r θ ρ Idx.θ a) r θ
B : Idx → ℝ := fun ρ => dCoord Idx.θ (fun r θ => Γtot M r θ ρ Idx.r a) r θ
C : Idx → ℝ := fun ρ => sumIdx fun lam => Γtot M r θ ρ Idx.r lam * Γtot M r θ lam Idx.θ a
D : Idx → ℝ := fun ρ => sumIdx fun lam => Γtot M r θ ρ Idx.θ lam * Γtot M r θ lam Idx.r a
Pᵣ : Idx → ℝ := fun ρ => Γtot M r θ ρ Idx.θ a * dCoord Idx.r (fun r θ => g M ρ b r θ) r θ
Qᵣ : Idx → ℝ := fun ρ => Γtot M r θ ρ Idx.θ b * dCoord Idx.r (fun r θ => g M a ρ r θ) r θ
hcollect :
  ((((sumIdx fun ρ =>
            dCoord Idx.r (fun r θ => Γtot M r θ ρ Idx.θ a) r θ * g M ρ b r θ +
              Γtot M r θ ρ Idx.θ a * dCoord Idx.r (fun r θ => g M ρ b r θ) r θ) -
          sumIdx fun ρ =>
            dCoord Idx.θ (fun r θ => Γtot M r θ ρ Idx.r a) r θ * g M ρ b r θ +
              Γtot M r θ ρ Idx.θ b * dCoord Idx.r (fun r θ => g M a ρ r θ) r θ) +
        sumIdx fun ρ => g M ρ b r θ * sumIdx fun lam => Γtot M r θ ρ Idx.r lam * Γtot M r θ lam Idx.θ a) -
      sumIdx fun ρ => g M ρ b r θ * sumIdx fun lam => Γtot M r θ ρ Idx.θ lam * Γtot M r θ lam Idx.r a) =
    (sumIdx fun ρ =>
        g M ρ b r θ *
          (dCoord Idx.r (fun r θ => Γtot M r θ ρ Idx.θ a) r θ - dCoord Idx.θ (fun r θ => Γtot M r θ ρ Idx.r a) r θ +
            ((sumIdx fun lam => Γtot M r θ ρ Idx.r lam * Γtot M r θ lam Idx.θ a) -
              sumIdx fun lam => Γtot M r θ ρ Idx.θ lam * Γtot M r θ lam Idx.r a))) +
      sumIdx fun ρ =>
        Γtot M r θ ρ Idx.θ a * dCoord Idx.r (fun r θ => g M ρ b r θ) r θ -
          Γtot M r θ ρ Idx.θ b * dCoord Idx.r (fun r θ => g M a ρ r θ) r θ
⊢ ((((dCoord Idx.r (fun r θ => dCoord Idx.θ (fun r θ => g M a b r θ) r θ) r θ -
              sumIdx fun e =>
                dCoord Idx.r (fun r θ => Γtot M r θ e Idx.θ a) r θ * g M e b r θ +
                  Γtot M r θ e Idx.θ a * dCoord Idx.r (fun r θ => g M e b r θ) r θ) -
            sumIdx fun e =>
              dCoord Idx.r (fun r θ => Γtot M r θ e Idx.θ b) r θ * g M a e r θ +
                Γtot M r θ e Idx.θ b * dCoord Idx.r (fun r θ => g M a e r θ) r θ) -
          sumIdx fun d =>
            Γtot M r θ d a Idx.r *
              ((dCoord Idx.θ (fun r θ => g M d b r θ) r θ - sumIdx fun e => Γtot M r θ e Idx.θ d * g M e b r θ) -
                sumIdx fun e => Γtot M r θ e Idx.θ b * g M d e r θ)) -
        sumIdx fun d =>
          Γtot M r θ d b Idx.r *
            ((dCoord Idx.θ (fun r θ => g M a d r θ) r θ - sumIdx fun e => Γtot M r θ e Idx.θ a * g M e d r θ) -
              sumIdx fun e => Γtot M r θ e Idx.θ d * g M a e r θ)) -
      ((((dCoord Idx.θ (fun r θ => dCoord Idx.r (fun r θ => g M a b r θ) r θ) r θ -
              sumIdx fun e =>
                dCoord Idx.θ (fun r θ => Γtot M r θ e Idx.r a) r θ * g M e b r θ +
                  Γtot M r θ e Idx.r a * dCoord Idx.θ (fun r θ => g M e b r θ) r θ) -
            sumIdx fun e =>
              dCoord Idx.θ (fun r θ => Γtot M r θ e Idx.r b) r θ * g M a e r θ +
                Γtot M r θ e Idx.r b * dCoord Idx.θ (fun r θ => g M a e r θ) r θ) -
          sumIdx fun d =>
            Γtot M r θ d a Idx.θ *
              ((dCoord Idx.r (fun r θ => g M d b r θ) r θ - sumIdx fun e => Γtot M r θ e Idx.r d * g M e b r θ) -
                sumIdx fun e => Γtot M r θ e Idx.r b * g M d e r θ)) -
        sumIdx fun d =>
          Γtot M r θ d b Idx.θ *
            ((dCoord Idx.r (fun r θ => g M a d r θ) r θ - sumIdx fun e => Γtot M r θ e Idx.r a * g M e d r θ) -
              sumIdx fun e => Γtot M r θ e Idx.r d * g M a e r θ)) =
    -Riemann M r θ b a Idx.r Idx.θ - Riemann M r θ a b Idx.r Idx.θ
warning: Papers/P5_GeneralRelativity/GR/Riemann.lean:5567:6: declaration uses 'sorry'
warning: Papers/P5_GeneralRelativity/GR/Riemann.lean:5576:6: declaration uses 'sorry'
warning: Papers/P5_GeneralRelativity/GR/Riemann.lean:5591:6: declaration uses 'sorry'
warning: Papers/P5_GeneralRelativity/GR/Riemann.lean:5748:38: unused variable `h_sin_nz`

Note: This linter can be disabled with `set_option linter.unusedVariables false`
warning: Papers/P5_GeneralRelativity/GR/Riemann.lean:5785:5: unused variable `hM`

Note: This linter can be disabled with `set_option linter.unusedVariables false`
warning: Papers/P5_GeneralRelativity/GR/Riemann.lean:5785:18: unused variable `h_ext`

Note: This linter can be disabled with `set_option linter.unusedVariables false`
warning: Papers/P5_GeneralRelativity/GR/Riemann.lean:5809:38: unused variable `h_sin_nz`

Note: This linter can be disabled with `set_option linter.unusedVariables false`
warning: Papers/P5_GeneralRelativity/GR/Riemann.lean:5840:5: unused variable `hM`

Note: This linter can be disabled with `set_option linter.unusedVariables false`
warning: Papers/P5_GeneralRelativity/GR/Riemann.lean:5840:18: unused variable `h_ext`

Note: This linter can be disabled with `set_option linter.unusedVariables false`
warning: Papers/P5_GeneralRelativity/GR/Riemann.lean:5840:38: unused variable `h_sin_nz`

Note: This linter can be disabled with `set_option linter.unusedVariables false`
warning: Papers/P5_GeneralRelativity/GR/Riemann.lean:5937:40: unused variable `h_sin_nz`

Note: This linter can be disabled with `set_option linter.unusedVariables false`
warning: Papers/P5_GeneralRelativity/GR/Riemann.lean:5954:6: This simp argument is unused:
  Γtot_t_tr

Hint: Omit it from the simp argument list.
  simp only [dCoord_r, dCoord_t, sumIdx_expand, Γtot,
  ̵  ̵ ̵ ̵ ̵ ̵Γtot_t̵_̵t̵r,̵ ̵Γ̵t̵o̵t̵_r_̵rr̵, Γtot_t_rr, deriv_const]

Note: This linter can be disabled with `set_option linter.unusedSimpArgs false`
warning: Papers/P5_GeneralRelativity/GR/Riemann.lean:5954:17: This simp argument is unused:
  Γtot_r_rr

Hint: Omit it from the simp argument list.
  simp only [dCoord_r, dCoord_t, sumIdx_expand, Γtot, Γtot_t_tr, Γ̵t̵o̵t̵_̵r̵_̵r̵r̵,̵ ̵Γtot_t_rr, deriv_const]

Note: This linter can be disabled with `set_option linter.unusedSimpArgs false`
warning: Papers/P5_GeneralRelativity/GR/Riemann.lean:5954:28: This simp argument is unused:
  Γtot_t_rr

Hint: Omit it from the simp argument list.
  simp only [dCoord_r, dCoord_t, sumIdx_expand, Γtot, Γtot_t_tr, Γtot_r_rr, Γ̵t̵o̵t̵_̵t̵_̵r̵r̵,̵ ̵deriv_const]

Note: This linter can be disabled with `set_option linter.unusedSimpArgs false`
warning: Papers/P5_GeneralRelativity/GR/Riemann.lean:5954:39: This simp argument is unused:
  deriv_const

Hint: Omit it from the simp argument list.
  simp only [dCoord_r, dCoord_t, sumIdx_expand, Γtot, Γtot_t_tr, Γtot_r_rr, Γ̵t̵o̵t̵_̵t̵_̵r̵r̵,̵ ̵d̵e̵r̵i̵v̵_̵c̵o̵n̵s̵t̵]̵Γ̲t̲o̲t̲_̲t̲_̲r̲r̲]̲

Note: This linter can be disabled with `set_option linter.unusedSimpArgs false`
warning: Papers/P5_GeneralRelativity/GR/Riemann.lean:5969:40: unused variable `h_sin_nz`

Note: This linter can be disabled with `set_option linter.unusedVariables false`
warning: Papers/P5_GeneralRelativity/GR/Riemann.lean:5980:40: unused variable `h_sin_nz`

Note: This linter can be disabled with `set_option linter.unusedVariables false`
warning: Papers/P5_GeneralRelativity/GR/Riemann.lean:6030:43: try 'simp' instead of 'simpa'

Note: This linter can be disabled with `set_option linter.unnecessarySimpa false`
info: Papers/P5_GeneralRelativity/GR/Riemann.lean:6081:2: Try this: ring_nf
warning: Papers/P5_GeneralRelativity/GR/Riemann.lean:6066:6: This simp argument is unused:
  Γtot_r_tt

Hint: Omit it from the simp argument list.
  simp only [dCoord_r, dCoord_t, sumIdx_expand, Γtot, Γ̵t̵o̵t̵_̵r̵_̵t̵t̵,̵ ̵Γtot_t_rt, Γtot_r_rr, Γtot_t_tr]

Note: This linter can be disabled with `set_option linter.unusedSimpArgs false`
warning: Papers/P5_GeneralRelativity/GR/Riemann.lean:6066:17: This simp argument is unused:
  Γtot_t_rt

Hint: Omit it from the simp argument list.
  simp only [dCoord_r, dCoord_t, sumIdx_expand, Γtot, Γtot_r_tt, Γ̵t̵o̵t̵_̵t̵_̵r̵t̵,̵ ̵Γtot_r_rr, Γtot_t_tr]

Note: This linter can be disabled with `set_option linter.unusedSimpArgs false`
warning: Papers/P5_GeneralRelativity/GR/Riemann.lean:6066:28: This simp argument is unused:
  Γtot_r_rr

Hint: Omit it from the simp argument list.
  simp only [dCoord_r, dCoord_t, sumIdx_expand, Γtot, Γtot_r_tt, Γtot_t_rt, Γ̵t̵o̵t̵_̵r̵_̵r̵r̵,̵ ̵Γtot_t_tr]

Note: This linter can be disabled with `set_option linter.unusedSimpArgs false`
warning: Papers/P5_GeneralRelativity/GR/Riemann.lean:6066:39: This simp argument is unused:
  Γtot_t_tr

Hint: Omit it from the simp argument list.
  simp only [dCoord_r, dCoord_t, sumIdx_expand, Γtot, Γtot_r_tt, Γtot_t_rt, Γ̵t̵o̵t̵_̵r̵_̵r̵r̵,̵ ̵Γ̵t̵o̵t̵_̵t̵_̵t̵r̵]̵Γ̲t̲o̲t̲_̲r̲_̲r̲r̲]̲

Note: This linter can be disabled with `set_option linter.unusedSimpArgs false`
info: Papers/P5_GeneralRelativity/GR/Riemann.lean:6130:2: Try this: ring_nf
warning: Papers/P5_GeneralRelativity/GR/Riemann.lean:6123:6: This simp argument is unused:
  Γtot_t_tr

Hint: Omit it from the simp argument list.
  simp only [dCoord_t, dCoord_θ, sumIdx_expand, Γtot,
  ̵  ̵ ̵ ̵ ̵ ̵Γtot_t̵_̵t̵r,̵ ̵Γ̵t̵o̵t̵_r̵_̵θθ, Γtot_t_θθ, deriv_const]

Note: This linter can be disabled with `set_option linter.unusedSimpArgs false`
warning: Papers/P5_GeneralRelativity/GR/Riemann.lean:6123:17: This simp argument is unused:
  Γtot_r_θθ

Hint: Omit it from the simp argument list.
  simp only [dCoord_t, dCoord_θ, sumIdx_expand, Γtot, Γtot_t_tr, Γ̵t̵o̵t̵_̵r̵_̵θ̵θ̵,̵ ̵Γtot_t_θθ, deriv_const]

Note: This linter can be disabled with `set_option linter.unusedSimpArgs false`
warning: Papers/P5_GeneralRelativity/GR/Riemann.lean:6123:28: This simp argument is unused:
  Γtot_t_θθ

Hint: Omit it from the simp argument list.
  simp only [dCoord_t, dCoord_θ, sumIdx_expand, Γtot,
  ̵  ̵ ̵ ̵ ̵ ̵Γtot_t_tr, Γtot_r_θθ, Γ̵t̵o̵t̵_̵t̵_̵θ̵θ̵,̵ ̵deriv_const]

Note: This linter can be disabled with `set_option linter.unusedSimpArgs false`
warning: Papers/P5_GeneralRelativity/GR/Riemann.lean:6161:4: try 'simp' instead of 'simpa'

Note: This linter can be disabled with `set_option linter.unnecessarySimpa false`
warning: Papers/P5_GeneralRelativity/GR/Riemann.lean:6152:6: This simp argument is unused:
  Γtot_r_θθ

Hint: Omit it from the simp argument list.
  simp only [dCoord_r, dCoord_θ, sumIdx_expand, Γtot,
  ̵  ̵ ̵ ̵ ̵ ̵Γtot_r_θ̵θ̵,̵ ̵Γ̵t̵o̵t̵_̵r_̵rr̵, Γtot_θ_rθ, deriv_const]

Note: This linter can be disabled with `set_option linter.unusedSimpArgs false`
warning: Papers/P5_GeneralRelativity/GR/Riemann.lean:6152:17: This simp argument is unused:
  Γtot_r_rr

Hint: Omit it from the simp argument list.
  simp only [dCoord_r, dCoord_θ, sumIdx_expand, Γtot, Γtot_r_θθ, Γ̵t̵o̵t̵_̵r̵_̵r̵r̵,̵ ̵Γtot_θ_rθ, deriv_const]

Note: This linter can be disabled with `set_option linter.unusedSimpArgs false`
warning: Papers/P5_GeneralRelativity/GR/Riemann.lean:6152:28: This simp argument is unused:
  Γtot_θ_rθ

Hint: Omit it from the simp argument list.
  simp only [dCoord_r, dCoord_θ, sumIdx_expand, Γtot, Γtot_r_θθ, Γtot_r_rr, Γ̵t̵o̵t̵_̵θ̵_̵r̵θ̵,̵ ̵deriv_const]

Note: This linter can be disabled with `set_option linter.unusedSimpArgs false`
warning: Papers/P5_GeneralRelativity/GR/Riemann.lean:6187:15: This simp argument is unused:
  Γtot_φ_θθ

Hint: Omit it from the simp argument list.
  simp only [dCoord_φ, dCoord_θ, sumIdx_expand, Γtot, Γ̵t̵o̵t̵_̵φ̵_̵θ̵θ̵,̵ ̵Γtot_φ_φθ, Γtot_φ_rφ, Γtot_r_θθ,
  ̲  ̲ ̲ ̲ ̲ ̲deriv_const]

Note: This linter can be disabled with `set_option linter.unusedSimpArgs false`
warning: Papers/P5_GeneralRelativity/GR/Riemann.lean:6187:26: This simp argument is unused:
  Γtot_φ_φθ

Hint: Omit it from the simp argument list.
  simp only [dCoord_φ, dCoord_θ, sumIdx_expand, Γtot, Γtot_φ_θθ, Γ̵t̵o̵t̵_̵φ̵_̵φ̵θ̵,̵ ̵Γtot_φ_rφ, Γtot_r_θθ,
  ̲  ̲ ̲ ̲ ̲ ̲deriv_const]

Note: This linter can be disabled with `set_option linter.unusedSimpArgs false`
warning: Papers/P5_GeneralRelativity/GR/Riemann.lean:6187:37: This simp argument is unused:
  Γtot_φ_rφ

Hint: Omit it from the simp argument list.
  simp only [dCoord_φ, dCoord_θ, sumIdx_expand, Γtot, Γtot_φ_θθ, Γtot_φ_φθ, Γ̵t̵o̵t̵_̵φ̵_̵r̵φ̵,̵ ̵Γtot_r_θθ,
  ̲  ̲ ̲ ̲ ̲ ̲deriv_const]

Note: This linter can be disabled with `set_option linter.unusedSimpArgs false`
warning: Papers/P5_GeneralRelativity/GR/Riemann.lean:6187:48: This simp argument is unused:
  Γtot_r_θθ

Hint: Omit it from the simp argument list.
  simp only [dCoord_φ, dCoord_θ, sumIdx_expand, Γtot, Γtot_φ_θθ, Γtot_φ_φθ, Γtot_φ_rφ,
  ̲  ̲ ̲ ̲ ̲ ̲Γ̵t̵o̵t̵_̵r̵_̵θ̵θ̵,̵ ̵deriv_const]

Note: This linter can be disabled with `set_option linter.unusedSimpArgs false`
warning: Papers/P5_GeneralRelativity/GR/Riemann.lean:6187:59: This simp argument is unused:
  deriv_const

Hint: Omit it from the simp argument list.
  simp only [dCoord_φ, dCoord_θ, sumIdx_expand, Γtot, Γtot_φ_θθ, Γtot_φ_φθ, Γtot_φ_rφ, Γ̵t̵o̵t̵_̵r̵_̵θ̵θ̵,̵ ̵d̵e̵r̵i̵v̵_̵c̵o̵n̵s̵t̵]̵Γ̲t̲o̲t̲_̲r̲_̲θ̲θ̲]̲

Note: This linter can be disabled with `set_option linter.unusedSimpArgs false`
info: Papers/P5_GeneralRelativity/GR/Riemann.lean:6267:2: Try this: ring_nf
warning: Papers/P5_GeneralRelativity/GR/Riemann.lean:6261:15: This simp argument is unused:
  Γtot_t_tr

Hint: Omit it from the simp argument list.
  simp only [dCoord_t, dCoord_φ, sumIdx_expand, Γtot, Γ̵t̵o̵t̵_̵t̵_̵t̵r̵,̵ ̵Γtot_r_φφ, deriv_const]

Note: This linter can be disabled with `set_option linter.unusedSimpArgs false`
warning: Papers/P5_GeneralRelativity/GR/Riemann.lean:6261:26: This simp argument is unused:
  Γtot_r_φφ

Hint: Omit it from the simp argument list.
  simp only [dCoord_t, dCoord_φ, sumIdx_expand, Γtot, Γtot_t_tr, Γ̵t̵o̵t̵_̵r̵_̵φ̵φ̵,̵ ̵deriv_const]

Note: This linter can be disabled with `set_option linter.unusedSimpArgs false`
warning: Papers/P5_GeneralRelativity/GR/Riemann.lean:6261:37: This simp argument is unused:
  deriv_const

Hint: Omit it from the simp argument list.
  simp only [dCoord_t, dCoord_φ, sumIdx_expand, Γtot, Γtot_t_tr, Γ̵t̵o̵t̵_̵r̵_̵φ̵φ̵,̵ ̵d̵e̵r̵i̵v̵_̵c̵o̵n̵s̵t̵]̵Γ̲t̲o̲t̲_̲r̲_̲φ̲φ̲]̲

Note: This linter can be disabled with `set_option linter.unusedSimpArgs false`
warning: Papers/P5_GeneralRelativity/GR/Riemann.lean:6300:6: try 'simp' instead of 'simpa'

Note: This linter can be disabled with `set_option linter.unnecessarySimpa false`
warning: Papers/P5_GeneralRelativity/GR/Riemann.lean:6303:4: try 'simp' instead of 'simpa'

Note: This linter can be disabled with `set_option linter.unnecessarySimpa false`
info: Papers/P5_GeneralRelativity/GR/Riemann.lean:6308:2: Try this: ring_nf
warning: Papers/P5_GeneralRelativity/GR/Riemann.lean:6294:15: This simp argument is unused:
  Γtot_r_φφ

Hint: Omit it from the simp argument list.
  simp only [dCoord_r, dCoord_φ, sumIdx_expand, Γtot, Γ̵t̵o̵t̵_̵r̵_̵φ̵φ̵,̵ ̵Γtot_r_rr, Γtot_φ_rφ, deriv_const]

Note: This linter can be disabled with `set_option linter.unusedSimpArgs false`
warning: Papers/P5_GeneralRelativity/GR/Riemann.lean:6294:26: This simp argument is unused:
  Γtot_r_rr

Hint: Omit it from the simp argument list.
  simp only [dCoord_r, dCoord_φ, sumIdx_expand, Γtot, Γtot_r_φφ, Γ̵t̵o̵t̵_̵r̵_̵r̵r̵,̵ ̵Γtot_φ_rφ, deriv_const]

Note: This linter can be disabled with `set_option linter.unusedSimpArgs false`
warning: Papers/P5_GeneralRelativity/GR/Riemann.lean:6294:37: This simp argument is unused:
  Γtot_φ_rφ

Hint: Omit it from the simp argument list.
  simp only [dCoord_r, dCoord_φ, sumIdx_expand, Γtot, Γtot_r_φφ, Γtot_r_rr, Γ̵t̵o̵t̵_̵φ̵_̵r̵φ̵,̵ ̵deriv_const]

Note: This linter can be disabled with `set_option linter.unusedSimpArgs false`
warning: Papers/P5_GeneralRelativity/GR/Riemann.lean:6294:48: This simp argument is unused:
  deriv_const

Hint: Omit it from the simp argument list.
  simp only [dCoord_r, dCoord_φ, sumIdx_expand, Γtot, Γtot_r_φφ, Γtot_r_rr, Γ̵t̵o̵t̵_̵φ̵_̵r̵φ̵,̵ ̵d̵e̵r̵i̵v̵_̵c̵o̵n̵s̵t̵]̵Γ̲t̲o̲t̲_̲φ̲_̲r̲φ̲]̲

Note: This linter can be disabled with `set_option linter.unusedSimpArgs false`
warning: Papers/P5_GeneralRelativity/GR/Riemann.lean:6302:29: This simp argument is unused:
  deriv_neg

Hint: Omit it from the simp argument list.
  simp [deriv_mul_const, d̵e̵r̵i̵v̵_̵n̵e̵g̵,̵ ̵h1]

Note: This linter can be disabled with `set_option linter.unusedSimpArgs false`
warning: Papers/P5_GeneralRelativity/GR/Riemann.lean:6302:40: This simp argument is unused:
  h1

Hint: Omit it from the simp argument list.
  simp [deriv_mul_const, deriv_neg,̵ ̵h̵1̵]

Note: This linter can be disabled with `set_option linter.unusedSimpArgs false`
warning: Papers/P5_GeneralRelativity/GR/Riemann.lean:6343:4: try 'simp' instead of 'simpa'

Note: This linter can be disabled with `set_option linter.unnecessarySimpa false`
warning: Papers/P5_GeneralRelativity/GR/Riemann.lean:6338:15: This simp argument is unused:
  Γtot_θ_φφ

Hint: Omit it from the simp argument list.
  simp only [dCoord_θ, dCoord_φ, sumIdx_expand, Γtot, Γ̵t̵o̵t̵_̵θ̵_̵φ̵φ̵,̵ ̵Γtot_r_φφ, Γtot_θ_rθ, Γtot_φ_θφ,
  ̲  ̲ ̲ ̲ ̲ ̲deriv_const]

Note: This linter can be disabled with `set_option linter.unusedSimpArgs false`
warning: Papers/P5_GeneralRelativity/GR/Riemann.lean:6338:26: This simp argument is unused:
  Γtot_r_φφ

Hint: Omit it from the simp argument list.
  simp only [dCoord_θ, dCoord_φ, sumIdx_expand, Γtot, Γtot_θ_φφ, Γ̵t̵o̵t̵_̵r̵_̵φ̵φ̵,̵ ̵Γtot_θ_rθ, Γtot_φ_θφ,
  ̲  ̲ ̲ ̲ ̲ ̲deriv_const]

Note: This linter can be disabled with `set_option linter.unusedSimpArgs false`
warning: Papers/P5_GeneralRelativity/GR/Riemann.lean:6338:37: This simp argument is unused:
  Γtot_θ_rθ

Hint: Omit it from the simp argument list.
  simp only [dCoord_θ, dCoord_φ, sumIdx_expand, Γtot, Γtot_θ_φφ, Γtot_r_φφ, Γ̵t̵o̵t̵_̵θ̵_̵r̵θ̵,̵ ̵Γtot_φ_θφ,
  ̲  ̲ ̲ ̲ ̲ ̲deriv_const]

Note: This linter can be disabled with `set_option linter.unusedSimpArgs false`
warning: Papers/P5_GeneralRelativity/GR/Riemann.lean:6338:48: This simp argument is unused:
  Γtot_φ_θφ

Hint: Omit it from the simp argument list.
  simp only [dCoord_θ, dCoord_φ, sumIdx_expand, Γtot, Γtot_θ_φφ, Γtot_r_φφ, Γtot_θ_rθ,
  ̲  ̲ ̲ ̲ ̲ ̲Γ̵t̵o̵t̵_̵φ̵_̵θ̵φ̵,̵ ̵deriv_const]

Note: This linter can be disabled with `set_option linter.unusedSimpArgs false`
warning: Papers/P5_GeneralRelativity/GR/Riemann.lean:6338:59: This simp argument is unused:
  deriv_const

Hint: Omit it from the simp argument list.
  simp only [dCoord_θ, dCoord_φ, sumIdx_expand, Γtot, Γtot_θ_φφ, Γtot_r_φφ, Γtot_θ_rθ, Γ̵t̵o̵t̵_̵φ̵_̵θ̵φ̵,̵ ̵d̵e̵r̵i̵v̵_̵c̵o̵n̵s̵t̵]̵Γ̲t̲o̲t̲_̲φ̲_̲θ̲φ̲]̲

Note: This linter can be disabled with `set_option linter.unusedSimpArgs false`
warning: Papers/P5_GeneralRelativity/GR/Riemann.lean:6357:2: try 'simp' instead of 'simpa'

Note: This linter can be disabled with `set_option linter.unnecessarySimpa false`
warning: Papers/P5_GeneralRelativity/GR/Riemann.lean:6361:2: try 'simp' instead of 'simpa'

Note: This linter can be disabled with `set_option linter.unnecessarySimpa false`
warning: Papers/P5_GeneralRelativity/GR/Riemann.lean:6365:2: try 'simp' instead of 'simpa'

Note: This linter can be disabled with `set_option linter.unnecessarySimpa false`
warning: Papers/P5_GeneralRelativity/GR/Riemann.lean:6369:2: try 'simp' instead of 'simpa'

Note: This linter can be disabled with `set_option linter.unnecessarySimpa false`
warning: Papers/P5_GeneralRelativity/GR/Riemann.lean:6451:4: try 'simp' instead of 'simpa'

Note: This linter can be disabled with `set_option linter.unnecessarySimpa false`
warning: Papers/P5_GeneralRelativity/GR/Riemann.lean:6492:31: This simp argument is unused:
  deriv_const

Hint: Omit it from the simp argument list.
  simp only [dCoord_t, dCoord_φ, Γtot, Γ_t_tr, Γ_r_rr, Γ_r_θθ, Γ_θ_rθ, Γ_r_φφ, Γ_φ_rφ, Γ_θ_φφ,
  ̲  ̲ ̲ ̲Γ_φ_θφ, sumIdx_expand, g̵,̵ ̵d̵e̵r̵i̵v̵_̵c̵o̵n̵s̵t̵]̵g̲]̲

Note: This linter can be disabled with `set_option linter.unusedSimpArgs false`
warning: Papers/P5_GeneralRelativity/GR/Riemann.lean:6583:31: This simp argument is unused:
  deriv_const

Hint: Omit it from the simp argument list.
  simp only [dCoord_t, dCoord_φ, Γtot, Γ_t_tr, Γ_r_rr, Γ_r_θθ, Γ_θ_rθ, Γ_r_φφ, Γ_φ_rφ, Γ_θ_φφ,
  ̲  ̲ ̲ ̲Γ_φ_θφ, sumIdx_expand, g̵,̵ ̵d̵e̵r̵i̵v̵_̵c̵o̵n̵s̵t̵]̵g̲]̲

Note: This linter can be disabled with `set_option linter.unusedSimpArgs false`
warning: Papers/P5_GeneralRelativity/GR/Riemann.lean:6721:8: This simp argument is unused:
  dCoord_θ

Hint: Omit it from the simp argument list.
  simp [̵d̵C̵o̵o̵r̵d̵_̵θ̵,̵ ̵d̵C̵o̵o̵r̵d̵_̵φ̵,̵[̲d̲C̲o̲o̲r̲d̲_̲φ̲,̲ Γtot, Γ_t_tr, Γ_r_rr, Γ_r_θθ, Γ_θ_rθ, Γ_r_φφ, Γ_φ_rφ, Γ_θ_φφ, Γ_φ_θφ]

Note: This linter can be disabled with `set_option linter.unusedSimpArgs false`
warning: Papers/P5_GeneralRelativity/GR/Riemann.lean:6721:18: This simp argument is unused:
  dCoord_φ

Hint: Omit it from the simp argument list.
  simp [dCoord_θ, d̵C̵o̵o̵r̵d̵_̵φ̵,̵ ̵Γtot, Γ_t_tr, Γ_r_rr, Γ_r_θθ, Γ_θ_rθ, Γ_r_φφ, Γ_φ_rφ, Γ_θ_φφ, Γ_φ_θφ]

Note: This linter can be disabled with `set_option linter.unusedSimpArgs false`
warning: Papers/P5_GeneralRelativity/GR/Riemann.lean:6772:31: This simp argument is unused:
  deriv_const

Hint: Omit it from the simp argument list.
  simp only [dCoord_t, dCoord_φ, Γtot, Γ_t_tr, Γ_r_rr, Γ_r_θθ, Γ_θ_rθ, Γ_r_φφ, Γ_φ_rφ, Γ_θ_φφ,
  ̲  ̲ ̲ ̲Γ_φ_θφ, sumIdx_expand, g̵,̵ ̵d̵e̵r̵i̵v̵_̵c̵o̵n̵s̵t̵]̵g̲]̲

Note: This linter can be disabled with `set_option linter.unusedSimpArgs false`
warning: Papers/P5_GeneralRelativity/GR/Riemann.lean:6851:31: This simp argument is unused:
  deriv_const

Hint: Omit it from the simp argument list.
  simp only [dCoord_t, dCoord_φ, Γtot, Γ_t_tr, Γ_r_rr, Γ_r_θθ, Γ_θ_rθ, Γ_r_φφ, Γ_φ_rφ, Γ_θ_φφ,
  ̲  ̲ ̲ ̲Γ_φ_θφ, sumIdx_expand, g̵,̵ ̵d̵e̵r̵i̵v̵_̵c̵o̵n̵s̵t̵]̵g̲]̲

Note: This linter can be disabled with `set_option linter.unusedSimpArgs false`
warning: Papers/P5_GeneralRelativity/GR/Riemann.lean:6905:6: try 'simp' instead of 'simpa'

Note: This linter can be disabled with `set_option linter.unnecessarySimpa false`
warning: Papers/P5_GeneralRelativity/GR/Riemann.lean:6910:6: try 'simp' instead of 'simpa'

Note: This linter can be disabled with `set_option linter.unnecessarySimpa false`
warning: Papers/P5_GeneralRelativity/GR/Riemann.lean:6915:6: try 'simp' instead of 'simpa'

Note: This linter can be disabled with `set_option linter.unnecessarySimpa false`
warning: Papers/P5_GeneralRelativity/GR/Riemann.lean:6892:10: This simp argument is unused:
  dCoord_φ

Hint: Omit it from the simp argument list.
  simp [d̵C̵o̵o̵r̵d̵_̵φ̵,̵ ̵Γtot]

Note: This linter can be disabled with `set_option linter.unusedSimpArgs false`
warning: Papers/P5_GeneralRelativity/GR/Riemann.lean:6892:20: This simp argument is unused:
  Γtot

Hint: Omit it from the simp argument list.
  simp [dCoord_φ,̵ ̵Γ̵t̵o̵t̵]

Note: This linter can be disabled with `set_option linter.unusedSimpArgs false`
warning: Papers/P5_GeneralRelativity/GR/Riemann.lean:6896:16: This simp argument is unused:
  dCoord_θ_Γ_r_φφ

Hint: Omit it from the simp argument list.
  simp [Γtot, d̵C̵o̵o̵r̵d̵_̵θ̵_̵Γ̵_̵r̵_̵φ̵φ̵,̵ ̵dCoord_φ, Γ_r_θθ, Γ_θ_φφ, Γ_r_φφ, Γ_φ_θφ, dφ_rθφ, hsin, pow_two]

Note: This linter can be disabled with `set_option linter.unusedSimpArgs false`
warning: Papers/P5_GeneralRelativity/GR/Riemann.lean:6896:33: This simp argument is unused:
  dCoord_φ

Hint: Omit it from the simp argument list.
  simp [Γtot, dCoord_θ_Γ_r_φφ, d̵C̵o̵o̵r̵d̵_̵φ̵,̵Γ_r_θθ, Γ_θ_φφ, Γ_r_φφ, Γ_φ_θφ, dφ_rθφ, hsin, pow_two]

Note: This linter can be disabled with `set_option linter.unusedSimpArgs false`
warning: Papers/P5_GeneralRelativity/GR/Riemann.lean:6898:10: This simp argument is unused:
  dφ_rθφ

Hint: Omit it from the simp argument list.
  simp [Γtot, dCoord_θ_Γ_r_φφ, dCoord_φ, Γ_r_θθ, Γ_θ_φφ, Γ_r_φφ, Γ_φ_θφ, d̵φ̵_̵r̵θ̵φ̵,̵ ̵hsin, pow_two]

Note: This linter can be disabled with `set_option linter.unusedSimpArgs false`
warning: Papers/P5_GeneralRelativity/GR/Riemann.lean:6982:10: This simp argument is unused:
  dCoord_r

Hint: Omit it from the simp argument list.
  simp [d̵C̵o̵o̵r̵d̵_̵r̵,̵ ̵Γtot, Γ_θ_φφ]

Note: This linter can be disabled with `set_option linter.unusedSimpArgs false`
warning: Papers/P5_GeneralRelativity/GR/Riemann.lean:6985:10: This simp argument is unused:
  dCoord_φ

Hint: Omit it from the simp argument list.
  simp [d̵C̵o̵o̵r̵d̵_̵φ̵,̵ ̵Γtot, Γ_θ_rθ]

Note: This linter can be disabled with `set_option linter.unusedSimpArgs false`
warning: Papers/P5_GeneralRelativity/GR/Riemann.lean:6985:20: This simp argument is unused:
  Γtot

Hint: Omit it from the simp argument list.
  simp [dCoord_φ, Γt̵o̵t̵,̵ ̵Γ̵_θ_rθ]

Note: This linter can be disabled with `set_option linter.unusedSimpArgs false`
warning: Papers/P5_GeneralRelativity/GR/Riemann.lean:6985:26: This simp argument is unused:
  Γ_θ_rθ

Hint: Omit it from the simp argument list.
  simp [dCoord_φ, Γtot,̵ ̵Γ̵_̵θ̵_̵r̵θ̵]

Note: This linter can be disabled with `set_option linter.unusedSimpArgs false`
warning: Papers/P5_GeneralRelativity/GR/Riemann.lean:6988:14: This simp argument is unused:
  dCoord_r

Hint: Omit it from the simp argument list.
  simp [Γtot, d̵C̵o̵o̵r̵d̵_̵r̵,̵ ̵dCoord_φ, dr_θφφ, dφ_θrφ, Γ_θ_rθ, Γ_θ_φφ, Γ_φ_rφ, mul_comm]

Note: This linter can be disabled with `set_option linter.unusedSimpArgs false`
warning: Papers/P5_GeneralRelativity/GR/Riemann.lean:6988:24: This simp argument is unused:
  dCoord_φ

Hint: Omit it from the simp argument list.
  simp [Γtot, dCoord_r, d̵C̵o̵o̵r̵d̵_̵φ̵,̵ ̵dr_θφφ, dφ_θrφ, Γ_θ_rθ, Γ_θ_φφ, Γ_φ_rφ, mul_comm]

Note: This linter can be disabled with `set_option linter.unusedSimpArgs false`
warning: Papers/P5_GeneralRelativity/GR/Riemann.lean:6988:34: This simp argument is unused:
  dr_θφφ

Hint: Omit it from the simp argument list.
  simp [Γtot, dCoord_r, dCoord_φ, d̵r̵_̵θ̵φ̵φ̵,̵ ̵dφ_θrφ, Γ_θ_rθ, Γ_θ_φφ, Γ_φ_rφ, mul_comm]

Note: This linter can be disabled with `set_option linter.unusedSimpArgs false`
warning: Papers/P5_GeneralRelativity/GR/Riemann.lean:6988:42: This simp argument is unused:
  dφ_θrφ

Hint: Omit it from the simp argument list.
  simp [Γtot, dCoord_r, dCoord_φ, dr_θφφ, d̵φ̵_̵θ̵r̵φ̵,̵
  ̵ ̵ ̵ ̵ ̵ ̵ ̵ ̵ ̵Γ_θ_rθ, Γ_θ_φφ, Γ_φ_rφ, mul_comm]

Note: This linter can be disabled with `set_option linter.unusedSimpArgs false`
warning: Papers/P5_GeneralRelativity/GR/Riemann.lean:7001:18: This simp argument is unused:
  mul_left_comm

Hint: Omit it from the simp argument list.
  simp [sumIdx_expand, Γtot, Γ_r_θθ, Γ_θ_φφ, Γ_t_tr, Γ_r_rr, Γ_r_φφ, Γ_φ_rφ, Γ_φ_θφ, mul_comm,
  ̲  ̲ ̲ ̲m̵u̵l̵_̵l̵e̵f̵t̵_̵c̵o̵m̵m̵,̵ ̵mul_assoc]

Note: This linter can be disabled with `set_option linter.unusedSimpArgs false`
warning: Papers/P5_GeneralRelativity/GR/Riemann.lean:7001:33: This simp argument is unused:
  mul_assoc

Hint: Omit it from the simp argument list.
  simp [sumIdx_expand, Γtot, Γ_r_θθ, Γ_θ_φφ, Γ_t_tr, Γ_r_rr, Γ_r_φφ, Γ_φ_rφ, Γ_φ_θφ, mul_comm,
  ̲  ̲ ̲ ̲m̵u̵l̵_̵l̵e̵f̵t̵_̵c̵o̵m̵m̵,̵ ̵m̵u̵l̵_̵a̵s̵s̵o̵c̵]̵m̲u̲l̲_̲l̲e̲f̲t̲_̲c̲o̲m̲m̲]̲

Note: This linter can be disabled with `set_option linter.unusedSimpArgs false`
warning: Papers/P5_GeneralRelativity/GR/Riemann.lean:7010:33: This simp argument is unused:
  mul_assoc

Hint: Omit it from the simp argument list.
  simp [sumIdx_expand, Γtot, Γ_r_φφ, Γ_φ_θφ,
  ̵  ̵ ̵ ̵ ̵ ̵ ̵ ̵Γ_t_tr, Γ_r_rr, Γ_r_θθ, Γ_θ_rθ, Γ_θ_φφ, Γ_φ_rφ,
       ̵ ̵ ̵ ̵mul_comm, mul_left_comm,̵ ̵m̵u̵l̵_̵a̵s̵s̵o̵c̵]

Note: This linter can be disabled with `set_option linter.unusedSimpArgs false`
warning: Papers/P5_GeneralRelativity/GR/Riemann.lean:7019:18: This simp argument is unused:
  mul_left_comm

Hint: Omit it from the simp argument list.
  simp [sumIdx_expand, Γtot, Γ_θ_rθ, Γ_θ_φφ, Γ_t_tr, Γ_r_rr, Γ_r_θθ, Γ_r_φφ, Γ_φ_rφ, Γ_φ_θφ,
      mul_comm, m̵u̵l̵_̵l̵e̵f̵t̵_̵c̵o̵m̵m̵,̵ ̵mul_assoc]

Note: This linter can be disabled with `set_option linter.unusedSimpArgs false`
warning: Papers/P5_GeneralRelativity/GR/Riemann.lean:7019:33: This simp argument is unused:
  mul_assoc

Hint: Omit it from the simp argument list.
  simp [sumIdx_expand, Γtot, Γ_θ_rθ, Γ_θ_φφ,
  ̵  ̵ ̵ ̵ ̵ ̵ ̵ ̵Γ_t_tr, Γ_r_rr, Γ_r_θθ, Γ_r_φφ, Γ_φ_rφ, Γ_φ_θφ,
       ̵ ̵ ̵ ̵mul_comm, mul_left_comm,̵ ̵m̵u̵l̵_̵a̵s̵s̵o̵c̵]

Note: This linter can be disabled with `set_option linter.unusedSimpArgs false`
warning: Papers/P5_GeneralRelativity/GR/Riemann.lean:7028:18: This simp argument is unused:
  mul_left_comm

Hint: Omit it from the simp argument list.
  simp [sumIdx_expand, Γtot, Γ_θ_φφ, Γ_φ_rφ, Γ_t_tr, Γ_r_rr, Γ_r_θθ, Γ_r_φφ, Γ_θ_rθ, Γ_φ_θφ,
      mul_comm, m̵u̵l̵_̵l̵e̵f̵t̵_̵c̵o̵m̵m̵,̵ ̵mul_assoc]

Note: This linter can be disabled with `set_option linter.unusedSimpArgs false`
warning: Papers/P5_GeneralRelativity/GR/Riemann.lean:7028:33: This simp argument is unused:
  mul_assoc

Hint: Omit it from the simp argument list.
  simp [sumIdx_expand, Γtot, Γ_θ_φφ, Γ_φ_rφ,
  ̵  ̵ ̵ ̵ ̵ ̵ ̵ ̵Γ_t_tr, Γ_r_rr, Γ_r_θθ, Γ_r_φφ, Γ_θ_rθ, Γ_φ_θφ,
       ̵ ̵ ̵ ̵mul_comm, mul_left_comm,̵ ̵m̵u̵l̵_̵a̵s̵s̵o̵c̵]

Note: This linter can be disabled with `set_option linter.unusedSimpArgs false`
warning: Papers/P5_GeneralRelativity/GR/Riemann.lean:7094:8: This simp argument is unused:
  dCoord_t

Hint: Omit it from the simp argument list.
  simp [̵d̵C̵o̵o̵r̵d̵_̵t̵,̵ ̵d̵C̵o̵o̵r̵d̵_̵r̵,̵[̲d̲C̲o̲o̲r̲d̲_̲r̲,̲ Γtot, Γ_t_tr, Γ_r_rr, Γ_r_θθ, Γ_θ_rθ, Γ_r_φφ, Γ_φ_rφ, Γ_θ_φφ, Γ_φ_θφ]

Note: This linter can be disabled with `set_option linter.unusedSimpArgs false`
warning: Papers/P5_GeneralRelativity/GR/Riemann.lean:7094:18: This simp argument is unused:
  dCoord_r

Hint: Omit it from the simp argument list.
  simp [dCoord_t, d̵C̵o̵o̵r̵d̵_̵r̵,̵ ̵Γtot, Γ_t_tr, Γ_r_rr, Γ_r_θθ, Γ_θ_rθ, Γ_r_φφ, Γ_φ_rφ, Γ_θ_φφ, Γ_φ_θφ]

Note: This linter can be disabled with `set_option linter.unusedSimpArgs false`
warning: Papers/P5_GeneralRelativity/GR/Riemann.lean:7107:8: This simp argument is unused:
  dCoord_t

Hint: Omit it from the simp argument list.
  simp [̵d̵C̵o̵o̵r̵d̵_̵t̵,̵ ̵d̵C̵o̵o̵r̵d̵_̵θ̵,̵[̲d̲C̲o̲o̲r̲d̲_̲θ̲,̲ Γtot, Γ_t_tr, Γ_r_rr, Γ_r_θθ, Γ_θ_rθ, Γ_r_φφ, Γ_φ_rφ, Γ_θ_φφ, Γ_φ_θφ]

Note: This linter can be disabled with `set_option linter.unusedSimpArgs false`
warning: Papers/P5_GeneralRelativity/GR/Riemann.lean:7107:18: This simp argument is unused:
  dCoord_θ

Hint: Omit it from the simp argument list.
  simp [dCoord_t, d̵C̵o̵o̵r̵d̵_̵θ̵,̵ ̵Γtot, Γ_t_tr, Γ_r_rr, Γ_r_θθ, Γ_θ_rθ, Γ_r_φφ, Γ_φ_rφ, Γ_θ_φφ, Γ_φ_θφ]

Note: This linter can be disabled with `set_option linter.unusedSimpArgs false`
warning: Papers/P5_GeneralRelativity/GR/Riemann.lean:7120:8: This simp argument is unused:
  dCoord_t

Hint: Omit it from the simp argument list.
  simp [̵d̵C̵o̵o̵r̵d̵_̵t̵,̵ ̵d̵C̵o̵o̵r̵d̵_̵φ̵,̵[̲d̲C̲o̲o̲r̲d̲_̲φ̲,̲ Γtot, Γ_t_tr, Γ_r_rr, Γ_r_θθ, Γ_θ_rθ, Γ_r_φφ, Γ_φ_rφ, Γ_θ_φφ, Γ_φ_θφ]

Note: This linter can be disabled with `set_option linter.unusedSimpArgs false`
warning: Papers/P5_GeneralRelativity/GR/Riemann.lean:7120:18: This simp argument is unused:
  dCoord_φ

Hint: Omit it from the simp argument list.
  simp [dCoord_t, d̵C̵o̵o̵r̵d̵_̵φ̵,̵ ̵Γtot, Γ_t_tr, Γ_r_rr, Γ_r_θθ, Γ_θ_rθ, Γ_r_φφ, Γ_φ_rφ, Γ_θ_φφ, Γ_φ_θφ]

Note: This linter can be disabled with `set_option linter.unusedSimpArgs false`
warning: Papers/P5_GeneralRelativity/GR/Riemann.lean:7375:14: This simp argument is unused:
  mul_eq_zero

Hint: Omit it from the simp argument list.
  simp [Γtot,̵ ̵m̵u̵l̵_̵e̵q̵_̵z̵e̵r̵o̵]

Note: This linter can be disabled with `set_option linter.unusedSimpArgs false`
warning: Papers/P5_GeneralRelativity/GR/Riemann.lean:7377:8: This simp argument is unused:
  g_tt

Hint: Omit it from the simp argument list.
  simp [g̵_̵t̵t̵,̵ ̵Γ_t_tr, Γ_r_φφ]

Note: This linter can be disabled with `set_option linter.unusedSimpArgs false`
warning: Papers/P5_GeneralRelativity/GR/Riemann.lean:7377:14: This simp argument is unused:
  Γ_t_tr

Hint: Omit it from the simp argument list.
  simp [g_tt, Γ̵_̵t̵_̵t̵r̵,̵ ̵Γ_r_φφ]

Note: This linter can be disabled with `set_option linter.unusedSimpArgs false`
warning: Papers/P5_GeneralRelativity/GR/Riemann.lean:7454:51: This simp argument is unused:
  mul_left_comm

Hint: Omit it from the simp argument list.
  simp [sumIdx_expand, gInv, mul_comm, mul_l̵e̵f̵t̵_̵c̵o̵m̵m̵,̵ ̵m̵u̵l̵_̵assoc]

Note: This linter can be disabled with `set_option linter.unusedSimpArgs false`
warning: Papers/P5_GeneralRelativity/GR/Riemann.lean:7454:66: This simp argument is unused:
  mul_assoc

Hint: Omit it from the simp argument list.
  simp [sumIdx_expand, gInv, mul_comm, mul_left_comm,̵ ̵m̵u̵l̵_̵a̵s̵s̵o̵c̵]

Note: This linter can be disabled with `set_option linter.unusedSimpArgs false`
warning: Papers/P5_GeneralRelativity/GR/Riemann.lean:7463:32: This simp argument is unused:
  sumIdx_expand

Hint: Omit it from the simp argument list.
  simp [s̵u̵m̵I̵d̵x̵_̵e̵x̵p̵a̵n̵d̵,̵ ̵gInv]

Note: This linter can be disabled with `set_option linter.unusedSimpArgs false`
warning: Papers/P5_GeneralRelativity/GR/Riemann.lean:7464:6: 'ring' tactic does nothing

Note: This linter can be disabled with `set_option linter.unusedTactic false`
warning: Papers/P5_GeneralRelativity/GR/Riemann.lean:7464:6: this tactic is never executed

Note: This linter can be disabled with `set_option linter.unreachableTactic false`
warning: Papers/P5_GeneralRelativity/GR/Riemann.lean:7514:23: This simp argument is unused:
  g

Hint: Omit it from the simp argument list.
  simp [sumIdx_expand, g̵,̵ ̵dCoord_t, dCoord_φ, Γ_θ_rθ, Γ_φ_rφ, Γ_φ_θφ, Γ_θ_φφ, Γ_r_φφ, Γ_r_θθ, Γ_r_rr,
  ̲  ̲ ̲ ̲Γ_r_tt]

Note: This linter can be disabled with `set_option linter.unusedSimpArgs false`
warning: Papers/P5_GeneralRelativity/GR/Riemann.lean:7514:26: This simp argument is unused:
  dCoord_t

Hint: Omit it from the simp argument list.
  simp [sumIdx_expand, g, dCoord_t̵,̵ ̵d̵C̵o̵o̵r̵d̵_̵φ, Γ_θ_rθ, Γ_φ_rφ, Γ_φ_θφ, Γ_θ_φφ, Γ_r_φφ, Γ_r_θθ, Γ_r_rr, Γ_r_tt]

Note: This linter can be disabled with `set_option linter.unusedSimpArgs false`
warning: Papers/P5_GeneralRelativity/GR/Riemann.lean:7514:36: This simp argument is unused:
  dCoord_φ

Hint: Omit it from the simp argument list.
  simp [sumIdx_expand, g, dCoord_t, d̵C̵o̵o̵r̵d̵_̵φ̵,̵ ̵Γ_θ_rθ, Γ_φ_rφ, Γ_φ_θφ, Γ_θ_φφ, Γ_r_φφ, Γ_r_θθ, Γ_r_rr, Γ_r_tt]

Note: This linter can be disabled with `set_option linter.unusedSimpArgs false`
warning: Papers/P5_GeneralRelativity/GR/Riemann.lean:7523:23: This simp argument is unused:
  g

Hint: Omit it from the simp argument list.
  simp [sumIdx_expand, g̵,̵ ̵dCoord_t, dCoord_φ, Γ_θ_rθ, Γ_φ_rφ, Γ_φ_θφ, Γ_θ_φφ, Γ_r_φφ, Γ_r_θθ, Γ_r_rr,
  ̲  ̲ ̲ ̲Γ_r_tt]

Note: This linter can be disabled with `set_option linter.unusedSimpArgs false`
warning: Papers/P5_GeneralRelativity/GR/Riemann.lean:7523:26: This simp argument is unused:
  dCoord_t

Hint: Omit it from the simp argument list.
  simp [sumIdx_expand, g, dCoord_t̵,̵ ̵d̵C̵o̵o̵r̵d̵_̵φ, Γ_θ_rθ, Γ_φ_rφ, Γ_φ_θφ, Γ_θ_φφ, Γ_r_φφ, Γ_r_θθ, Γ_r_rr, Γ_r_tt]

Note: This linter can be disabled with `set_option linter.unusedSimpArgs false`
warning: Papers/P5_GeneralRelativity/GR/Riemann.lean:7523:36: This simp argument is unused:
  dCoord_φ

Hint: Omit it from the simp argument list.
  simp [sumIdx_expand, g, dCoord_t, d̵C̵o̵o̵r̵d̵_̵φ̵,̵ ̵Γ_θ_rθ, Γ_φ_rφ, Γ_φ_θφ, Γ_θ_φφ, Γ_r_φφ, Γ_r_θθ, Γ_r_rr, Γ_r_tt]

Note: This linter can be disabled with `set_option linter.unusedSimpArgs false`
warning: Papers/P5_GeneralRelativity/GR/Riemann.lean:7532:23: This simp argument is unused:
  g

Hint: Omit it from the simp argument list.
  simp [sumIdx_expand, g̵,̵ ̵dCoord_t, dCoord_φ, Γ_θ_rθ, Γ_φ_rφ, Γ_φ_θφ, Γ_θ_φφ, Γ_r_φφ, Γ_r_θθ, Γ_r_rr,
  ̲  ̲ ̲ ̲Γ_r_tt]

Note: This linter can be disabled with `set_option linter.unusedSimpArgs false`
warning: Papers/P5_GeneralRelativity/GR/Riemann.lean:7532:26: This simp argument is unused:
  dCoord_t

Hint: Omit it from the simp argument list.
  simp [sumIdx_expand, g, dCoord_t̵,̵ ̵d̵C̵o̵o̵r̵d̵_̵φ, Γ_θ_rθ, Γ_φ_rφ, Γ_φ_θφ, Γ_θ_φφ, Γ_r_φφ, Γ_r_θθ, Γ_r_rr, Γ_r_tt]

Note: This linter can be disabled with `set_option linter.unusedSimpArgs false`
warning: Papers/P5_GeneralRelativity/GR/Riemann.lean:7532:36: This simp argument is unused:
  dCoord_φ

Hint: Omit it from the simp argument list.
  simp [sumIdx_expand, g, dCoord_t, d̵C̵o̵o̵r̵d̵_̵φ̵,̵ ̵Γ_θ_rθ, Γ_φ_rφ, Γ_φ_θφ, Γ_θ_φφ, Γ_r_φφ, Γ_r_θθ, Γ_r_rr, Γ_r_tt]

Note: This linter can be disabled with `set_option linter.unusedSimpArgs false`
warning: Papers/P5_GeneralRelativity/GR/Riemann.lean:7541:23: This simp argument is unused:
  g

Hint: Omit it from the simp argument list.
  simp [sumIdx_expand, g̵,̵ ̵dCoord_t, dCoord_φ, Γ_θ_rθ, Γ_φ_rφ, Γ_φ_θφ, Γ_θ_φφ, Γ_r_φφ, Γ_r_θθ, Γ_r_rr,
  ̲  ̲ ̲ ̲Γ_r_tt]

Note: This linter can be disabled with `set_option linter.unusedSimpArgs false`
warning: Papers/P5_GeneralRelativity/GR/Riemann.lean:7541:26: This simp argument is unused:
  dCoord_t

Hint: Omit it from the simp argument list.
  simp [sumIdx_expand, g, dCoord_t̵,̵ ̵d̵C̵o̵o̵r̵d̵_̵φ, Γ_θ_rθ, Γ_φ_rφ, Γ_φ_θφ, Γ_θ_φφ, Γ_r_φφ, Γ_r_θθ, Γ_r_rr, Γ_r_tt]

Note: This linter can be disabled with `set_option linter.unusedSimpArgs false`
warning: Papers/P5_GeneralRelativity/GR/Riemann.lean:7541:36: This simp argument is unused:
  dCoord_φ

Hint: Omit it from the simp argument list.
  simp [sumIdx_expand, g, dCoord_t, d̵C̵o̵o̵r̵d̵_̵φ̵,̵ ̵Γ_θ_rθ, Γ_φ_rφ, Γ_φ_θφ, Γ_θ_φφ, Γ_r_φφ, Γ_r_θθ, Γ_r_rr, Γ_r_tt]

Note: This linter can be disabled with `set_option linter.unusedSimpArgs false`
warning: Papers/P5_GeneralRelativity/GR/Riemann.lean:7550:23: This simp argument is unused:
  g

Hint: Omit it from the simp argument list.
  simp [sumIdx_expand, g̵,̵ ̵dCoord_t, dCoord_φ, Γ_θ_rθ, Γ_φ_rφ, Γ_φ_θφ, Γ_θ_φφ, Γ_r_φφ, Γ_r_θθ, Γ_r_rr,
  ̲  ̲ ̲ ̲Γ_r_tt]

Note: This linter can be disabled with `set_option linter.unusedSimpArgs false`
warning: Papers/P5_GeneralRelativity/GR/Riemann.lean:7550:26: This simp argument is unused:
  dCoord_t

Hint: Omit it from the simp argument list.
  simp [sumIdx_expand, g, dCoord_t̵,̵ ̵d̵C̵o̵o̵r̵d̵_̵φ, Γ_θ_rθ, Γ_φ_rφ, Γ_φ_θφ, Γ_θ_φφ, Γ_r_φφ, Γ_r_θθ, Γ_r_rr, Γ_r_tt]

Note: This linter can be disabled with `set_option linter.unusedSimpArgs false`
warning: Papers/P5_GeneralRelativity/GR/Riemann.lean:7550:36: This simp argument is unused:
  dCoord_φ

Hint: Omit it from the simp argument list.
  simp [sumIdx_expand, g, dCoord_t, d̵C̵o̵o̵r̵d̵_̵φ̵,̵ ̵Γ_θ_rθ, Γ_φ_rφ, Γ_φ_θφ, Γ_θ_φφ, Γ_r_φφ, Γ_r_θθ, Γ_r_rr, Γ_r_tt]

Note: This linter can be disabled with `set_option linter.unusedSimpArgs false`
warning: Papers/P5_GeneralRelativity/GR/Riemann.lean:7559:23: This simp argument is unused:
  g

Hint: Omit it from the simp argument list.
  simp [sumIdx_expand, g̵,̵ ̵dCoord_t, dCoord_φ, Γ_θ_rθ, Γ_φ_rφ, Γ_φ_θφ, Γ_θ_φφ, Γ_r_φφ, Γ_r_θθ, Γ_r_rr,
  ̲  ̲ ̲ ̲Γ_r_tt]

Note: This linter can be disabled with `set_option linter.unusedSimpArgs false`
warning: Papers/P5_GeneralRelativity/GR/Riemann.lean:7559:26: This simp argument is unused:
  dCoord_t

Hint: Omit it from the simp argument list.
  simp [sumIdx_expand, g, dCoord_t̵,̵ ̵d̵C̵o̵o̵r̵d̵_̵φ, Γ_θ_rθ, Γ_φ_rφ, Γ_φ_θφ, Γ_θ_φφ, Γ_r_φφ, Γ_r_θθ, Γ_r_rr, Γ_r_tt]

Note: This linter can be disabled with `set_option linter.unusedSimpArgs false`
warning: Papers/P5_GeneralRelativity/GR/Riemann.lean:7559:36: This simp argument is unused:
  dCoord_φ

Hint: Omit it from the simp argument list.
  simp [sumIdx_expand, g, dCoord_t, d̵C̵o̵o̵r̵d̵_̵φ̵,̵ ̵Γ_θ_rθ, Γ_φ_rφ, Γ_φ_θφ, Γ_θ_φφ, Γ_r_φφ, Γ_r_θθ, Γ_r_rr, Γ_r_tt]

Note: This linter can be disabled with `set_option linter.unusedSimpArgs false`
warning: Papers/P5_GeneralRelativity/GR/Riemann.lean:7573:23: This simp argument is unused:
  g

Hint: Omit it from the simp argument list.
  simp [sumIdx_expand, g̵,̵ ̵dCoord_t, dCoord_φ, Γ_θ_rθ, Γ_φ_rφ, Γ_φ_θφ, Γ_θ_φφ, Γ_r_φφ, Γ_r_θθ, Γ_r_rr,
  ̲  ̲ ̲ ̲Γ_r_tt]

Note: This linter can be disabled with `set_option linter.unusedSimpArgs false`
warning: Papers/P5_GeneralRelativity/GR/Riemann.lean:7573:26: This simp argument is unused:
  dCoord_t

Hint: Omit it from the simp argument list.
  simp [sumIdx_expand, g, dCoord_t̵,̵ ̵d̵C̵o̵o̵r̵d̵_̵φ, Γ_θ_rθ, Γ_φ_rφ, Γ_φ_θφ, Γ_θ_φφ, Γ_r_φφ, Γ_r_θθ, Γ_r_rr, Γ_r_tt]

Note: This linter can be disabled with `set_option linter.unusedSimpArgs false`
warning: Papers/P5_GeneralRelativity/GR/Riemann.lean:7573:36: This simp argument is unused:
  dCoord_φ

Hint: Omit it from the simp argument list.
  simp [sumIdx_expand, g, dCoord_t, d̵C̵o̵o̵r̵d̵_̵φ̵,̵ ̵Γ_θ_rθ, Γ_φ_rφ, Γ_φ_θφ, Γ_θ_φφ, Γ_r_φφ, Γ_r_θθ, Γ_r_rr, Γ_r_tt]

Note: This linter can be disabled with `set_option linter.unusedSimpArgs false`
warning: Papers/P5_GeneralRelativity/GR/Riemann.lean:7581:23: This simp argument is unused:
  g

Hint: Omit it from the simp argument list.
  simp [sumIdx_expand, g̵,̵ ̵dCoord_t, dCoord_φ, Γ_θ_rθ, Γ_φ_rφ, Γ_φ_θφ, Γ_θ_φφ, Γ_r_φφ, Γ_r_θθ, Γ_r_rr,
  ̲  ̲ ̲ ̲Γ_r_tt]

Note: This linter can be disabled with `set_option linter.unusedSimpArgs false`
warning: Papers/P5_GeneralRelativity/GR/Riemann.lean:7581:26: This simp argument is unused:
  dCoord_t

Hint: Omit it from the simp argument list.
  simp [sumIdx_expand, g, dCoord_t̵,̵ ̵d̵C̵o̵o̵r̵d̵_̵φ, Γ_θ_rθ, Γ_φ_rφ, Γ_φ_θφ, Γ_θ_φφ, Γ_r_φφ, Γ_r_θθ, Γ_r_rr, Γ_r_tt]

Note: This linter can be disabled with `set_option linter.unusedSimpArgs false`
warning: Papers/P5_GeneralRelativity/GR/Riemann.lean:7581:36: This simp argument is unused:
  dCoord_φ

Hint: Omit it from the simp argument list.
  simp [sumIdx_expand, g, dCoord_t, d̵C̵o̵o̵r̵d̵_̵φ̵,̵ ̵Γ_θ_rθ, Γ_φ_rφ, Γ_φ_θφ, Γ_θ_φφ, Γ_r_φφ, Γ_r_θθ, Γ_r_rr, Γ_r_tt]

Note: This linter can be disabled with `set_option linter.unusedSimpArgs false`
warning: Papers/P5_GeneralRelativity/GR/Riemann.lean:7589:23: This simp argument is unused:
  g

Hint: Omit it from the simp argument list.
  simp [sumIdx_expand, g̵,̵ ̵dCoord_t, dCoord_φ, Γ_θ_rθ, Γ_φ_rφ, Γ_φ_θφ, Γ_θ_φφ, Γ_r_φφ, Γ_r_θθ, Γ_r_rr,
  ̲  ̲ ̲ ̲Γ_r_tt]

Note: This linter can be disabled with `set_option linter.unusedSimpArgs false`
warning: Papers/P5_GeneralRelativity/GR/Riemann.lean:7589:26: This simp argument is unused:
  dCoord_t

Hint: Omit it from the simp argument list.
  simp [sumIdx_expand, g, dCoord_t̵,̵ ̵d̵C̵o̵o̵r̵d̵_̵φ, Γ_θ_rθ, Γ_φ_rφ, Γ_φ_θφ, Γ_θ_φφ, Γ_r_φφ, Γ_r_θθ, Γ_r_rr, Γ_r_tt]

Note: This linter can be disabled with `set_option linter.unusedSimpArgs false`
warning: Papers/P5_GeneralRelativity/GR/Riemann.lean:7589:36: This simp argument is unused:
  dCoord_φ

Hint: Omit it from the simp argument list.
  simp [sumIdx_expand, g, dCoord_t, d̵C̵o̵o̵r̵d̵_̵φ̵,̵ ̵Γ_θ_rθ, Γ_φ_rφ, Γ_φ_θφ, Γ_θ_φφ, Γ_r_φφ, Γ_r_θθ, Γ_r_rr, Γ_r_tt]

Note: This linter can be disabled with `set_option linter.unusedSimpArgs false`
warning: Papers/P5_GeneralRelativity/GR/Riemann.lean:7597:23: This simp argument is unused:
  g

Hint: Omit it from the simp argument list.
  simp [sumIdx_expand, g̵,̵ ̵dCoord_t, dCoord_φ, Γ_θ_rθ, Γ_φ_rφ, Γ_φ_θφ, Γ_θ_φφ, Γ_r_φφ, Γ_r_θθ, Γ_r_rr,
  ̲  ̲ ̲ ̲Γ_r_tt]

Note: This linter can be disabled with `set_option linter.unusedSimpArgs false`
warning: Papers/P5_GeneralRelativity/GR/Riemann.lean:7597:26: This simp argument is unused:
  dCoord_t

Hint: Omit it from the simp argument list.
  simp [sumIdx_expand, g, dCoord_t̵,̵ ̵d̵C̵o̵o̵r̵d̵_̵φ, Γ_θ_rθ, Γ_φ_rφ, Γ_φ_θφ, Γ_θ_φφ, Γ_r_φφ, Γ_r_θθ, Γ_r_rr, Γ_r_tt]

Note: This linter can be disabled with `set_option linter.unusedSimpArgs false`
warning: Papers/P5_GeneralRelativity/GR/Riemann.lean:7597:36: This simp argument is unused:
  dCoord_φ

Hint: Omit it from the simp argument list.
  simp [sumIdx_expand, g, dCoord_t, d̵C̵o̵o̵r̵d̵_̵φ̵,̵ ̵Γ_θ_rθ, Γ_φ_rφ, Γ_φ_θφ, Γ_θ_φφ, Γ_r_φφ, Γ_r_θθ, Γ_r_rr, Γ_r_tt]

Note: This linter can be disabled with `set_option linter.unusedSimpArgs false`
warning: Papers/P5_GeneralRelativity/GR/Riemann.lean:7604:23: This simp argument is unused:
  g

Hint: Omit it from the simp argument list.
  simp [sumIdx_expand, g̵,̵ ̵dCoord_t, dCoord_φ, Γ_θ_rθ, Γ_φ_rφ, Γ_φ_θφ, Γ_θ_φφ, Γ_r_φφ, Γ_r_θθ, Γ_r_rr,
  ̲  ̲ ̲ ̲Γ_r_tt]

Note: This linter can be disabled with `set_option linter.unusedSimpArgs false`
warning: Papers/P5_GeneralRelativity/GR/Riemann.lean:7604:26: This simp argument is unused:
  dCoord_t

Hint: Omit it from the simp argument list.
  simp [sumIdx_expand, g, dCoord_t̵,̵ ̵d̵C̵o̵o̵r̵d̵_̵φ, Γ_θ_rθ, Γ_φ_rφ, Γ_φ_θφ, Γ_θ_φφ, Γ_r_φφ, Γ_r_θθ, Γ_r_rr, Γ_r_tt]

Note: This linter can be disabled with `set_option linter.unusedSimpArgs false`
warning: Papers/P5_GeneralRelativity/GR/Riemann.lean:7604:36: This simp argument is unused:
  dCoord_φ

Hint: Omit it from the simp argument list.
  simp [sumIdx_expand, g, dCoord_t, d̵C̵o̵o̵r̵d̵_̵φ̵,̵ ̵Γ_θ_rθ, Γ_φ_rφ, Γ_φ_θφ, Γ_θ_φφ, Γ_r_φφ, Γ_r_θθ, Γ_r_rr, Γ_r_tt]

Note: This linter can be disabled with `set_option linter.unusedSimpArgs false`
warning: Papers/P5_GeneralRelativity/GR/Riemann.lean:7611:23: This simp argument is unused:
  g

Hint: Omit it from the simp argument list.
  simp [sumIdx_expand, g̵,̵ ̵dCoord_t, dCoord_φ, Γ_θ_rθ, Γ_φ_rφ, Γ_φ_θφ, Γ_θ_φφ, Γ_r_φφ, Γ_r_θθ, Γ_r_rr,
  ̲  ̲ ̲ ̲Γ_r_tt]

Note: This linter can be disabled with `set_option linter.unusedSimpArgs false`
warning: Papers/P5_GeneralRelativity/GR/Riemann.lean:7611:26: This simp argument is unused:
  dCoord_t

Hint: Omit it from the simp argument list.
  simp [sumIdx_expand, g, dCoord_t̵,̵ ̵d̵C̵o̵o̵r̵d̵_̵φ, Γ_θ_rθ, Γ_φ_rφ, Γ_φ_θφ, Γ_θ_φφ, Γ_r_φφ, Γ_r_θθ, Γ_r_rr, Γ_r_tt]

Note: This linter can be disabled with `set_option linter.unusedSimpArgs false`
warning: Papers/P5_GeneralRelativity/GR/Riemann.lean:7611:36: This simp argument is unused:
  dCoord_φ

Hint: Omit it from the simp argument list.
  simp [sumIdx_expand, g, dCoord_t, d̵C̵o̵o̵r̵d̵_̵φ̵,̵ ̵Γ_θ_rθ, Γ_φ_rφ, Γ_φ_θφ, Γ_θ_φφ, Γ_r_φφ, Γ_r_θθ, Γ_r_rr, Γ_r_tt]

Note: This linter can be disabled with `set_option linter.unusedSimpArgs false`
warning: Papers/P5_GeneralRelativity/GR/Riemann.lean:7643:11: This simp argument is unused:
  dCoord_t

Hint: Omit it from the simp argument list.
  simp [g, d̵C̵o̵o̵r̵d̵_̵t̵,̵ ̵dCoord_r, sumIdx_expand, Γtot]

Note: This linter can be disabled with `set_option linter.unusedSimpArgs false`
warning: Papers/P5_GeneralRelativity/GR/Riemann.lean:7643:21: This simp argument is unused:
  dCoord_r

Hint: Omit it from the simp argument list.
  simp [g, dCoord_t, d̵C̵o̵o̵r̵d̵_̵r̵,̵ ̵sumIdx_expand, Γtot]

Note: This linter can be disabled with `set_option linter.unusedSimpArgs false`
warning: Papers/P5_GeneralRelativity/GR/Riemann.lean:7648:8: This simp argument is unused:
  hder_tr

Hint: Omit it from the simp argument list.
  simp [̵h̵d̵e̵r̵_̵t̵r̵,̵ ̵h̵d̵e̵r̵_̵r̵r̵]̵[̲h̲d̲e̲r̲_̲r̲r̲]̲

Note: This linter can be disabled with `set_option linter.unusedSimpArgs false`
warning: Papers/P5_GeneralRelativity/GR/Riemann.lean:7651:8: This simp argument is unused:
  Γ_t_tr

Hint: Omit it from the simp argument list.
  simp [̵Γ̵_̵t̵_̵t̵r̵,̵ ̵Γ̵_̵r̵_̵r̵r̵,̵[̲Γ̲_̲r̲_̲r̲r̲,̲ g]

Note: This linter can be disabled with `set_option linter.unusedSimpArgs false`
warning: Papers/P5_GeneralRelativity/GR/Riemann.lean:7651:24: This simp argument is unused:
  g

Hint: Omit it from the simp argument list.
  simp [Γ_t_tr, Γ_r_rr,̵ ̵g̵]

Note: This linter can be disabled with `set_option linter.unusedSimpArgs false`
warning: Papers/P5_GeneralRelativity/GR/Riemann.lean:7720:2: try 'simp' instead of 'simpa'

Note: This linter can be disabled with `set_option linter.unnecessarySimpa false`
warning: Papers/P5_GeneralRelativity/GR/Riemann.lean:7732:11: This simp argument is unused:
  dCoord_t

Hint: Omit it from the simp argument list.
  simp [g, dCoord_t̵,̵ ̵d̵C̵o̵o̵r̵d̵_̵φ, sumIdx_expand, Γtot]

Note: This linter can be disabled with `set_option linter.unusedSimpArgs false`
warning: Papers/P5_GeneralRelativity/GR/Riemann.lean:7732:21: This simp argument is unused:
  dCoord_φ

Hint: Omit it from the simp argument list.
  simp [g, dCoord_t, d̵C̵o̵o̵r̵d̵_̵φ̵,̵ ̵sumIdx_expand, Γtot]

Note: This linter can be disabled with `set_option linter.unusedSimpArgs false`
warning: Papers/P5_GeneralRelativity/GR/Riemann.lean:7735:8: This simp argument is unused:
  Γ_t_tr

Hint: Omit it from the simp argument list.
  simp [̵Γ̵_̵t̵_̵t̵r̵,̵ ̵Γ̵_̵r̵_̵φ̵φ̵,̵[̲Γ̲_̲r̲_̲φ̲φ̲,̲ Γ_r_rr, g]

Note: This linter can be disabled with `set_option linter.unusedSimpArgs false`
warning: Papers/P5_GeneralRelativity/GR/Riemann.lean:7735:32: This simp argument is unused:
  g

Hint: Omit it from the simp argument list.
  simp [Γ_t_tr, Γ_r_φφ, Γ_r_rr,̵ ̵g̵]

Note: This linter can be disabled with `set_option linter.unusedSimpArgs false`
warning: Papers/P5_GeneralRelativity/GR/Riemann.lean:7757:11: This simp argument is unused:
  dCoord_r

Hint: Omit it from the simp argument list.
  simp [g, dCoord_r̵,̵ ̵d̵C̵o̵o̵r̵d̵_̵θ, sumIdx_expand, Γtot]

Note: This linter can be disabled with `set_option linter.unusedSimpArgs false`
warning: Papers/P5_GeneralRelativity/GR/Riemann.lean:7757:21: This simp argument is unused:
  dCoord_θ

Hint: Omit it from the simp argument list.
  simp [g, dCoord_r, d̵C̵o̵o̵r̵d̵_̵θ̵,̵ ̵sumIdx_expand, Γtot]

Note: This linter can be disabled with `set_option linter.unusedSimpArgs false`
warning: Papers/P5_GeneralRelativity/GR/Riemann.lean:7760:32: This simp argument is unused:
  g

Hint: Omit it from the simp argument list.
  simp [Γ_r_θθ, Γ_r_rr, Γ_θ_rθ,̵ ̵g̵]

Note: This linter can be disabled with `set_option linter.unusedSimpArgs false`
warning: Papers/P5_GeneralRelativity/GR/Riemann.lean:7782:11: This simp argument is unused:
  dCoord_r

Hint: Omit it from the simp argument list.
  simp [g, dCoord_r̵,̵ ̵d̵C̵o̵o̵r̵d̵_̵φ, sumIdx_expand, Γtot]

Note: This linter can be disabled with `set_option linter.unusedSimpArgs false`
warning: Papers/P5_GeneralRelativity/GR/Riemann.lean:7782:21: This simp argument is unused:
  dCoord_φ

Hint: Omit it from the simp argument list.
  simp [g, dCoord_r, d̵C̵o̵o̵r̵d̵_̵φ̵,̵ ̵sumIdx_expand, Γtot]

Note: This linter can be disabled with `set_option linter.unusedSimpArgs false`
warning: Papers/P5_GeneralRelativity/GR/Riemann.lean:7785:32: This simp argument is unused:
  g

Hint: Omit it from the simp argument list.
  simp [Γ_r_φφ, Γ_r_rr, Γ_φ_rφ,̵ ̵g̵]

Note: This linter can be disabled with `set_option linter.unusedSimpArgs false`
info: Papers/P5_GeneralRelativity/GR/Riemann.lean:7825:17: Try this: ring_nf
warning: Papers/P5_GeneralRelativity/GR/Riemann.lean:7810:32: This simp argument is unused:
  deriv_Γ_θ_φφ_at

Hint: Omit it from the simp argument list.
  simp [Γ_θ_rθ, Γ_r_φφ, Γ_θ_φφ,̵ ̵d̵e̵r̵i̵v̵_̵Γ̵_̵θ̵_̵φ̵φ̵_̵a̵t̵]

Note: This linter can be disabled with `set_option linter.unusedSimpArgs false`
warning: Papers/P5_GeneralRelativity/GR/Riemann.lean:7906:6: try 'simp' instead of 'simpa'

Note: This linter can be disabled with `set_option linter.unnecessarySimpa false`
warning: Papers/P5_GeneralRelativity/GR/Riemann.lean:7906:6: try 'simp' instead of 'simpa'

Note: This linter can be disabled with `set_option linter.unnecessarySimpa false`
warning: Papers/P5_GeneralRelativity/GR/Riemann.lean:7906:6: try 'simp' instead of 'simpa'

Note: This linter can be disabled with `set_option linter.unnecessarySimpa false`
warning: Papers/P5_GeneralRelativity/GR/Riemann.lean:7906:6: try 'simp' instead of 'simpa'

Note: This linter can be disabled with `set_option linter.unnecessarySimpa false`
warning: Papers/P5_GeneralRelativity/GR/Riemann.lean:7906:6: try 'simp' instead of 'simpa'

Note: This linter can be disabled with `set_option linter.unnecessarySimpa false`
warning: Papers/P5_GeneralRelativity/GR/Riemann.lean:7906:6: try 'simp' instead of 'simpa'

Note: This linter can be disabled with `set_option linter.unnecessarySimpa false`
warning: Papers/P5_GeneralRelativity/GR/Riemann.lean:7906:6: try 'simp' instead of 'simpa'

Note: This linter can be disabled with `set_option linter.unnecessarySimpa false`
warning: Papers/P5_GeneralRelativity/GR/Riemann.lean:7906:6: try 'simp' instead of 'simpa'

Note: This linter can be disabled with `set_option linter.unnecessarySimpa false`
warning: Papers/P5_GeneralRelativity/GR/Riemann.lean:7906:6: try 'simp' instead of 'simpa'

Note: This linter can be disabled with `set_option linter.unnecessarySimpa false`
warning: Papers/P5_GeneralRelativity/GR/Riemann.lean:7906:6: try 'simp' instead of 'simpa'

Note: This linter can be disabled with `set_option linter.unnecessarySimpa false`
warning: Papers/P5_GeneralRelativity/GR/Riemann.lean:7906:6: try 'simp' instead of 'simpa'

Note: This linter can be disabled with `set_option linter.unnecessarySimpa false`
warning: Papers/P5_GeneralRelativity/GR/Riemann.lean:7906:6: try 'simp' instead of 'simpa'

Note: This linter can be disabled with `set_option linter.unnecessarySimpa false`
warning: Papers/P5_GeneralRelativity/GR/Riemann.lean:7906:6: try 'simp' instead of 'simpa'

Note: This linter can be disabled with `set_option linter.unnecessarySimpa false`
warning: Papers/P5_GeneralRelativity/GR/Riemann.lean:7906:6: try 'simp' instead of 'simpa'

Note: This linter can be disabled with `set_option linter.unnecessarySimpa false`
warning: Papers/P5_GeneralRelativity/GR/Riemann.lean:7908:6: 'simpa [DifferentiableAt_r] using differentiableAt_g_θθ_r M r θ' tactic does nothing

Note: This linter can be disabled with `set_option linter.unusedTactic false`
warning: Papers/P5_GeneralRelativity/GR/Riemann.lean:7909:6: 'simpa [DifferentiableAt_r] using differentiableAt_g_φφ_r M r θ' tactic does nothing

Note: This linter can be disabled with `set_option linter.unusedTactic false`
warning: Papers/P5_GeneralRelativity/GR/Riemann.lean:7910:6: 'simp [DifferentiableAt_r, g]' tactic does nothing

Note: This linter can be disabled with `set_option linter.unusedTactic false`
warning: Papers/P5_GeneralRelativity/GR/Riemann.lean:7908:6: this tactic is never executed

Note: This linter can be disabled with `set_option linter.unreachableTactic false`
warning: Papers/P5_GeneralRelativity/GR/Riemann.lean:7909:6: this tactic is never executed

Note: This linter can be disabled with `set_option linter.unreachableTactic false`
warning: Papers/P5_GeneralRelativity/GR/Riemann.lean:7910:6: this tactic is never executed

Note: This linter can be disabled with `set_option linter.unreachableTactic false`
warning: Papers/P5_GeneralRelativity/GR/Riemann.lean:7914:17: unused variable `h_ext`

Note: This linter can be disabled with `set_option linter.unusedVariables false`
warning: Papers/P5_GeneralRelativity/GR/Riemann.lean:7921:6: 'simp [DifferentiableAt_θ, g]' tactic does nothing

Note: This linter can be disabled with `set_option linter.unusedTactic false`
warning: Papers/P5_GeneralRelativity/GR/Riemann.lean:7922:6: 'simp [DifferentiableAt_θ, g]' tactic does nothing

Note: This linter can be disabled with `set_option linter.unusedTactic false`
warning: Papers/P5_GeneralRelativity/GR/Riemann.lean:7923:6: 'simpa [DifferentiableAt_θ] using differentiableAt_g_φφ_θ M r θ' tactic does nothing

Note: This linter can be disabled with `set_option linter.unusedTactic false`
warning: Papers/P5_GeneralRelativity/GR/Riemann.lean:7924:6: 'simp [DifferentiableAt_θ, g]' tactic does nothing

Note: This linter can be disabled with `set_option linter.unusedTactic false`
warning: Papers/P5_GeneralRelativity/GR/Riemann.lean:7921:6: this tactic is never executed

Note: This linter can be disabled with `set_option linter.unreachableTactic false`
warning: Papers/P5_GeneralRelativity/GR/Riemann.lean:7922:6: this tactic is never executed

Note: This linter can be disabled with `set_option linter.unreachableTactic false`
warning: Papers/P5_GeneralRelativity/GR/Riemann.lean:7923:6: this tactic is never executed

Note: This linter can be disabled with `set_option linter.unreachableTactic false`
warning: Papers/P5_GeneralRelativity/GR/Riemann.lean:7924:6: this tactic is never executed

Note: This linter can be disabled with `set_option linter.unreachableTactic false`
warning: Papers/P5_GeneralRelativity/GR/Riemann.lean:7940:46: This simp argument is unused:
  Γ_θ_φφ

Hint: Omit it from the simp argument list.
  simp [DifferentiableAt_r, Γtot, Γ̵_̵θ̵_̵φ̵φ̵,̵ ̵Γ_φ_θφ]

Note: This linter can be disabled with `set_option linter.unusedSimpArgs false`
warning: Papers/P5_GeneralRelativity/GR/Riemann.lean:7944:17: unused variable `h_ext`

Note: This linter can be disabled with `set_option linter.unusedVariables false`
warning: Papers/P5_GeneralRelativity/GR/Riemann.lean:7950:38: This simp argument is unused:
  Γ_r_tt

Hint: Omit it from the simp argument list.
  simp [DifferentiableAt_θ, Γtot, Γ_r_t̵t̵,̵ ̵Γ̵_̵r_̵rr̵, Γ_r_θθ]

Note: This linter can be disabled with `set_option linter.unusedSimpArgs false`
warning: Papers/P5_GeneralRelativity/GR/Riemann.lean:7950:54: This simp argument is unused:
  Γ_r_θθ

Hint: Omit it from the simp argument list.
  simp [DifferentiableAt_θ, Γtot, Γ_r_tt, Γ_r_rr,̵ ̵Γ̵_̵r̵_̵θ̵θ̵]

Note: This linter can be disabled with `set_option linter.unusedSimpArgs false`
warning: Papers/P5_GeneralRelativity/GR/Riemann.lean:7951:6: 'simp [DifferentiableAt_θ, Γtot, Γ_r_tt, Γ_r_rr, Γ_r_θθ]' tactic does nothing

Note: This linter can be disabled with `set_option linter.unusedTactic false`
warning: Papers/P5_GeneralRelativity/GR/Riemann.lean:7952:6: 'simp [DifferentiableAt_θ, Γtot, Γ_r_tt, Γ_r_rr, Γ_r_θθ]' tactic does nothing

Note: This linter can be disabled with `set_option linter.unusedTactic false`
warning: Papers/P5_GeneralRelativity/GR/Riemann.lean:7953:6: 'simpa [DifferentiableAt_θ, Γtot] using differentiableAt_Γ_r_φφ_θ M r θ' tactic does nothing

Note: This linter can be disabled with `set_option linter.unusedTactic false`
warning: Papers/P5_GeneralRelativity/GR/Riemann.lean:7954:6: 'simp [DifferentiableAt_θ, Γtot]' tactic does nothing

Note: This linter can be disabled with `set_option linter.unusedTactic false`
warning: Papers/P5_GeneralRelativity/GR/Riemann.lean:7951:6: this tactic is never executed

Note: This linter can be disabled with `set_option linter.unreachableTactic false`
warning: Papers/P5_GeneralRelativity/GR/Riemann.lean:7952:6: this tactic is never executed

Note: This linter can be disabled with `set_option linter.unreachableTactic false`
warning: Papers/P5_GeneralRelativity/GR/Riemann.lean:7953:6: this tactic is never executed

Note: This linter can be disabled with `set_option linter.unreachableTactic false`
warning: Papers/P5_GeneralRelativity/GR/Riemann.lean:7954:6: this tactic is never executed

Note: This linter can be disabled with `set_option linter.unreachableTactic false`
warning: Papers/P5_GeneralRelativity/GR/Riemann.lean:7964:4: try 'simp' instead of 'simpa'

Note: This linter can be disabled with `set_option linter.unnecessarySimpa false`
warning: Papers/P5_GeneralRelativity/GR/Riemann.lean:7978:6: try 'simp' instead of 'simpa'

Note: This linter can be disabled with `set_option linter.unnecessarySimpa false`
warning: Papers/P5_GeneralRelativity/GR/Riemann.lean:7978:6: try 'simp' instead of 'simpa'

Note: This linter can be disabled with `set_option linter.unnecessarySimpa false`
warning: Papers/P5_GeneralRelativity/GR/Riemann.lean:7978:6: try 'simp' instead of 'simpa'

Note: This linter can be disabled with `set_option linter.unnecessarySimpa false`
warning: Papers/P5_GeneralRelativity/GR/Riemann.lean:7978:6: try 'simp' instead of 'simpa'

Note: This linter can be disabled with `set_option linter.unnecessarySimpa false`
warning: Papers/P5_GeneralRelativity/GR/Riemann.lean:7978:6: try 'simp' instead of 'simpa'

Note: This linter can be disabled with `set_option linter.unnecessarySimpa false`
warning: Papers/P5_GeneralRelativity/GR/Riemann.lean:7978:6: try 'simp' instead of 'simpa'

Note: This linter can be disabled with `set_option linter.unnecessarySimpa false`
warning: Papers/P5_GeneralRelativity/GR/Riemann.lean:7978:6: try 'simp' instead of 'simpa'

Note: This linter can be disabled with `set_option linter.unnecessarySimpa false`
warning: Papers/P5_GeneralRelativity/GR/Riemann.lean:7978:6: try 'simp' instead of 'simpa'

Note: This linter can be disabled with `set_option linter.unnecessarySimpa false`
warning: Papers/P5_GeneralRelativity/GR/Riemann.lean:7978:6: try 'simp' instead of 'simpa'

Note: This linter can be disabled with `set_option linter.unnecessarySimpa false`
warning: Papers/P5_GeneralRelativity/GR/Riemann.lean:7978:6: try 'simp' instead of 'simpa'

Note: This linter can be disabled with `set_option linter.unnecessarySimpa false`
warning: Papers/P5_GeneralRelativity/GR/Riemann.lean:7978:6: try 'simp' instead of 'simpa'

Note: This linter can be disabled with `set_option linter.unnecessarySimpa false`
warning: Papers/P5_GeneralRelativity/GR/Riemann.lean:7978:6: try 'simp' instead of 'simpa'

Note: This linter can be disabled with `set_option linter.unnecessarySimpa false`
warning: Papers/P5_GeneralRelativity/GR/Riemann.lean:8111:3: unused variable `μ`

Note: This linter can be disabled with `set_option linter.unusedVariables false`
warning: Papers/P5_GeneralRelativity/GR/Riemann.lean:8112:25: unused variable `M`

Note: This linter can be disabled with `set_option linter.unusedVariables false`
warning: Papers/P5_GeneralRelativity/GR/Riemann.lean:8126:3: unused variable `μ`

Note: This linter can be disabled with `set_option linter.unusedVariables false`
warning: Papers/P5_GeneralRelativity/GR/Riemann.lean:8127:25: unused variable `M`

Note: This linter can be disabled with `set_option linter.unusedVariables false`
warning: Papers/P5_GeneralRelativity/GR/Riemann.lean:8176:6: declaration uses 'sorry'
warning: Papers/P5_GeneralRelativity/GR/Riemann.lean:8245:6: declaration uses 'sorry'
warning: Papers/P5_GeneralRelativity/GR/Riemann.lean:8277:6: declaration uses 'sorry'
warning: Papers/P5_GeneralRelativity/GR/Riemann.lean:8486:10: try 'simp' instead of 'simpa'

Note: This linter can be disabled with `set_option linter.unnecessarySimpa false`
warning: Papers/P5_GeneralRelativity/GR/Riemann.lean:8294:6: declaration uses 'sorry'
warning: Papers/P5_GeneralRelativity/GR/Riemann.lean:8489:19: This simp argument is unused:
  pair_sum

Hint: Omit it from the simp argument list.
  simp only [p̵a̵i̵r̵_̵s̵u̵m̵,̵ ̵fold_sub_right, add_comm, add_left_comm, add_assoc, sub_eq_add_neg]

Note: This linter can be disabled with `set_option linter.unusedSimpArgs false`
warning: Papers/P5_GeneralRelativity/GR/Riemann.lean:8489:29: This simp argument is unused:
  fold_sub_right

Hint: Omit it from the simp argument list.
  simp only [pair_sum, f̵o̵l̵d̵_̵s̵u̵b̵_̵r̵i̵g̵h̵t̵,̵ ̵add_comm, add_left_comm, add_assoc, sub_eq_add_neg]

Note: This linter can be disabled with `set_option linter.unusedSimpArgs false`
warning: Papers/P5_GeneralRelativity/GR/Riemann.lean:8489:55: This simp argument is unused:
  add_left_comm

Hint: Omit it from the simp argument list.
  simp only [pair_sum, fold_sub_right, add_comm, a̵d̵d̵_̵l̵e̵f̵t̵_̵c̵o̵m̵m̵,̵ ̵add_assoc, sub_eq_add_neg]

Note: This linter can be disabled with `set_option linter.unusedSimpArgs false`
warning: Papers/P5_GeneralRelativity/GR/Riemann.lean:8489:81: This simp argument is unused:
  sub_eq_add_neg

Hint: Omit it from the simp argument list.
  simp only [pair_sum, fold_sub_right, add_comm, add_left_comm, add_assoc,̵ ̵s̵u̵b̵_̵e̵q̵_̵a̵d̵d̵_̵n̵e̵g̵]

Note: This linter can be disabled with `set_option linter.unusedSimpArgs false`
warning: Papers/P5_GeneralRelativity/GR/Riemann.lean:8504:18: This simp argument is unused:
  Finset.sum_sub_distrib

Hint: Omit it from the simp argument list.
  simp [RiemannUp, sub_eq_add_neg, sumIdx, F̵i̵n̵s̵e̵t̵.̵s̵u̵m̵_̵s̵u̵b̵_̵d̵i̵s̵t̵r̵i̵b̵,̵add_comm, add_left_comm, add_assoc, mul_comm,
        mul_left_comm, mul_assoc]

Note: This linter can be disabled with `set_option linter.unusedSimpArgs false`
warning: Papers/P5_GeneralRelativity/GR/Riemann.lean:8506:10: This simp argument is unused:
  mul_comm

Hint: Omit it from the simp argument list.
  simp [RiemannUp, sub_eq_add_neg, sumIdx, Finset.sum_sub_distrib, add_comm, add_left_comm,
  ̲  ̲ ̲ ̲ ̲ ̲add_assoc, m̵u̵l̵_̵c̵o̵m̵m̵,̵ ̵mul_left_comm, mul_assoc]

Note: This linter can be disabled with `set_option linter.unusedSimpArgs false`
warning: Papers/P5_GeneralRelativity/GR/Riemann.lean:8506:20: This simp argument is unused:
  mul_left_comm

Hint: Omit it from the simp argument list.
  simp [RiemannUp, sub_eq_add_neg, sumIdx, Finset.sum_sub_distrib, add_comm, add_left_comm,
  ̲  ̲ ̲ ̲ ̲ ̲add_assoc, mul_comm, m̵u̵l̵_̵l̵e̵f̵t̵_̵c̵o̵m̵m̵,̵ ̵mul_assoc]

Note: This linter can be disabled with `set_option linter.unusedSimpArgs false`
warning: Papers/P5_GeneralRelativity/GR/Riemann.lean:8506:35: This simp argument is unused:
  mul_assoc

Hint: Omit it from the simp argument list.
  simp [RiemannUp, sub_eq_add_neg, sumIdx, Finset.sum_sub_distrib, add_comm, add_left_comm,
  ̲  ̲ ̲ ̲ ̲ ̲add_assoc, mul_comm, m̵u̵l̵_̵l̵e̵f̵t̵_̵c̵o̵m̵m̵,̵ ̵m̵u̵l̵_̵a̵s̵s̵o̵c̵]̵m̲u̲l̲_̲l̲e̲f̲t̲_̲c̲o̲m̲m̲]̲

Note: This linter can be disabled with `set_option linter.unusedSimpArgs false`
error: Lean exited with code 1
Some required targets logged failures:
- Papers.P5_GeneralRelativity.GR.Riemann
error: build failed
